Linked: (/home/super/uestc-gbplanner/devel/.private/planner_semantic_msgs/share/roseus/ros/planner_semantic_msgs/manifest.l, /home/super/uestc-gbplanner/devel/share/roseus/ros/planner_semantic_msgs/manifest.l)
Linked: (/home/super/uestc-gbplanner/devel/.private/planner_semantic_msgs/share/roseus/ros/planner_semantic_msgs/msg/SemanticClass.l, /home/super/uestc-gbplanner/devel/share/roseus/ros/planner_semantic_msgs/msg/SemanticClass.l)
Linked: (/home/super/uestc-gbplanner/devel/.private/planner_semantic_msgs/share/roseus/ros/planner_semantic_msgs/msg/SemanticPoint.l, /home/super/uestc-gbplanner/devel/share/roseus/ros/planner_semantic_msgs/msg/SemanticPoint.l)
Linked: (/home/super/uestc-gbplanner/devel/.private/planner_semantic_msgs/share/roseus/ros/planner_semantic_msgs/msg/SemanticPolygon.l, /home/super/uestc-gbplanner/devel/share/roseus/ros/planner_semantic_msgs/msg/SemanticPolygon.l)
Linked: (/home/super/uestc-gbplanner/devel/.private/planner_semantic_msgs/share/planner_semantic_msgs/cmake/planner_semantic_msgs-msg-paths.cmake, /home/super/uestc-gbplanner/devel/share/planner_semantic_msgs/cmake/planner_semantic_msgs-msg-paths.cmake)
Linked: (/home/super/uestc-gbplanner/devel/.private/planner_semantic_msgs/share/planner_semantic_msgs/cmake/planner_semantic_msgs-msg-extras.cmake, /home/super/uestc-gbplanner/devel/share/planner_semantic_msgs/cmake/planner_semantic_msgs-msg-extras.cmake)
Linked: (/home/super/uestc-gbplanner/devel/.private/planner_semantic_msgs/share/planner_semantic_msgs/cmake/planner_semantic_msgsConfig.cmake, /home/super/uestc-gbplanner/devel/share/planner_semantic_msgs/cmake/planner_semantic_msgsConfig.cmake)
Linked: (/home/super/uestc-gbplanner/devel/.private/planner_semantic_msgs/share/planner_semantic_msgs/cmake/planner_semantic_msgsConfig-version.cmake, /home/super/uestc-gbplanner/devel/share/planner_semantic_msgs/cmake/planner_semantic_msgsConfig-version.cmake)
Linked: (/home/super/uestc-gbplanner/devel/.private/planner_semantic_msgs/share/common-lisp/ros/planner_semantic_msgs/msg/planner_semantic_msgs-msg.asd, /home/super/uestc-gbplanner/devel/share/common-lisp/ros/planner_semantic_msgs/msg/planner_semantic_msgs-msg.asd)
Linked: (/home/super/uestc-gbplanner/devel/.private/planner_semantic_msgs/share/common-lisp/ros/planner_semantic_msgs/msg/_package_SemanticClass.lisp, /home/super/uestc-gbplanner/devel/share/common-lisp/ros/planner_semantic_msgs/msg/_package_SemanticClass.lisp)
Linked: (/home/super/uestc-gbplanner/devel/.private/planner_semantic_msgs/share/common-lisp/ros/planner_semantic_msgs/msg/_package_SemanticPoint.lisp, /home/super/uestc-gbplanner/devel/share/common-lisp/ros/planner_semantic_msgs/msg/_package_SemanticPoint.lisp)
Linked: (/home/super/uestc-gbplanner/devel/.private/planner_semantic_msgs/share/common-lisp/ros/planner_semantic_msgs/msg/SemanticClass.lisp, /home/super/uestc-gbplanner/devel/share/common-lisp/ros/planner_semantic_msgs/msg/SemanticClass.lisp)
Linked: (/home/super/uestc-gbplanner/devel/.private/planner_semantic_msgs/share/common-lisp/ros/planner_semantic_msgs/msg/_package.lisp, /home/super/uestc-gbplanner/devel/share/common-lisp/ros/planner_semantic_msgs/msg/_package.lisp)
Linked: (/home/super/uestc-gbplanner/devel/.private/planner_semantic_msgs/share/common-lisp/ros/planner_semantic_msgs/msg/SemanticPoint.lisp, /home/super/uestc-gbplanner/devel/share/common-lisp/ros/planner_semantic_msgs/msg/SemanticPoint.lisp)
Linked: (/home/super/uestc-gbplanner/devel/.private/planner_semantic_msgs/share/common-lisp/ros/planner_semantic_msgs/msg/_package_SemanticPolygon.lisp, /home/super/uestc-gbplanner/devel/share/common-lisp/ros/planner_semantic_msgs/msg/_package_SemanticPolygon.lisp)
Linked: (/home/super/uestc-gbplanner/devel/.private/planner_semantic_msgs/share/common-lisp/ros/planner_semantic_msgs/msg/SemanticPolygon.lisp, /home/super/uestc-gbplanner/devel/share/common-lisp/ros/planner_semantic_msgs/msg/SemanticPolygon.lisp)
Linked: (/home/super/uestc-gbplanner/devel/.private/planner_semantic_msgs/share/gennodejs/ros/planner_semantic_msgs/_index.js, /home/super/uestc-gbplanner/devel/share/gennodejs/ros/planner_semantic_msgs/_index.js)
Linked: (/home/super/uestc-gbplanner/devel/.private/planner_semantic_msgs/share/gennodejs/ros/planner_semantic_msgs/msg/_index.js, /home/super/uestc-gbplanner/devel/share/gennodejs/ros/planner_semantic_msgs/msg/_index.js)
Linked: (/home/super/uestc-gbplanner/devel/.private/planner_semantic_msgs/share/gennodejs/ros/planner_semantic_msgs/msg/SemanticPoint.js, /home/super/uestc-gbplanner/devel/share/gennodejs/ros/planner_semantic_msgs/msg/SemanticPoint.js)
Linked: (/home/super/uestc-gbplanner/devel/.private/planner_semantic_msgs/share/gennodejs/ros/planner_semantic_msgs/msg/SemanticPolygon.js, /home/super/uestc-gbplanner/devel/share/gennodejs/ros/planner_semantic_msgs/msg/SemanticPolygon.js)
Linked: (/home/super/uestc-gbplanner/devel/.private/planner_semantic_msgs/share/gennodejs/ros/planner_semantic_msgs/msg/SemanticClass.js, /home/super/uestc-gbplanner/devel/share/gennodejs/ros/planner_semantic_msgs/msg/SemanticClass.js)
Linked: (/home/super/uestc-gbplanner/devel/.private/planner_semantic_msgs/include/planner_semantic_msgs/SemanticPolygon.h, /home/super/uestc-gbplanner/devel/include/planner_semantic_msgs/SemanticPolygon.h)
Linked: (/home/super/uestc-gbplanner/devel/.private/planner_semantic_msgs/include/planner_semantic_msgs/SemanticPoint.h, /home/super/uestc-gbplanner/devel/include/planner_semantic_msgs/SemanticPoint.h)
Linked: (/home/super/uestc-gbplanner/devel/.private/planner_semantic_msgs/include/planner_semantic_msgs/SemanticClass.h, /home/super/uestc-gbplanner/devel/include/planner_semantic_msgs/SemanticClass.h)
Linked: (/home/super/uestc-gbplanner/devel/.private/planner_semantic_msgs/lib/pkgconfig/planner_semantic_msgs.pc, /home/super/uestc-gbplanner/devel/lib/pkgconfig/planner_semantic_msgs.pc)
Linked: (/home/super/uestc-gbplanner/devel/.private/planner_semantic_msgs/lib/python3/dist-packages/planner_semantic_msgs/__init__.py, /home/super/uestc-gbplanner/devel/lib/python3/dist-packages/planner_semantic_msgs/__init__.py)
Linked: (/home/super/uestc-gbplanner/devel/.private/planner_semantic_msgs/lib/python3/dist-packages/planner_semantic_msgs/msg/__init__.py, /home/super/uestc-gbplanner/devel/lib/python3/dist-packages/planner_semantic_msgs/msg/__init__.py)
Linked: (/home/super/uestc-gbplanner/devel/.private/planner_semantic_msgs/lib/python3/dist-packages/planner_semantic_msgs/msg/_SemanticPoint.py, /home/super/uestc-gbplanner/devel/lib/python3/dist-packages/planner_semantic_msgs/msg/_SemanticPoint.py)
Linked: (/home/super/uestc-gbplanner/devel/.private/planner_semantic_msgs/lib/python3/dist-packages/planner_semantic_msgs/msg/_SemanticPolygon.py, /home/super/uestc-gbplanner/devel/lib/python3/dist-packages/planner_semantic_msgs/msg/_SemanticPolygon.py)
Linked: (/home/super/uestc-gbplanner/devel/.private/planner_semantic_msgs/lib/python3/dist-packages/planner_semantic_msgs/msg/_SemanticClass.py, /home/super/uestc-gbplanner/devel/lib/python3/dist-packages/planner_semantic_msgs/msg/_SemanticClass.py)
