[  0%] Built target std_msgs_generate_messages_lisp
[  0%] Built target _planner_semantic_msgs_generate_messages_check_deps_SemanticPolygon
[  0%] Built target geometry_msgs_generate_messages_lisp
[  0%] Built target actionlib_msgs_generate_messages_lisp
[  0%] Built target actionlib_msgs_generate_messages_py
[  0%] Built target std_msgs_generate_messages_py
[  0%] Built target geometry_msgs_generate_messages_py
[  0%] Built target _planner_semantic_msgs_generate_messages_check_deps_SemanticPoint
[  0%] Built target std_msgs_generate_messages_nodejs
[  0%] Built target geometry_msgs_generate_messages_nodejs
[  0%] Built target actionlib_msgs_generate_messages_nodejs
[  0%] Built target geometry_msgs_generate_messages_cpp
[  0%] Built target std_msgs_generate_messages_cpp
[  0%] Built target actionlib_msgs_generate_messages_cpp
[  0%] Built target std_msgs_generate_messages_eus
[  0%] Built target actionlib_msgs_generate_messages_eus
[  0%] Built target _planner_semantic_msgs_generate_messages_check_deps_SemanticClass
[  0%] Built target geometry_msgs_generate_messages_eus
[ 17%] Built target planner_semantic_msgs_generate_messages_lisp
[ 41%] Built target planner_semantic_msgs_generate_messages_py
[ 58%] Built target planner_semantic_msgs_generate_messages_nodejs
[ 82%] Built target planner_semantic_msgs_generate_messages_eus
[100%] Built target planner_semantic_msgs_generate_messages_cpp
[100%] Built target planner_semantic_msgs_generate_messages
