Linked: (/home/super/uestc-gbplanner/devel/.private/mav_msgs/share/roseus/ros/mav_msgs/manifest.l, /home/super/uestc-gbplanner/devel/share/roseus/ros/mav_msgs/manifest.l)
Linked: (/home/super/uestc-gbplanner/devel/.private/mav_msgs/share/roseus/ros/mav_msgs/msg/AttitudeThrust.l, /home/super/uestc-gbplanner/devel/share/roseus/ros/mav_msgs/msg/AttitudeThrust.l)
Linked: (/home/super/uestc-gbplanner/devel/.private/mav_msgs/share/roseus/ros/mav_msgs/msg/RollPitchYawrateThrust.l, /home/super/uestc-gbplanner/devel/share/roseus/ros/mav_msgs/msg/RollPitchYawrateThrust.l)
Linked: (/home/super/uestc-gbplanner/devel/.private/mav_msgs/share/roseus/ros/mav_msgs/msg/FilteredSensorData.l, /home/super/uestc-gbplanner/devel/share/roseus/ros/mav_msgs/msg/FilteredSensorData.l)
Linked: (/home/super/uestc-gbplanner/devel/.private/mav_msgs/share/roseus/ros/mav_msgs/msg/RateThrust.l, /home/super/uestc-gbplanner/devel/share/roseus/ros/mav_msgs/msg/RateThrust.l)
Linked: (/home/super/uestc-gbplanner/devel/.private/mav_msgs/share/roseus/ros/mav_msgs/msg/Status.l, /home/super/uestc-gbplanner/devel/share/roseus/ros/mav_msgs/msg/Status.l)
Linked: (/home/super/uestc-gbplanner/devel/.private/mav_msgs/share/roseus/ros/mav_msgs/msg/GpsWaypoint.l, /home/super/uestc-gbplanner/devel/share/roseus/ros/mav_msgs/msg/GpsWaypoint.l)
Linked: (/home/super/uestc-gbplanner/devel/.private/mav_msgs/share/roseus/ros/mav_msgs/msg/Actuators.l, /home/super/uestc-gbplanner/devel/share/roseus/ros/mav_msgs/msg/Actuators.l)
Linked: (/home/super/uestc-gbplanner/devel/.private/mav_msgs/share/roseus/ros/mav_msgs/msg/TorqueThrust.l, /home/super/uestc-gbplanner/devel/share/roseus/ros/mav_msgs/msg/TorqueThrust.l)
Linked: (/home/super/uestc-gbplanner/devel/.private/mav_msgs/share/common-lisp/ros/mav_msgs/msg/RateThrust.lisp, /home/super/uestc-gbplanner/devel/share/common-lisp/ros/mav_msgs/msg/RateThrust.lisp)
Linked: (/home/super/uestc-gbplanner/devel/.private/mav_msgs/share/common-lisp/ros/mav_msgs/msg/_package_RollPitchYawrateThrust.lisp, /home/super/uestc-gbplanner/devel/share/common-lisp/ros/mav_msgs/msg/_package_RollPitchYawrateThrust.lisp)
Linked: (/home/super/uestc-gbplanner/devel/.private/mav_msgs/share/common-lisp/ros/mav_msgs/msg/GpsWaypoint.lisp, /home/super/uestc-gbplanner/devel/share/common-lisp/ros/mav_msgs/msg/GpsWaypoint.lisp)
Linked: (/home/super/uestc-gbplanner/devel/.private/mav_msgs/share/common-lisp/ros/mav_msgs/msg/_package_GpsWaypoint.lisp, /home/super/uestc-gbplanner/devel/share/common-lisp/ros/mav_msgs/msg/_package_GpsWaypoint.lisp)
Linked: (/home/super/uestc-gbplanner/devel/.private/mav_msgs/share/common-lisp/ros/mav_msgs/msg/Status.lisp, /home/super/uestc-gbplanner/devel/share/common-lisp/ros/mav_msgs/msg/Status.lisp)
Linked: (/home/super/uestc-gbplanner/devel/.private/mav_msgs/share/common-lisp/ros/mav_msgs/msg/mav_msgs-msg.asd, /home/super/uestc-gbplanner/devel/share/common-lisp/ros/mav_msgs/msg/mav_msgs-msg.asd)
Linked: (/home/super/uestc-gbplanner/devel/.private/mav_msgs/share/common-lisp/ros/mav_msgs/msg/TorqueThrust.lisp, /home/super/uestc-gbplanner/devel/share/common-lisp/ros/mav_msgs/msg/TorqueThrust.lisp)
Linked: (/home/super/uestc-gbplanner/devel/.private/mav_msgs/share/common-lisp/ros/mav_msgs/msg/RollPitchYawrateThrust.lisp, /home/super/uestc-gbplanner/devel/share/common-lisp/ros/mav_msgs/msg/RollPitchYawrateThrust.lisp)
Linked: (/home/super/uestc-gbplanner/devel/.private/mav_msgs/share/common-lisp/ros/mav_msgs/msg/_package_AttitudeThrust.lisp, /home/super/uestc-gbplanner/devel/share/common-lisp/ros/mav_msgs/msg/_package_AttitudeThrust.lisp)
Linked: (/home/super/uestc-gbplanner/devel/.private/mav_msgs/share/common-lisp/ros/mav_msgs/msg/Actuators.lisp, /home/super/uestc-gbplanner/devel/share/common-lisp/ros/mav_msgs/msg/Actuators.lisp)
Linked: (/home/super/uestc-gbplanner/devel/.private/mav_msgs/share/common-lisp/ros/mav_msgs/msg/_package_TorqueThrust.lisp, /home/super/uestc-gbplanner/devel/share/common-lisp/ros/mav_msgs/msg/_package_TorqueThrust.lisp)
Linked: (/home/super/uestc-gbplanner/devel/.private/mav_msgs/share/common-lisp/ros/mav_msgs/msg/_package_Actuators.lisp, /home/super/uestc-gbplanner/devel/share/common-lisp/ros/mav_msgs/msg/_package_Actuators.lisp)
Linked: (/home/super/uestc-gbplanner/devel/.private/mav_msgs/share/common-lisp/ros/mav_msgs/msg/FilteredSensorData.lisp, /home/super/uestc-gbplanner/devel/share/common-lisp/ros/mav_msgs/msg/FilteredSensorData.lisp)
Linked: (/home/super/uestc-gbplanner/devel/.private/mav_msgs/share/common-lisp/ros/mav_msgs/msg/_package.lisp, /home/super/uestc-gbplanner/devel/share/common-lisp/ros/mav_msgs/msg/_package.lisp)
Linked: (/home/super/uestc-gbplanner/devel/.private/mav_msgs/share/common-lisp/ros/mav_msgs/msg/_package_FilteredSensorData.lisp, /home/super/uestc-gbplanner/devel/share/common-lisp/ros/mav_msgs/msg/_package_FilteredSensorData.lisp)
Linked: (/home/super/uestc-gbplanner/devel/.private/mav_msgs/share/common-lisp/ros/mav_msgs/msg/_package_RateThrust.lisp, /home/super/uestc-gbplanner/devel/share/common-lisp/ros/mav_msgs/msg/_package_RateThrust.lisp)
Linked: (/home/super/uestc-gbplanner/devel/.private/mav_msgs/share/common-lisp/ros/mav_msgs/msg/_package_Status.lisp, /home/super/uestc-gbplanner/devel/share/common-lisp/ros/mav_msgs/msg/_package_Status.lisp)
Linked: (/home/super/uestc-gbplanner/devel/.private/mav_msgs/share/common-lisp/ros/mav_msgs/msg/AttitudeThrust.lisp, /home/super/uestc-gbplanner/devel/share/common-lisp/ros/mav_msgs/msg/AttitudeThrust.lisp)
Linked: (/home/super/uestc-gbplanner/devel/.private/mav_msgs/share/gennodejs/ros/mav_msgs/_index.js, /home/super/uestc-gbplanner/devel/share/gennodejs/ros/mav_msgs/_index.js)
Linked: (/home/super/uestc-gbplanner/devel/.private/mav_msgs/share/gennodejs/ros/mav_msgs/msg/Actuators.js, /home/super/uestc-gbplanner/devel/share/gennodejs/ros/mav_msgs/msg/Actuators.js)
Linked: (/home/super/uestc-gbplanner/devel/.private/mav_msgs/share/gennodejs/ros/mav_msgs/msg/AttitudeThrust.js, /home/super/uestc-gbplanner/devel/share/gennodejs/ros/mav_msgs/msg/AttitudeThrust.js)
Linked: (/home/super/uestc-gbplanner/devel/.private/mav_msgs/share/gennodejs/ros/mav_msgs/msg/_index.js, /home/super/uestc-gbplanner/devel/share/gennodejs/ros/mav_msgs/msg/_index.js)
Linked: (/home/super/uestc-gbplanner/devel/.private/mav_msgs/share/gennodejs/ros/mav_msgs/msg/TorqueThrust.js, /home/super/uestc-gbplanner/devel/share/gennodejs/ros/mav_msgs/msg/TorqueThrust.js)
Linked: (/home/super/uestc-gbplanner/devel/.private/mav_msgs/share/gennodejs/ros/mav_msgs/msg/RollPitchYawrateThrust.js, /home/super/uestc-gbplanner/devel/share/gennodejs/ros/mav_msgs/msg/RollPitchYawrateThrust.js)
Linked: (/home/super/uestc-gbplanner/devel/.private/mav_msgs/share/gennodejs/ros/mav_msgs/msg/RateThrust.js, /home/super/uestc-gbplanner/devel/share/gennodejs/ros/mav_msgs/msg/RateThrust.js)
Linked: (/home/super/uestc-gbplanner/devel/.private/mav_msgs/share/gennodejs/ros/mav_msgs/msg/FilteredSensorData.js, /home/super/uestc-gbplanner/devel/share/gennodejs/ros/mav_msgs/msg/FilteredSensorData.js)
Linked: (/home/super/uestc-gbplanner/devel/.private/mav_msgs/share/gennodejs/ros/mav_msgs/msg/GpsWaypoint.js, /home/super/uestc-gbplanner/devel/share/gennodejs/ros/mav_msgs/msg/GpsWaypoint.js)
Linked: (/home/super/uestc-gbplanner/devel/.private/mav_msgs/share/gennodejs/ros/mav_msgs/msg/Status.js, /home/super/uestc-gbplanner/devel/share/gennodejs/ros/mav_msgs/msg/Status.js)
Linked: (/home/super/uestc-gbplanner/devel/.private/mav_msgs/share/mav_msgs/cmake/mav_msgs-msg-paths.cmake, /home/super/uestc-gbplanner/devel/share/mav_msgs/cmake/mav_msgs-msg-paths.cmake)
Linked: (/home/super/uestc-gbplanner/devel/.private/mav_msgs/share/mav_msgs/cmake/mav_msgsConfig.cmake, /home/super/uestc-gbplanner/devel/share/mav_msgs/cmake/mav_msgsConfig.cmake)
Linked: (/home/super/uestc-gbplanner/devel/.private/mav_msgs/share/mav_msgs/cmake/mav_msgs-msg-extras.cmake, /home/super/uestc-gbplanner/devel/share/mav_msgs/cmake/mav_msgs-msg-extras.cmake)
Linked: (/home/super/uestc-gbplanner/devel/.private/mav_msgs/share/mav_msgs/cmake/mav_msgsConfig-version.cmake, /home/super/uestc-gbplanner/devel/share/mav_msgs/cmake/mav_msgsConfig-version.cmake)
Linked: (/home/super/uestc-gbplanner/devel/.private/mav_msgs/include/mav_msgs/Status.h, /home/super/uestc-gbplanner/devel/include/mav_msgs/Status.h)
Linked: (/home/super/uestc-gbplanner/devel/.private/mav_msgs/include/mav_msgs/RateThrust.h, /home/super/uestc-gbplanner/devel/include/mav_msgs/RateThrust.h)
Linked: (/home/super/uestc-gbplanner/devel/.private/mav_msgs/include/mav_msgs/Actuators.h, /home/super/uestc-gbplanner/devel/include/mav_msgs/Actuators.h)
Linked: (/home/super/uestc-gbplanner/devel/.private/mav_msgs/include/mav_msgs/TorqueThrust.h, /home/super/uestc-gbplanner/devel/include/mav_msgs/TorqueThrust.h)
Linked: (/home/super/uestc-gbplanner/devel/.private/mav_msgs/include/mav_msgs/FilteredSensorData.h, /home/super/uestc-gbplanner/devel/include/mav_msgs/FilteredSensorData.h)
Linked: (/home/super/uestc-gbplanner/devel/.private/mav_msgs/include/mav_msgs/RollPitchYawrateThrust.h, /home/super/uestc-gbplanner/devel/include/mav_msgs/RollPitchYawrateThrust.h)
Linked: (/home/super/uestc-gbplanner/devel/.private/mav_msgs/include/mav_msgs/GpsWaypoint.h, /home/super/uestc-gbplanner/devel/include/mav_msgs/GpsWaypoint.h)
Linked: (/home/super/uestc-gbplanner/devel/.private/mav_msgs/include/mav_msgs/AttitudeThrust.h, /home/super/uestc-gbplanner/devel/include/mav_msgs/AttitudeThrust.h)
Linked: (/home/super/uestc-gbplanner/devel/.private/mav_msgs/lib/pkgconfig/mav_msgs.pc, /home/super/uestc-gbplanner/devel/lib/pkgconfig/mav_msgs.pc)
Linked: (/home/super/uestc-gbplanner/devel/.private/mav_msgs/lib/python3/dist-packages/mav_msgs/__init__.py, /home/super/uestc-gbplanner/devel/lib/python3/dist-packages/mav_msgs/__init__.py)
Linked: (/home/super/uestc-gbplanner/devel/.private/mav_msgs/lib/python3/dist-packages/mav_msgs/msg/_TorqueThrust.py, /home/super/uestc-gbplanner/devel/lib/python3/dist-packages/mav_msgs/msg/_TorqueThrust.py)
Linked: (/home/super/uestc-gbplanner/devel/.private/mav_msgs/lib/python3/dist-packages/mav_msgs/msg/_FilteredSensorData.py, /home/super/uestc-gbplanner/devel/lib/python3/dist-packages/mav_msgs/msg/_FilteredSensorData.py)
Linked: (/home/super/uestc-gbplanner/devel/.private/mav_msgs/lib/python3/dist-packages/mav_msgs/msg/_AttitudeThrust.py, /home/super/uestc-gbplanner/devel/lib/python3/dist-packages/mav_msgs/msg/_AttitudeThrust.py)
Linked: (/home/super/uestc-gbplanner/devel/.private/mav_msgs/lib/python3/dist-packages/mav_msgs/msg/__init__.py, /home/super/uestc-gbplanner/devel/lib/python3/dist-packages/mav_msgs/msg/__init__.py)
Linked: (/home/super/uestc-gbplanner/devel/.private/mav_msgs/lib/python3/dist-packages/mav_msgs/msg/_RateThrust.py, /home/super/uestc-gbplanner/devel/lib/python3/dist-packages/mav_msgs/msg/_RateThrust.py)
Linked: (/home/super/uestc-gbplanner/devel/.private/mav_msgs/lib/python3/dist-packages/mav_msgs/msg/_GpsWaypoint.py, /home/super/uestc-gbplanner/devel/lib/python3/dist-packages/mav_msgs/msg/_GpsWaypoint.py)
Linked: (/home/super/uestc-gbplanner/devel/.private/mav_msgs/lib/python3/dist-packages/mav_msgs/msg/_Actuators.py, /home/super/uestc-gbplanner/devel/lib/python3/dist-packages/mav_msgs/msg/_Actuators.py)
Linked: (/home/super/uestc-gbplanner/devel/.private/mav_msgs/lib/python3/dist-packages/mav_msgs/msg/_RollPitchYawrateThrust.py, /home/super/uestc-gbplanner/devel/lib/python3/dist-packages/mav_msgs/msg/_RollPitchYawrateThrust.py)
Linked: (/home/super/uestc-gbplanner/devel/.private/mav_msgs/lib/python3/dist-packages/mav_msgs/msg/_Status.py, /home/super/uestc-gbplanner/devel/lib/python3/dist-packages/mav_msgs/msg/_Status.py)
