Linked: (/home/super/uestc-gbplanner/devel/.private/planner_msgs/share/planner_msgs/msg/pathFollowerActionAction.msg, /home/super/uestc-gbplanner/devel/share/planner_msgs/msg/pathFollowerActionAction.msg)
Linked: (/home/super/uestc-gbplanner/devel/.private/planner_msgs/share/planner_msgs/msg/pathFollowerActionActionFeedback.msg, /home/super/uestc-gbplanner/devel/share/planner_msgs/msg/pathFollowerActionActionFeedback.msg)
Linked: (/home/super/uestc-gbplanner/devel/.private/planner_msgs/share/planner_msgs/msg/pathFollowerActionActionGoal.msg, /home/super/uestc-gbplanner/devel/share/planner_msgs/msg/pathFollowerActionActionGoal.msg)
Linked: (/home/super/uestc-gbplanner/devel/.private/planner_msgs/share/planner_msgs/msg/pathFollowerActionFeedback.msg, /home/super/uestc-gbplanner/devel/share/planner_msgs/msg/pathFollowerActionFeedback.msg)
Linked: (/home/super/uestc-gbplanner/devel/.private/planner_msgs/share/planner_msgs/msg/pathFollowerActionActionResult.msg, /home/super/uestc-gbplanner/devel/share/planner_msgs/msg/pathFollowerActionActionResult.msg)
Linked: (/home/super/uestc-gbplanner/devel/.private/planner_msgs/share/planner_msgs/msg/pathFollowerActionResult.msg, /home/super/uestc-gbplanner/devel/share/planner_msgs/msg/pathFollowerActionResult.msg)
Linked: (/home/super/uestc-gbplanner/devel/.private/planner_msgs/share/planner_msgs/msg/pathFollowerActionGoal.msg, /home/super/uestc-gbplanner/devel/share/planner_msgs/msg/pathFollowerActionGoal.msg)
Linked: (/home/super/uestc-gbplanner/devel/.private/planner_msgs/share/planner_msgs/cmake/planner_msgs-msg-paths.cmake, /home/super/uestc-gbplanner/devel/share/planner_msgs/cmake/planner_msgs-msg-paths.cmake)
Linked: (/home/super/uestc-gbplanner/devel/.private/planner_msgs/share/planner_msgs/cmake/planner_msgsConfig.cmake, /home/super/uestc-gbplanner/devel/share/planner_msgs/cmake/planner_msgsConfig.cmake)
Linked: (/home/super/uestc-gbplanner/devel/.private/planner_msgs/share/planner_msgs/cmake/planner_msgsConfig-version.cmake, /home/super/uestc-gbplanner/devel/share/planner_msgs/cmake/planner_msgsConfig-version.cmake)
Linked: (/home/super/uestc-gbplanner/devel/.private/planner_msgs/share/planner_msgs/cmake/planner_msgs-msg-extras.cmake, /home/super/uestc-gbplanner/devel/share/planner_msgs/cmake/planner_msgs-msg-extras.cmake)
Linked: (/home/super/uestc-gbplanner/devel/.private/planner_msgs/share/roseus/ros/planner_msgs/manifest.l, /home/super/uestc-gbplanner/devel/share/roseus/ros/planner_msgs/manifest.l)
Linked: (/home/super/uestc-gbplanner/devel/.private/planner_msgs/share/roseus/ros/planner_msgs/srv/pci_set_homing_pos.l, /home/super/uestc-gbplanner/devel/share/roseus/ros/planner_msgs/srv/pci_set_homing_pos.l)
Linked: (/home/super/uestc-gbplanner/devel/.private/planner_msgs/share/roseus/ros/planner_msgs/srv/pci_global.l, /home/super/uestc-gbplanner/devel/share/roseus/ros/planner_msgs/srv/pci_global.l)
Linked: (/home/super/uestc-gbplanner/devel/.private/planner_msgs/share/roseus/ros/planner_msgs/srv/planner_set_planning_mode.l, /home/super/uestc-gbplanner/devel/share/roseus/ros/planner_msgs/srv/planner_set_planning_mode.l)
Linked: (/home/super/uestc-gbplanner/devel/.private/planner_msgs/share/roseus/ros/planner_msgs/srv/planner_set_vel.l, /home/super/uestc-gbplanner/devel/share/roseus/ros/planner_msgs/srv/planner_set_vel.l)
Linked: (/home/super/uestc-gbplanner/devel/.private/planner_msgs/share/roseus/ros/planner_msgs/srv/planner_dynamic_global_bound.l, /home/super/uestc-gbplanner/devel/share/roseus/ros/planner_msgs/srv/planner_dynamic_global_bound.l)
Linked: (/home/super/uestc-gbplanner/devel/.private/planner_msgs/share/roseus/ros/planner_msgs/srv/planner_search.l, /home/super/uestc-gbplanner/devel/share/roseus/ros/planner_msgs/srv/planner_search.l)
Linked: (/home/super/uestc-gbplanner/devel/.private/planner_msgs/share/roseus/ros/planner_msgs/srv/planner_homing.l, /home/super/uestc-gbplanner/devel/share/roseus/ros/planner_msgs/srv/planner_homing.l)
Linked: (/home/super/uestc-gbplanner/devel/.private/planner_msgs/share/roseus/ros/planner_msgs/srv/pci_homing_trigger.l, /home/super/uestc-gbplanner/devel/share/roseus/ros/planner_msgs/srv/pci_homing_trigger.l)
Linked: (/home/super/uestc-gbplanner/devel/.private/planner_msgs/share/roseus/ros/planner_msgs/srv/planner_set_global_bound.l, /home/super/uestc-gbplanner/devel/share/roseus/ros/planner_msgs/srv/planner_set_global_bound.l)
Linked: (/home/super/uestc-gbplanner/devel/.private/planner_msgs/share/roseus/ros/planner_msgs/srv/pci_trigger.l, /home/super/uestc-gbplanner/devel/share/roseus/ros/planner_msgs/srv/pci_trigger.l)
Linked: (/home/super/uestc-gbplanner/devel/.private/planner_msgs/share/roseus/ros/planner_msgs/srv/pci_search.l, /home/super/uestc-gbplanner/devel/share/roseus/ros/planner_msgs/srv/pci_search.l)
Linked: (/home/super/uestc-gbplanner/devel/.private/planner_msgs/share/roseus/ros/planner_msgs/srv/planner_geofence.l, /home/super/uestc-gbplanner/devel/share/roseus/ros/planner_msgs/srv/planner_geofence.l)
Linked: (/home/super/uestc-gbplanner/devel/.private/planner_msgs/share/roseus/ros/planner_msgs/srv/planner_set_search_mode.l, /home/super/uestc-gbplanner/devel/share/roseus/ros/planner_msgs/srv/planner_set_search_mode.l)
Linked: (/home/super/uestc-gbplanner/devel/.private/planner_msgs/share/roseus/ros/planner_msgs/srv/pci_initialization.l, /home/super/uestc-gbplanner/devel/share/roseus/ros/planner_msgs/srv/pci_initialization.l)
Linked: (/home/super/uestc-gbplanner/devel/.private/planner_msgs/share/roseus/ros/planner_msgs/srv/planner_request_path.l, /home/super/uestc-gbplanner/devel/share/roseus/ros/planner_msgs/srv/planner_request_path.l)
Linked: (/home/super/uestc-gbplanner/devel/.private/planner_msgs/share/roseus/ros/planner_msgs/srv/planner_global.l, /home/super/uestc-gbplanner/devel/share/roseus/ros/planner_msgs/srv/planner_global.l)
Linked: (/home/super/uestc-gbplanner/devel/.private/planner_msgs/share/roseus/ros/planner_msgs/srv/pci_to_waypoint.l, /home/super/uestc-gbplanner/devel/share/roseus/ros/planner_msgs/srv/pci_to_waypoint.l)
Linked: (/home/super/uestc-gbplanner/devel/.private/planner_msgs/share/roseus/ros/planner_msgs/srv/planner_srv.l, /home/super/uestc-gbplanner/devel/share/roseus/ros/planner_msgs/srv/planner_srv.l)
Linked: (/home/super/uestc-gbplanner/devel/.private/planner_msgs/share/roseus/ros/planner_msgs/srv/pci_geofence.l, /home/super/uestc-gbplanner/devel/share/roseus/ros/planner_msgs/srv/pci_geofence.l)
Linked: (/home/super/uestc-gbplanner/devel/.private/planner_msgs/share/roseus/ros/planner_msgs/srv/planner_string_trigger.l, /home/super/uestc-gbplanner/devel/share/roseus/ros/planner_msgs/srv/planner_string_trigger.l)
Linked: (/home/super/uestc-gbplanner/devel/.private/planner_msgs/share/roseus/ros/planner_msgs/srv/planner_go_to_waypoint.l, /home/super/uestc-gbplanner/devel/share/roseus/ros/planner_msgs/srv/planner_go_to_waypoint.l)
Linked: (/home/super/uestc-gbplanner/devel/.private/planner_msgs/share/roseus/ros/planner_msgs/srv/planner_set_homing_pos.l, /home/super/uestc-gbplanner/devel/share/roseus/ros/planner_msgs/srv/planner_set_homing_pos.l)
Linked: (/home/super/uestc-gbplanner/devel/.private/planner_msgs/share/roseus/ros/planner_msgs/srv/planner_set_exp_mode.l, /home/super/uestc-gbplanner/devel/share/roseus/ros/planner_msgs/srv/planner_set_exp_mode.l)
Linked: (/home/super/uestc-gbplanner/devel/.private/planner_msgs/share/roseus/ros/planner_msgs/srv/pci_stop.l, /home/super/uestc-gbplanner/devel/share/roseus/ros/planner_msgs/srv/pci_stop.l)
Linked: (/home/super/uestc-gbplanner/devel/.private/planner_msgs/share/roseus/ros/planner_msgs/msg/PlannerStatus.l, /home/super/uestc-gbplanner/devel/share/roseus/ros/planner_msgs/msg/PlannerStatus.l)
Linked: (/home/super/uestc-gbplanner/devel/.private/planner_msgs/share/roseus/ros/planner_msgs/msg/pathFollowerActionActionGoal.l, /home/super/uestc-gbplanner/devel/share/roseus/ros/planner_msgs/msg/pathFollowerActionActionGoal.l)
Linked: (/home/super/uestc-gbplanner/devel/.private/planner_msgs/share/roseus/ros/planner_msgs/msg/pathFollowerActionGoal.l, /home/super/uestc-gbplanner/devel/share/roseus/ros/planner_msgs/msg/pathFollowerActionGoal.l)
Linked: (/home/super/uestc-gbplanner/devel/.private/planner_msgs/share/roseus/ros/planner_msgs/msg/pathFollowerActionActionFeedback.l, /home/super/uestc-gbplanner/devel/share/roseus/ros/planner_msgs/msg/pathFollowerActionActionFeedback.l)
Linked: (/home/super/uestc-gbplanner/devel/.private/planner_msgs/share/roseus/ros/planner_msgs/msg/pathFollowerActionFeedback.l, /home/super/uestc-gbplanner/devel/share/roseus/ros/planner_msgs/msg/pathFollowerActionFeedback.l)
Linked: (/home/super/uestc-gbplanner/devel/.private/planner_msgs/share/roseus/ros/planner_msgs/msg/ExecutionPathMode.l, /home/super/uestc-gbplanner/devel/share/roseus/ros/planner_msgs/msg/ExecutionPathMode.l)
Linked: (/home/super/uestc-gbplanner/devel/.private/planner_msgs/share/roseus/ros/planner_msgs/msg/pathFollowerActionActionResult.l, /home/super/uestc-gbplanner/devel/share/roseus/ros/planner_msgs/msg/pathFollowerActionActionResult.l)
Linked: (/home/super/uestc-gbplanner/devel/.private/planner_msgs/share/roseus/ros/planner_msgs/msg/RobotStatus.l, /home/super/uestc-gbplanner/devel/share/roseus/ros/planner_msgs/msg/RobotStatus.l)
Linked: (/home/super/uestc-gbplanner/devel/.private/planner_msgs/share/roseus/ros/planner_msgs/msg/Vertex.l, /home/super/uestc-gbplanner/devel/share/roseus/ros/planner_msgs/msg/Vertex.l)
Linked: (/home/super/uestc-gbplanner/devel/.private/planner_msgs/share/roseus/ros/planner_msgs/msg/PlanningMode.l, /home/super/uestc-gbplanner/devel/share/roseus/ros/planner_msgs/msg/PlanningMode.l)
Linked: (/home/super/uestc-gbplanner/devel/.private/planner_msgs/share/roseus/ros/planner_msgs/msg/TriggerMode.l, /home/super/uestc-gbplanner/devel/share/roseus/ros/planner_msgs/msg/TriggerMode.l)
Linked: (/home/super/uestc-gbplanner/devel/.private/planner_msgs/share/roseus/ros/planner_msgs/msg/RectangleShape.l, /home/super/uestc-gbplanner/devel/share/roseus/ros/planner_msgs/msg/RectangleShape.l)
Linked: (/home/super/uestc-gbplanner/devel/.private/planner_msgs/share/roseus/ros/planner_msgs/msg/BehaviourPlannerLogger.l, /home/super/uestc-gbplanner/devel/share/roseus/ros/planner_msgs/msg/BehaviourPlannerLogger.l)
Linked: (/home/super/uestc-gbplanner/devel/.private/planner_msgs/share/roseus/ros/planner_msgs/msg/BoundMode.l, /home/super/uestc-gbplanner/devel/share/roseus/ros/planner_msgs/msg/BoundMode.l)
Linked: (/home/super/uestc-gbplanner/devel/.private/planner_msgs/share/roseus/ros/planner_msgs/msg/CoveragePlannerLogger.l, /home/super/uestc-gbplanner/devel/share/roseus/ros/planner_msgs/msg/CoveragePlannerLogger.l)
Linked: (/home/super/uestc-gbplanner/devel/.private/planner_msgs/share/roseus/ros/planner_msgs/msg/Edge.l, /home/super/uestc-gbplanner/devel/share/roseus/ros/planner_msgs/msg/Edge.l)
Linked: (/home/super/uestc-gbplanner/devel/.private/planner_msgs/share/roseus/ros/planner_msgs/msg/Graph.l, /home/super/uestc-gbplanner/devel/share/roseus/ros/planner_msgs/msg/Graph.l)
Linked: (/home/super/uestc-gbplanner/devel/.private/planner_msgs/share/roseus/ros/planner_msgs/msg/pathFollowerActionAction.l, /home/super/uestc-gbplanner/devel/share/roseus/ros/planner_msgs/msg/pathFollowerActionAction.l)
Linked: (/home/super/uestc-gbplanner/devel/.private/planner_msgs/share/roseus/ros/planner_msgs/msg/pathFollowerActionResult.l, /home/super/uestc-gbplanner/devel/share/roseus/ros/planner_msgs/msg/pathFollowerActionResult.l)
Linked: (/home/super/uestc-gbplanner/devel/.private/planner_msgs/share/roseus/ros/planner_msgs/msg/PlanningBound.l, /home/super/uestc-gbplanner/devel/share/roseus/ros/planner_msgs/msg/PlanningBound.l)
Linked: (/home/super/uestc-gbplanner/devel/.private/planner_msgs/share/common-lisp/ros/planner_msgs/srv/_package_planner_dynamic_global_bound.lisp, /home/super/uestc-gbplanner/devel/share/common-lisp/ros/planner_msgs/srv/_package_planner_dynamic_global_bound.lisp)
Linked: (/home/super/uestc-gbplanner/devel/.private/planner_msgs/share/common-lisp/ros/planner_msgs/srv/_package_planner_request_path.lisp, /home/super/uestc-gbplanner/devel/share/common-lisp/ros/planner_msgs/srv/_package_planner_request_path.lisp)
Linked: (/home/super/uestc-gbplanner/devel/.private/planner_msgs/share/common-lisp/ros/planner_msgs/srv/_package_pci_stop.lisp, /home/super/uestc-gbplanner/devel/share/common-lisp/ros/planner_msgs/srv/_package_pci_stop.lisp)
Linked: (/home/super/uestc-gbplanner/devel/.private/planner_msgs/share/common-lisp/ros/planner_msgs/srv/_package_pci_to_waypoint.lisp, /home/super/uestc-gbplanner/devel/share/common-lisp/ros/planner_msgs/srv/_package_pci_to_waypoint.lisp)
Linked: (/home/super/uestc-gbplanner/devel/.private/planner_msgs/share/common-lisp/ros/planner_msgs/srv/_package_planner_global.lisp, /home/super/uestc-gbplanner/devel/share/common-lisp/ros/planner_msgs/srv/_package_planner_global.lisp)
Linked: (/home/super/uestc-gbplanner/devel/.private/planner_msgs/share/common-lisp/ros/planner_msgs/srv/_package_pci_set_homing_pos.lisp, /home/super/uestc-gbplanner/devel/share/common-lisp/ros/planner_msgs/srv/_package_pci_set_homing_pos.lisp)
Linked: (/home/super/uestc-gbplanner/devel/.private/planner_msgs/share/common-lisp/ros/planner_msgs/srv/_package_pci_homing_trigger.lisp, /home/super/uestc-gbplanner/devel/share/common-lisp/ros/planner_msgs/srv/_package_pci_homing_trigger.lisp)
Linked: (/home/super/uestc-gbplanner/devel/.private/planner_msgs/share/common-lisp/ros/planner_msgs/srv/planner_geofence.lisp, /home/super/uestc-gbplanner/devel/share/common-lisp/ros/planner_msgs/srv/planner_geofence.lisp)
Linked: (/home/super/uestc-gbplanner/devel/.private/planner_msgs/share/common-lisp/ros/planner_msgs/srv/_package_pci_search.lisp, /home/super/uestc-gbplanner/devel/share/common-lisp/ros/planner_msgs/srv/_package_pci_search.lisp)
Linked: (/home/super/uestc-gbplanner/devel/.private/planner_msgs/share/common-lisp/ros/planner_msgs/srv/_package_planner_set_vel.lisp, /home/super/uestc-gbplanner/devel/share/common-lisp/ros/planner_msgs/srv/_package_planner_set_vel.lisp)
Linked: (/home/super/uestc-gbplanner/devel/.private/planner_msgs/share/common-lisp/ros/planner_msgs/srv/_package_planner_set_global_bound.lisp, /home/super/uestc-gbplanner/devel/share/common-lisp/ros/planner_msgs/srv/_package_planner_set_global_bound.lisp)
Linked: (/home/super/uestc-gbplanner/devel/.private/planner_msgs/share/common-lisp/ros/planner_msgs/srv/_package_pci_initialization.lisp, /home/super/uestc-gbplanner/devel/share/common-lisp/ros/planner_msgs/srv/_package_pci_initialization.lisp)
Linked: (/home/super/uestc-gbplanner/devel/.private/planner_msgs/share/common-lisp/ros/planner_msgs/srv/pci_global.lisp, /home/super/uestc-gbplanner/devel/share/common-lisp/ros/planner_msgs/srv/pci_global.lisp)
Linked: (/home/super/uestc-gbplanner/devel/.private/planner_msgs/share/common-lisp/ros/planner_msgs/srv/planner_set_homing_pos.lisp, /home/super/uestc-gbplanner/devel/share/common-lisp/ros/planner_msgs/srv/planner_set_homing_pos.lisp)
Linked: (/home/super/uestc-gbplanner/devel/.private/planner_msgs/share/common-lisp/ros/planner_msgs/srv/planner_search.lisp, /home/super/uestc-gbplanner/devel/share/common-lisp/ros/planner_msgs/srv/planner_search.lisp)
Linked: (/home/super/uestc-gbplanner/devel/.private/planner_msgs/share/common-lisp/ros/planner_msgs/srv/pci_to_waypoint.lisp, /home/super/uestc-gbplanner/devel/share/common-lisp/ros/planner_msgs/srv/pci_to_waypoint.lisp)
Linked: (/home/super/uestc-gbplanner/devel/.private/planner_msgs/share/common-lisp/ros/planner_msgs/srv/pci_geofence.lisp, /home/super/uestc-gbplanner/devel/share/common-lisp/ros/planner_msgs/srv/pci_geofence.lisp)
Linked: (/home/super/uestc-gbplanner/devel/.private/planner_msgs/share/common-lisp/ros/planner_msgs/srv/planner_set_exp_mode.lisp, /home/super/uestc-gbplanner/devel/share/common-lisp/ros/planner_msgs/srv/planner_set_exp_mode.lisp)
Linked: (/home/super/uestc-gbplanner/devel/.private/planner_msgs/share/common-lisp/ros/planner_msgs/srv/_package_planner_search.lisp, /home/super/uestc-gbplanner/devel/share/common-lisp/ros/planner_msgs/srv/_package_planner_search.lisp)
Linked: (/home/super/uestc-gbplanner/devel/.private/planner_msgs/share/common-lisp/ros/planner_msgs/srv/pci_set_homing_pos.lisp, /home/super/uestc-gbplanner/devel/share/common-lisp/ros/planner_msgs/srv/pci_set_homing_pos.lisp)
Linked: (/home/super/uestc-gbplanner/devel/.private/planner_msgs/share/common-lisp/ros/planner_msgs/srv/_package_planner_geofence.lisp, /home/super/uestc-gbplanner/devel/share/common-lisp/ros/planner_msgs/srv/_package_planner_geofence.lisp)
Linked: (/home/super/uestc-gbplanner/devel/.private/planner_msgs/share/common-lisp/ros/planner_msgs/srv/_package_planner_set_planning_mode.lisp, /home/super/uestc-gbplanner/devel/share/common-lisp/ros/planner_msgs/srv/_package_planner_set_planning_mode.lisp)
Linked: (/home/super/uestc-gbplanner/devel/.private/planner_msgs/share/common-lisp/ros/planner_msgs/srv/planner_set_planning_mode.lisp, /home/super/uestc-gbplanner/devel/share/common-lisp/ros/planner_msgs/srv/planner_set_planning_mode.lisp)
Linked: (/home/super/uestc-gbplanner/devel/.private/planner_msgs/share/common-lisp/ros/planner_msgs/srv/planner_set_vel.lisp, /home/super/uestc-gbplanner/devel/share/common-lisp/ros/planner_msgs/srv/planner_set_vel.lisp)
Linked: (/home/super/uestc-gbplanner/devel/.private/planner_msgs/share/common-lisp/ros/planner_msgs/srv/planner_msgs-srv.asd, /home/super/uestc-gbplanner/devel/share/common-lisp/ros/planner_msgs/srv/planner_msgs-srv.asd)
Linked: (/home/super/uestc-gbplanner/devel/.private/planner_msgs/share/common-lisp/ros/planner_msgs/srv/planner_homing.lisp, /home/super/uestc-gbplanner/devel/share/common-lisp/ros/planner_msgs/srv/planner_homing.lisp)
Linked: (/home/super/uestc-gbplanner/devel/.private/planner_msgs/share/common-lisp/ros/planner_msgs/srv/pci_trigger.lisp, /home/super/uestc-gbplanner/devel/share/common-lisp/ros/planner_msgs/srv/pci_trigger.lisp)
Linked: (/home/super/uestc-gbplanner/devel/.private/planner_msgs/share/common-lisp/ros/planner_msgs/srv/_package.lisp, /home/super/uestc-gbplanner/devel/share/common-lisp/ros/planner_msgs/srv/_package.lisp)
Linked: (/home/super/uestc-gbplanner/devel/.private/planner_msgs/share/common-lisp/ros/planner_msgs/srv/_package_planner_set_search_mode.lisp, /home/super/uestc-gbplanner/devel/share/common-lisp/ros/planner_msgs/srv/_package_planner_set_search_mode.lisp)
Linked: (/home/super/uestc-gbplanner/devel/.private/planner_msgs/share/common-lisp/ros/planner_msgs/srv/planner_string_trigger.lisp, /home/super/uestc-gbplanner/devel/share/common-lisp/ros/planner_msgs/srv/planner_string_trigger.lisp)
Linked: (/home/super/uestc-gbplanner/devel/.private/planner_msgs/share/common-lisp/ros/planner_msgs/srv/_package_planner_homing.lisp, /home/super/uestc-gbplanner/devel/share/common-lisp/ros/planner_msgs/srv/_package_planner_homing.lisp)
Linked: (/home/super/uestc-gbplanner/devel/.private/planner_msgs/share/common-lisp/ros/planner_msgs/srv/_package_planner_go_to_waypoint.lisp, /home/super/uestc-gbplanner/devel/share/common-lisp/ros/planner_msgs/srv/_package_planner_go_to_waypoint.lisp)
Linked: (/home/super/uestc-gbplanner/devel/.private/planner_msgs/share/common-lisp/ros/planner_msgs/srv/_package_pci_trigger.lisp, /home/super/uestc-gbplanner/devel/share/common-lisp/ros/planner_msgs/srv/_package_pci_trigger.lisp)
Linked: (/home/super/uestc-gbplanner/devel/.private/planner_msgs/share/common-lisp/ros/planner_msgs/srv/_package_planner_string_trigger.lisp, /home/super/uestc-gbplanner/devel/share/common-lisp/ros/planner_msgs/srv/_package_planner_string_trigger.lisp)
Linked: (/home/super/uestc-gbplanner/devel/.private/planner_msgs/share/common-lisp/ros/planner_msgs/srv/planner_srv.lisp, /home/super/uestc-gbplanner/devel/share/common-lisp/ros/planner_msgs/srv/planner_srv.lisp)
Linked: (/home/super/uestc-gbplanner/devel/.private/planner_msgs/share/common-lisp/ros/planner_msgs/srv/planner_dynamic_global_bound.lisp, /home/super/uestc-gbplanner/devel/share/common-lisp/ros/planner_msgs/srv/planner_dynamic_global_bound.lisp)
Linked: (/home/super/uestc-gbplanner/devel/.private/planner_msgs/share/common-lisp/ros/planner_msgs/srv/planner_global.lisp, /home/super/uestc-gbplanner/devel/share/common-lisp/ros/planner_msgs/srv/planner_global.lisp)
Linked: (/home/super/uestc-gbplanner/devel/.private/planner_msgs/share/common-lisp/ros/planner_msgs/srv/pci_initialization.lisp, /home/super/uestc-gbplanner/devel/share/common-lisp/ros/planner_msgs/srv/pci_initialization.lisp)
Linked: (/home/super/uestc-gbplanner/devel/.private/planner_msgs/share/common-lisp/ros/planner_msgs/srv/pci_search.lisp, /home/super/uestc-gbplanner/devel/share/common-lisp/ros/planner_msgs/srv/pci_search.lisp)
Linked: (/home/super/uestc-gbplanner/devel/.private/planner_msgs/share/common-lisp/ros/planner_msgs/srv/planner_go_to_waypoint.lisp, /home/super/uestc-gbplanner/devel/share/common-lisp/ros/planner_msgs/srv/planner_go_to_waypoint.lisp)
Linked: (/home/super/uestc-gbplanner/devel/.private/planner_msgs/share/common-lisp/ros/planner_msgs/srv/_package_planner_srv.lisp, /home/super/uestc-gbplanner/devel/share/common-lisp/ros/planner_msgs/srv/_package_planner_srv.lisp)
Linked: (/home/super/uestc-gbplanner/devel/.private/planner_msgs/share/common-lisp/ros/planner_msgs/srv/planner_set_search_mode.lisp, /home/super/uestc-gbplanner/devel/share/common-lisp/ros/planner_msgs/srv/planner_set_search_mode.lisp)
Linked: (/home/super/uestc-gbplanner/devel/.private/planner_msgs/share/common-lisp/ros/planner_msgs/srv/_package_planner_set_exp_mode.lisp, /home/super/uestc-gbplanner/devel/share/common-lisp/ros/planner_msgs/srv/_package_planner_set_exp_mode.lisp)
Linked: (/home/super/uestc-gbplanner/devel/.private/planner_msgs/share/common-lisp/ros/planner_msgs/srv/planner_set_global_bound.lisp, /home/super/uestc-gbplanner/devel/share/common-lisp/ros/planner_msgs/srv/planner_set_global_bound.lisp)
Linked: (/home/super/uestc-gbplanner/devel/.private/planner_msgs/share/common-lisp/ros/planner_msgs/srv/_package_pci_geofence.lisp, /home/super/uestc-gbplanner/devel/share/common-lisp/ros/planner_msgs/srv/_package_pci_geofence.lisp)
Linked: (/home/super/uestc-gbplanner/devel/.private/planner_msgs/share/common-lisp/ros/planner_msgs/srv/_package_planner_set_homing_pos.lisp, /home/super/uestc-gbplanner/devel/share/common-lisp/ros/planner_msgs/srv/_package_planner_set_homing_pos.lisp)
Linked: (/home/super/uestc-gbplanner/devel/.private/planner_msgs/share/common-lisp/ros/planner_msgs/srv/pci_homing_trigger.lisp, /home/super/uestc-gbplanner/devel/share/common-lisp/ros/planner_msgs/srv/pci_homing_trigger.lisp)
Linked: (/home/super/uestc-gbplanner/devel/.private/planner_msgs/share/common-lisp/ros/planner_msgs/srv/planner_request_path.lisp, /home/super/uestc-gbplanner/devel/share/common-lisp/ros/planner_msgs/srv/planner_request_path.lisp)
Linked: (/home/super/uestc-gbplanner/devel/.private/planner_msgs/share/common-lisp/ros/planner_msgs/srv/_package_pci_global.lisp, /home/super/uestc-gbplanner/devel/share/common-lisp/ros/planner_msgs/srv/_package_pci_global.lisp)
Linked: (/home/super/uestc-gbplanner/devel/.private/planner_msgs/share/common-lisp/ros/planner_msgs/srv/pci_stop.lisp, /home/super/uestc-gbplanner/devel/share/common-lisp/ros/planner_msgs/srv/pci_stop.lisp)
Linked: (/home/super/uestc-gbplanner/devel/.private/planner_msgs/share/common-lisp/ros/planner_msgs/msg/pathFollowerActionActionFeedback.lisp, /home/super/uestc-gbplanner/devel/share/common-lisp/ros/planner_msgs/msg/pathFollowerActionActionFeedback.lisp)
Linked: (/home/super/uestc-gbplanner/devel/.private/planner_msgs/share/common-lisp/ros/planner_msgs/msg/Vertex.lisp, /home/super/uestc-gbplanner/devel/share/common-lisp/ros/planner_msgs/msg/Vertex.lisp)
Linked: (/home/super/uestc-gbplanner/devel/.private/planner_msgs/share/common-lisp/ros/planner_msgs/msg/_package_pathFollowerActionActionGoal.lisp, /home/super/uestc-gbplanner/devel/share/common-lisp/ros/planner_msgs/msg/_package_pathFollowerActionActionGoal.lisp)
Linked: (/home/super/uestc-gbplanner/devel/.private/planner_msgs/share/common-lisp/ros/planner_msgs/msg/PlanningBound.lisp, /home/super/uestc-gbplanner/devel/share/common-lisp/ros/planner_msgs/msg/PlanningBound.lisp)
Linked: (/home/super/uestc-gbplanner/devel/.private/planner_msgs/share/common-lisp/ros/planner_msgs/msg/RectangleShape.lisp, /home/super/uestc-gbplanner/devel/share/common-lisp/ros/planner_msgs/msg/RectangleShape.lisp)
Linked: (/home/super/uestc-gbplanner/devel/.private/planner_msgs/share/common-lisp/ros/planner_msgs/msg/pathFollowerActionActionGoal.lisp, /home/super/uestc-gbplanner/devel/share/common-lisp/ros/planner_msgs/msg/pathFollowerActionActionGoal.lisp)
Linked: (/home/super/uestc-gbplanner/devel/.private/planner_msgs/share/common-lisp/ros/planner_msgs/msg/_package_RectangleShape.lisp, /home/super/uestc-gbplanner/devel/share/common-lisp/ros/planner_msgs/msg/_package_RectangleShape.lisp)
Linked: (/home/super/uestc-gbplanner/devel/.private/planner_msgs/share/common-lisp/ros/planner_msgs/msg/_package_PlanningMode.lisp, /home/super/uestc-gbplanner/devel/share/common-lisp/ros/planner_msgs/msg/_package_PlanningMode.lisp)
Linked: (/home/super/uestc-gbplanner/devel/.private/planner_msgs/share/common-lisp/ros/planner_msgs/msg/_package_ExecutionPathMode.lisp, /home/super/uestc-gbplanner/devel/share/common-lisp/ros/planner_msgs/msg/_package_ExecutionPathMode.lisp)
Linked: (/home/super/uestc-gbplanner/devel/.private/planner_msgs/share/common-lisp/ros/planner_msgs/msg/_package_BehaviourPlannerLogger.lisp, /home/super/uestc-gbplanner/devel/share/common-lisp/ros/planner_msgs/msg/_package_BehaviourPlannerLogger.lisp)
Linked: (/home/super/uestc-gbplanner/devel/.private/planner_msgs/share/common-lisp/ros/planner_msgs/msg/pathFollowerActionGoal.lisp, /home/super/uestc-gbplanner/devel/share/common-lisp/ros/planner_msgs/msg/pathFollowerActionGoal.lisp)
Linked: (/home/super/uestc-gbplanner/devel/.private/planner_msgs/share/common-lisp/ros/planner_msgs/msg/pathFollowerActionActionResult.lisp, /home/super/uestc-gbplanner/devel/share/common-lisp/ros/planner_msgs/msg/pathFollowerActionActionResult.lisp)
Linked: (/home/super/uestc-gbplanner/devel/.private/planner_msgs/share/common-lisp/ros/planner_msgs/msg/_package_pathFollowerActionActionFeedback.lisp, /home/super/uestc-gbplanner/devel/share/common-lisp/ros/planner_msgs/msg/_package_pathFollowerActionActionFeedback.lisp)
Linked: (/home/super/uestc-gbplanner/devel/.private/planner_msgs/share/common-lisp/ros/planner_msgs/msg/_package_pathFollowerActionResult.lisp, /home/super/uestc-gbplanner/devel/share/common-lisp/ros/planner_msgs/msg/_package_pathFollowerActionResult.lisp)
Linked: (/home/super/uestc-gbplanner/devel/.private/planner_msgs/share/common-lisp/ros/planner_msgs/msg/RobotStatus.lisp, /home/super/uestc-gbplanner/devel/share/common-lisp/ros/planner_msgs/msg/RobotStatus.lisp)
Linked: (/home/super/uestc-gbplanner/devel/.private/planner_msgs/share/common-lisp/ros/planner_msgs/msg/_package_PlannerStatus.lisp, /home/super/uestc-gbplanner/devel/share/common-lisp/ros/planner_msgs/msg/_package_PlannerStatus.lisp)
Linked: (/home/super/uestc-gbplanner/devel/.private/planner_msgs/share/common-lisp/ros/planner_msgs/msg/pathFollowerActionAction.lisp, /home/super/uestc-gbplanner/devel/share/common-lisp/ros/planner_msgs/msg/pathFollowerActionAction.lisp)
Linked: (/home/super/uestc-gbplanner/devel/.private/planner_msgs/share/common-lisp/ros/planner_msgs/msg/_package_CoveragePlannerLogger.lisp, /home/super/uestc-gbplanner/devel/share/common-lisp/ros/planner_msgs/msg/_package_CoveragePlannerLogger.lisp)
Linked: (/home/super/uestc-gbplanner/devel/.private/planner_msgs/share/common-lisp/ros/planner_msgs/msg/pathFollowerActionResult.lisp, /home/super/uestc-gbplanner/devel/share/common-lisp/ros/planner_msgs/msg/pathFollowerActionResult.lisp)
Linked: (/home/super/uestc-gbplanner/devel/.private/planner_msgs/share/common-lisp/ros/planner_msgs/msg/Edge.lisp, /home/super/uestc-gbplanner/devel/share/common-lisp/ros/planner_msgs/msg/Edge.lisp)
Linked: (/home/super/uestc-gbplanner/devel/.private/planner_msgs/share/common-lisp/ros/planner_msgs/msg/BehaviourPlannerLogger.lisp, /home/super/uestc-gbplanner/devel/share/common-lisp/ros/planner_msgs/msg/BehaviourPlannerLogger.lisp)
Linked: (/home/super/uestc-gbplanner/devel/.private/planner_msgs/share/common-lisp/ros/planner_msgs/msg/planner_msgs-msg.asd, /home/super/uestc-gbplanner/devel/share/common-lisp/ros/planner_msgs/msg/planner_msgs-msg.asd)
Linked: (/home/super/uestc-gbplanner/devel/.private/planner_msgs/share/common-lisp/ros/planner_msgs/msg/_package_BoundMode.lisp, /home/super/uestc-gbplanner/devel/share/common-lisp/ros/planner_msgs/msg/_package_BoundMode.lisp)
Linked: (/home/super/uestc-gbplanner/devel/.private/planner_msgs/share/common-lisp/ros/planner_msgs/msg/pathFollowerActionFeedback.lisp, /home/super/uestc-gbplanner/devel/share/common-lisp/ros/planner_msgs/msg/pathFollowerActionFeedback.lisp)
Linked: (/home/super/uestc-gbplanner/devel/.private/planner_msgs/share/common-lisp/ros/planner_msgs/msg/Graph.lisp, /home/super/uestc-gbplanner/devel/share/common-lisp/ros/planner_msgs/msg/Graph.lisp)
Linked: (/home/super/uestc-gbplanner/devel/.private/planner_msgs/share/common-lisp/ros/planner_msgs/msg/TriggerMode.lisp, /home/super/uestc-gbplanner/devel/share/common-lisp/ros/planner_msgs/msg/TriggerMode.lisp)
Linked: (/home/super/uestc-gbplanner/devel/.private/planner_msgs/share/common-lisp/ros/planner_msgs/msg/_package.lisp, /home/super/uestc-gbplanner/devel/share/common-lisp/ros/planner_msgs/msg/_package.lisp)
Linked: (/home/super/uestc-gbplanner/devel/.private/planner_msgs/share/common-lisp/ros/planner_msgs/msg/_package_pathFollowerActionActionResult.lisp, /home/super/uestc-gbplanner/devel/share/common-lisp/ros/planner_msgs/msg/_package_pathFollowerActionActionResult.lisp)
Linked: (/home/super/uestc-gbplanner/devel/.private/planner_msgs/share/common-lisp/ros/planner_msgs/msg/_package_RobotStatus.lisp, /home/super/uestc-gbplanner/devel/share/common-lisp/ros/planner_msgs/msg/_package_RobotStatus.lisp)
Linked: (/home/super/uestc-gbplanner/devel/.private/planner_msgs/share/common-lisp/ros/planner_msgs/msg/_package_Graph.lisp, /home/super/uestc-gbplanner/devel/share/common-lisp/ros/planner_msgs/msg/_package_Graph.lisp)
Linked: (/home/super/uestc-gbplanner/devel/.private/planner_msgs/share/common-lisp/ros/planner_msgs/msg/_package_pathFollowerActionGoal.lisp, /home/super/uestc-gbplanner/devel/share/common-lisp/ros/planner_msgs/msg/_package_pathFollowerActionGoal.lisp)
Linked: (/home/super/uestc-gbplanner/devel/.private/planner_msgs/share/common-lisp/ros/planner_msgs/msg/_package_pathFollowerActionFeedback.lisp, /home/super/uestc-gbplanner/devel/share/common-lisp/ros/planner_msgs/msg/_package_pathFollowerActionFeedback.lisp)
Linked: (/home/super/uestc-gbplanner/devel/.private/planner_msgs/share/common-lisp/ros/planner_msgs/msg/_package_pathFollowerActionAction.lisp, /home/super/uestc-gbplanner/devel/share/common-lisp/ros/planner_msgs/msg/_package_pathFollowerActionAction.lisp)
Linked: (/home/super/uestc-gbplanner/devel/.private/planner_msgs/share/common-lisp/ros/planner_msgs/msg/PlannerStatus.lisp, /home/super/uestc-gbplanner/devel/share/common-lisp/ros/planner_msgs/msg/PlannerStatus.lisp)
Linked: (/home/super/uestc-gbplanner/devel/.private/planner_msgs/share/common-lisp/ros/planner_msgs/msg/_package_Vertex.lisp, /home/super/uestc-gbplanner/devel/share/common-lisp/ros/planner_msgs/msg/_package_Vertex.lisp)
Linked: (/home/super/uestc-gbplanner/devel/.private/planner_msgs/share/common-lisp/ros/planner_msgs/msg/ExecutionPathMode.lisp, /home/super/uestc-gbplanner/devel/share/common-lisp/ros/planner_msgs/msg/ExecutionPathMode.lisp)
Linked: (/home/super/uestc-gbplanner/devel/.private/planner_msgs/share/common-lisp/ros/planner_msgs/msg/PlanningMode.lisp, /home/super/uestc-gbplanner/devel/share/common-lisp/ros/planner_msgs/msg/PlanningMode.lisp)
Linked: (/home/super/uestc-gbplanner/devel/.private/planner_msgs/share/common-lisp/ros/planner_msgs/msg/_package_Edge.lisp, /home/super/uestc-gbplanner/devel/share/common-lisp/ros/planner_msgs/msg/_package_Edge.lisp)
Linked: (/home/super/uestc-gbplanner/devel/.private/planner_msgs/share/common-lisp/ros/planner_msgs/msg/CoveragePlannerLogger.lisp, /home/super/uestc-gbplanner/devel/share/common-lisp/ros/planner_msgs/msg/CoveragePlannerLogger.lisp)
Linked: (/home/super/uestc-gbplanner/devel/.private/planner_msgs/share/common-lisp/ros/planner_msgs/msg/BoundMode.lisp, /home/super/uestc-gbplanner/devel/share/common-lisp/ros/planner_msgs/msg/BoundMode.lisp)
Linked: (/home/super/uestc-gbplanner/devel/.private/planner_msgs/share/common-lisp/ros/planner_msgs/msg/_package_TriggerMode.lisp, /home/super/uestc-gbplanner/devel/share/common-lisp/ros/planner_msgs/msg/_package_TriggerMode.lisp)
Linked: (/home/super/uestc-gbplanner/devel/.private/planner_msgs/share/common-lisp/ros/planner_msgs/msg/_package_PlanningBound.lisp, /home/super/uestc-gbplanner/devel/share/common-lisp/ros/planner_msgs/msg/_package_PlanningBound.lisp)
Linked: (/home/super/uestc-gbplanner/devel/.private/planner_msgs/share/gennodejs/ros/planner_msgs/_index.js, /home/super/uestc-gbplanner/devel/share/gennodejs/ros/planner_msgs/_index.js)
Linked: (/home/super/uestc-gbplanner/devel/.private/planner_msgs/share/gennodejs/ros/planner_msgs/srv/planner_go_to_waypoint.js, /home/super/uestc-gbplanner/devel/share/gennodejs/ros/planner_msgs/srv/planner_go_to_waypoint.js)
Linked: (/home/super/uestc-gbplanner/devel/.private/planner_msgs/share/gennodejs/ros/planner_msgs/srv/planner_set_planning_mode.js, /home/super/uestc-gbplanner/devel/share/gennodejs/ros/planner_msgs/srv/planner_set_planning_mode.js)
Linked: (/home/super/uestc-gbplanner/devel/.private/planner_msgs/share/gennodejs/ros/planner_msgs/srv/planner_dynamic_global_bound.js, /home/super/uestc-gbplanner/devel/share/gennodejs/ros/planner_msgs/srv/planner_dynamic_global_bound.js)
Linked: (/home/super/uestc-gbplanner/devel/.private/planner_msgs/share/gennodejs/ros/planner_msgs/srv/planner_homing.js, /home/super/uestc-gbplanner/devel/share/gennodejs/ros/planner_msgs/srv/planner_homing.js)
Linked: (/home/super/uestc-gbplanner/devel/.private/planner_msgs/share/gennodejs/ros/planner_msgs/srv/pci_trigger.js, /home/super/uestc-gbplanner/devel/share/gennodejs/ros/planner_msgs/srv/pci_trigger.js)
Linked: (/home/super/uestc-gbplanner/devel/.private/planner_msgs/share/gennodejs/ros/planner_msgs/srv/planner_request_path.js, /home/super/uestc-gbplanner/devel/share/gennodejs/ros/planner_msgs/srv/planner_request_path.js)
Linked: (/home/super/uestc-gbplanner/devel/.private/planner_msgs/share/gennodejs/ros/planner_msgs/srv/planner_global.js, /home/super/uestc-gbplanner/devel/share/gennodejs/ros/planner_msgs/srv/planner_global.js)
Linked: (/home/super/uestc-gbplanner/devel/.private/planner_msgs/share/gennodejs/ros/planner_msgs/srv/pci_initialization.js, /home/super/uestc-gbplanner/devel/share/gennodejs/ros/planner_msgs/srv/pci_initialization.js)
Linked: (/home/super/uestc-gbplanner/devel/.private/planner_msgs/share/gennodejs/ros/planner_msgs/srv/_index.js, /home/super/uestc-gbplanner/devel/share/gennodejs/ros/planner_msgs/srv/_index.js)
Linked: (/home/super/uestc-gbplanner/devel/.private/planner_msgs/share/gennodejs/ros/planner_msgs/srv/planner_geofence.js, /home/super/uestc-gbplanner/devel/share/gennodejs/ros/planner_msgs/srv/planner_geofence.js)
Linked: (/home/super/uestc-gbplanner/devel/.private/planner_msgs/share/gennodejs/ros/planner_msgs/srv/planner_set_exp_mode.js, /home/super/uestc-gbplanner/devel/share/gennodejs/ros/planner_msgs/srv/planner_set_exp_mode.js)
Linked: (/home/super/uestc-gbplanner/devel/.private/planner_msgs/share/gennodejs/ros/planner_msgs/srv/planner_search.js, /home/super/uestc-gbplanner/devel/share/gennodejs/ros/planner_msgs/srv/planner_search.js)
Linked: (/home/super/uestc-gbplanner/devel/.private/planner_msgs/share/gennodejs/ros/planner_msgs/srv/planner_string_trigger.js, /home/super/uestc-gbplanner/devel/share/gennodejs/ros/planner_msgs/srv/planner_string_trigger.js)
Linked: (/home/super/uestc-gbplanner/devel/.private/planner_msgs/share/gennodejs/ros/planner_msgs/srv/planner_set_homing_pos.js, /home/super/uestc-gbplanner/devel/share/gennodejs/ros/planner_msgs/srv/planner_set_homing_pos.js)
Linked: (/home/super/uestc-gbplanner/devel/.private/planner_msgs/share/gennodejs/ros/planner_msgs/srv/pci_homing_trigger.js, /home/super/uestc-gbplanner/devel/share/gennodejs/ros/planner_msgs/srv/pci_homing_trigger.js)
Linked: (/home/super/uestc-gbplanner/devel/.private/planner_msgs/share/gennodejs/ros/planner_msgs/srv/planner_set_search_mode.js, /home/super/uestc-gbplanner/devel/share/gennodejs/ros/planner_msgs/srv/planner_set_search_mode.js)
Linked: (/home/super/uestc-gbplanner/devel/.private/planner_msgs/share/gennodejs/ros/planner_msgs/srv/pci_geofence.js, /home/super/uestc-gbplanner/devel/share/gennodejs/ros/planner_msgs/srv/pci_geofence.js)
Linked: (/home/super/uestc-gbplanner/devel/.private/planner_msgs/share/gennodejs/ros/planner_msgs/srv/pci_stop.js, /home/super/uestc-gbplanner/devel/share/gennodejs/ros/planner_msgs/srv/pci_stop.js)
Linked: (/home/super/uestc-gbplanner/devel/.private/planner_msgs/share/gennodejs/ros/planner_msgs/srv/pci_global.js, /home/super/uestc-gbplanner/devel/share/gennodejs/ros/planner_msgs/srv/pci_global.js)
Linked: (/home/super/uestc-gbplanner/devel/.private/planner_msgs/share/gennodejs/ros/planner_msgs/srv/pci_to_waypoint.js, /home/super/uestc-gbplanner/devel/share/gennodejs/ros/planner_msgs/srv/pci_to_waypoint.js)
Linked: (/home/super/uestc-gbplanner/devel/.private/planner_msgs/share/gennodejs/ros/planner_msgs/srv/planner_set_global_bound.js, /home/super/uestc-gbplanner/devel/share/gennodejs/ros/planner_msgs/srv/planner_set_global_bound.js)
Linked: (/home/super/uestc-gbplanner/devel/.private/planner_msgs/share/gennodejs/ros/planner_msgs/srv/planner_set_vel.js, /home/super/uestc-gbplanner/devel/share/gennodejs/ros/planner_msgs/srv/planner_set_vel.js)
Linked: (/home/super/uestc-gbplanner/devel/.private/planner_msgs/share/gennodejs/ros/planner_msgs/srv/pci_set_homing_pos.js, /home/super/uestc-gbplanner/devel/share/gennodejs/ros/planner_msgs/srv/pci_set_homing_pos.js)
Linked: (/home/super/uestc-gbplanner/devel/.private/planner_msgs/share/gennodejs/ros/planner_msgs/srv/planner_srv.js, /home/super/uestc-gbplanner/devel/share/gennodejs/ros/planner_msgs/srv/planner_srv.js)
Linked: (/home/super/uestc-gbplanner/devel/.private/planner_msgs/share/gennodejs/ros/planner_msgs/srv/pci_search.js, /home/super/uestc-gbplanner/devel/share/gennodejs/ros/planner_msgs/srv/pci_search.js)
Linked: (/home/super/uestc-gbplanner/devel/.private/planner_msgs/share/gennodejs/ros/planner_msgs/msg/pathFollowerActionFeedback.js, /home/super/uestc-gbplanner/devel/share/gennodejs/ros/planner_msgs/msg/pathFollowerActionFeedback.js)
Linked: (/home/super/uestc-gbplanner/devel/.private/planner_msgs/share/gennodejs/ros/planner_msgs/msg/CoveragePlannerLogger.js, /home/super/uestc-gbplanner/devel/share/gennodejs/ros/planner_msgs/msg/CoveragePlannerLogger.js)
Linked: (/home/super/uestc-gbplanner/devel/.private/planner_msgs/share/gennodejs/ros/planner_msgs/msg/BehaviourPlannerLogger.js, /home/super/uestc-gbplanner/devel/share/gennodejs/ros/planner_msgs/msg/BehaviourPlannerLogger.js)
Linked: (/home/super/uestc-gbplanner/devel/.private/planner_msgs/share/gennodejs/ros/planner_msgs/msg/pathFollowerActionGoal.js, /home/super/uestc-gbplanner/devel/share/gennodejs/ros/planner_msgs/msg/pathFollowerActionGoal.js)
Linked: (/home/super/uestc-gbplanner/devel/.private/planner_msgs/share/gennodejs/ros/planner_msgs/msg/_index.js, /home/super/uestc-gbplanner/devel/share/gennodejs/ros/planner_msgs/msg/_index.js)
Linked: (/home/super/uestc-gbplanner/devel/.private/planner_msgs/share/gennodejs/ros/planner_msgs/msg/pathFollowerActionActionGoal.js, /home/super/uestc-gbplanner/devel/share/gennodejs/ros/planner_msgs/msg/pathFollowerActionActionGoal.js)
Linked: (/home/super/uestc-gbplanner/devel/.private/planner_msgs/share/gennodejs/ros/planner_msgs/msg/pathFollowerActionAction.js, /home/super/uestc-gbplanner/devel/share/gennodejs/ros/planner_msgs/msg/pathFollowerActionAction.js)
Linked: (/home/super/uestc-gbplanner/devel/.private/planner_msgs/share/gennodejs/ros/planner_msgs/msg/Edge.js, /home/super/uestc-gbplanner/devel/share/gennodejs/ros/planner_msgs/msg/Edge.js)
Linked: (/home/super/uestc-gbplanner/devel/.private/planner_msgs/share/gennodejs/ros/planner_msgs/msg/pathFollowerActionResult.js, /home/super/uestc-gbplanner/devel/share/gennodejs/ros/planner_msgs/msg/pathFollowerActionResult.js)
Linked: (/home/super/uestc-gbplanner/devel/.private/planner_msgs/share/gennodejs/ros/planner_msgs/msg/Vertex.js, /home/super/uestc-gbplanner/devel/share/gennodejs/ros/planner_msgs/msg/Vertex.js)
Linked: (/home/super/uestc-gbplanner/devel/.private/planner_msgs/share/gennodejs/ros/planner_msgs/msg/PlannerStatus.js, /home/super/uestc-gbplanner/devel/share/gennodejs/ros/planner_msgs/msg/PlannerStatus.js)
Linked: (/home/super/uestc-gbplanner/devel/.private/planner_msgs/share/gennodejs/ros/planner_msgs/msg/BoundMode.js, /home/super/uestc-gbplanner/devel/share/gennodejs/ros/planner_msgs/msg/BoundMode.js)
Linked: (/home/super/uestc-gbplanner/devel/.private/planner_msgs/share/gennodejs/ros/planner_msgs/msg/PlanningBound.js, /home/super/uestc-gbplanner/devel/share/gennodejs/ros/planner_msgs/msg/PlanningBound.js)
Linked: (/home/super/uestc-gbplanner/devel/.private/planner_msgs/share/gennodejs/ros/planner_msgs/msg/RectangleShape.js, /home/super/uestc-gbplanner/devel/share/gennodejs/ros/planner_msgs/msg/RectangleShape.js)
Linked: (/home/super/uestc-gbplanner/devel/.private/planner_msgs/share/gennodejs/ros/planner_msgs/msg/RobotStatus.js, /home/super/uestc-gbplanner/devel/share/gennodejs/ros/planner_msgs/msg/RobotStatus.js)
Linked: (/home/super/uestc-gbplanner/devel/.private/planner_msgs/share/gennodejs/ros/planner_msgs/msg/pathFollowerActionActionFeedback.js, /home/super/uestc-gbplanner/devel/share/gennodejs/ros/planner_msgs/msg/pathFollowerActionActionFeedback.js)
Linked: (/home/super/uestc-gbplanner/devel/.private/planner_msgs/share/gennodejs/ros/planner_msgs/msg/Graph.js, /home/super/uestc-gbplanner/devel/share/gennodejs/ros/planner_msgs/msg/Graph.js)
Linked: (/home/super/uestc-gbplanner/devel/.private/planner_msgs/share/gennodejs/ros/planner_msgs/msg/ExecutionPathMode.js, /home/super/uestc-gbplanner/devel/share/gennodejs/ros/planner_msgs/msg/ExecutionPathMode.js)
Linked: (/home/super/uestc-gbplanner/devel/.private/planner_msgs/share/gennodejs/ros/planner_msgs/msg/pathFollowerActionActionResult.js, /home/super/uestc-gbplanner/devel/share/gennodejs/ros/planner_msgs/msg/pathFollowerActionActionResult.js)
Linked: (/home/super/uestc-gbplanner/devel/.private/planner_msgs/share/gennodejs/ros/planner_msgs/msg/TriggerMode.js, /home/super/uestc-gbplanner/devel/share/gennodejs/ros/planner_msgs/msg/TriggerMode.js)
Linked: (/home/super/uestc-gbplanner/devel/.private/planner_msgs/share/gennodejs/ros/planner_msgs/msg/PlanningMode.js, /home/super/uestc-gbplanner/devel/share/gennodejs/ros/planner_msgs/msg/PlanningMode.js)
Linked: (/home/super/uestc-gbplanner/devel/.private/planner_msgs/include/planner_msgs/pci_triggerRequest.h, /home/super/uestc-gbplanner/devel/include/planner_msgs/pci_triggerRequest.h)
Linked: (/home/super/uestc-gbplanner/devel/.private/planner_msgs/include/planner_msgs/Edge.h, /home/super/uestc-gbplanner/devel/include/planner_msgs/Edge.h)
Linked: (/home/super/uestc-gbplanner/devel/.private/planner_msgs/include/planner_msgs/planner_set_exp_modeRequest.h, /home/super/uestc-gbplanner/devel/include/planner_msgs/planner_set_exp_modeRequest.h)
Linked: (/home/super/uestc-gbplanner/devel/.private/planner_msgs/include/planner_msgs/pathFollowerActionGoal.h, /home/super/uestc-gbplanner/devel/include/planner_msgs/pathFollowerActionGoal.h)
Linked: (/home/super/uestc-gbplanner/devel/.private/planner_msgs/include/planner_msgs/planner_global.h, /home/super/uestc-gbplanner/devel/include/planner_msgs/planner_global.h)
Linked: (/home/super/uestc-gbplanner/devel/.private/planner_msgs/include/planner_msgs/planner_go_to_waypointRequest.h, /home/super/uestc-gbplanner/devel/include/planner_msgs/planner_go_to_waypointRequest.h)
Linked: (/home/super/uestc-gbplanner/devel/.private/planner_msgs/include/planner_msgs/pci_to_waypointResponse.h, /home/super/uestc-gbplanner/devel/include/planner_msgs/pci_to_waypointResponse.h)
Linked: (/home/super/uestc-gbplanner/devel/.private/planner_msgs/include/planner_msgs/pathFollowerActionActionGoal.h, /home/super/uestc-gbplanner/devel/include/planner_msgs/pathFollowerActionActionGoal.h)
Linked: (/home/super/uestc-gbplanner/devel/.private/planner_msgs/include/planner_msgs/pci_trigger.h, /home/super/uestc-gbplanner/devel/include/planner_msgs/pci_trigger.h)
Linked: (/home/super/uestc-gbplanner/devel/.private/planner_msgs/include/planner_msgs/planner_set_global_boundResponse.h, /home/super/uestc-gbplanner/devel/include/planner_msgs/planner_set_global_boundResponse.h)
Linked: (/home/super/uestc-gbplanner/devel/.private/planner_msgs/include/planner_msgs/planner_globalResponse.h, /home/super/uestc-gbplanner/devel/include/planner_msgs/planner_globalResponse.h)
Linked: (/home/super/uestc-gbplanner/devel/.private/planner_msgs/include/planner_msgs/planner_set_vel.h, /home/super/uestc-gbplanner/devel/include/planner_msgs/planner_set_vel.h)
Linked: (/home/super/uestc-gbplanner/devel/.private/planner_msgs/include/planner_msgs/planner_set_velResponse.h, /home/super/uestc-gbplanner/devel/include/planner_msgs/planner_set_velResponse.h)
Linked: (/home/super/uestc-gbplanner/devel/.private/planner_msgs/include/planner_msgs/pci_geofenceResponse.h, /home/super/uestc-gbplanner/devel/include/planner_msgs/pci_geofenceResponse.h)
Linked: (/home/super/uestc-gbplanner/devel/.private/planner_msgs/include/planner_msgs/RectangleShape.h, /home/super/uestc-gbplanner/devel/include/planner_msgs/RectangleShape.h)
Linked: (/home/super/uestc-gbplanner/devel/.private/planner_msgs/include/planner_msgs/planner_set_homing_posResponse.h, /home/super/uestc-gbplanner/devel/include/planner_msgs/planner_set_homing_posResponse.h)
Linked: (/home/super/uestc-gbplanner/devel/.private/planner_msgs/include/planner_msgs/pathFollowerActionResult.h, /home/super/uestc-gbplanner/devel/include/planner_msgs/pathFollowerActionResult.h)
Linked: (/home/super/uestc-gbplanner/devel/.private/planner_msgs/include/planner_msgs/planner_go_to_waypointResponse.h, /home/super/uestc-gbplanner/devel/include/planner_msgs/planner_go_to_waypointResponse.h)
Linked: (/home/super/uestc-gbplanner/devel/.private/planner_msgs/include/planner_msgs/pci_stop.h, /home/super/uestc-gbplanner/devel/include/planner_msgs/pci_stop.h)
Linked: (/home/super/uestc-gbplanner/devel/.private/planner_msgs/include/planner_msgs/pci_initializationRequest.h, /home/super/uestc-gbplanner/devel/include/planner_msgs/pci_initializationRequest.h)
Linked: (/home/super/uestc-gbplanner/devel/.private/planner_msgs/include/planner_msgs/planner_set_planning_modeResponse.h, /home/super/uestc-gbplanner/devel/include/planner_msgs/planner_set_planning_modeResponse.h)
Linked: (/home/super/uestc-gbplanner/devel/.private/planner_msgs/include/planner_msgs/planner_set_planning_mode.h, /home/super/uestc-gbplanner/devel/include/planner_msgs/planner_set_planning_mode.h)
Linked: (/home/super/uestc-gbplanner/devel/.private/planner_msgs/include/planner_msgs/pci_homing_trigger.h, /home/super/uestc-gbplanner/devel/include/planner_msgs/pci_homing_trigger.h)
Linked: (/home/super/uestc-gbplanner/devel/.private/planner_msgs/include/planner_msgs/pci_initializationResponse.h, /home/super/uestc-gbplanner/devel/include/planner_msgs/pci_initializationResponse.h)
Linked: (/home/super/uestc-gbplanner/devel/.private/planner_msgs/include/planner_msgs/pci_search.h, /home/super/uestc-gbplanner/devel/include/planner_msgs/pci_search.h)
Linked: (/home/super/uestc-gbplanner/devel/.private/planner_msgs/include/planner_msgs/BehaviourPlannerLogger.h, /home/super/uestc-gbplanner/devel/include/planner_msgs/BehaviourPlannerLogger.h)
Linked: (/home/super/uestc-gbplanner/devel/.private/planner_msgs/include/planner_msgs/pci_to_waypoint.h, /home/super/uestc-gbplanner/devel/include/planner_msgs/pci_to_waypoint.h)
Linked: (/home/super/uestc-gbplanner/devel/.private/planner_msgs/include/planner_msgs/planner_set_homing_posRequest.h, /home/super/uestc-gbplanner/devel/include/planner_msgs/planner_set_homing_posRequest.h)
Linked: (/home/super/uestc-gbplanner/devel/.private/planner_msgs/include/planner_msgs/pathFollowerActionFeedback.h, /home/super/uestc-gbplanner/devel/include/planner_msgs/pathFollowerActionFeedback.h)
Linked: (/home/super/uestc-gbplanner/devel/.private/planner_msgs/include/planner_msgs/pci_searchRequest.h, /home/super/uestc-gbplanner/devel/include/planner_msgs/pci_searchRequest.h)
Linked: (/home/super/uestc-gbplanner/devel/.private/planner_msgs/include/planner_msgs/pci_geofence.h, /home/super/uestc-gbplanner/devel/include/planner_msgs/pci_geofence.h)
Linked: (/home/super/uestc-gbplanner/devel/.private/planner_msgs/include/planner_msgs/planner_set_exp_mode.h, /home/super/uestc-gbplanner/devel/include/planner_msgs/planner_set_exp_mode.h)
Linked: (/home/super/uestc-gbplanner/devel/.private/planner_msgs/include/planner_msgs/planner_homingResponse.h, /home/super/uestc-gbplanner/devel/include/planner_msgs/planner_homingResponse.h)
Linked: (/home/super/uestc-gbplanner/devel/.private/planner_msgs/include/planner_msgs/planner_string_trigger.h, /home/super/uestc-gbplanner/devel/include/planner_msgs/planner_string_trigger.h)
Linked: (/home/super/uestc-gbplanner/devel/.private/planner_msgs/include/planner_msgs/PlanningBound.h, /home/super/uestc-gbplanner/devel/include/planner_msgs/PlanningBound.h)
Linked: (/home/super/uestc-gbplanner/devel/.private/planner_msgs/include/planner_msgs/planner_string_triggerResponse.h, /home/super/uestc-gbplanner/devel/include/planner_msgs/planner_string_triggerResponse.h)
Linked: (/home/super/uestc-gbplanner/devel/.private/planner_msgs/include/planner_msgs/planner_geofenceRequest.h, /home/super/uestc-gbplanner/devel/include/planner_msgs/planner_geofenceRequest.h)
Linked: (/home/super/uestc-gbplanner/devel/.private/planner_msgs/include/planner_msgs/planner_dynamic_global_bound.h, /home/super/uestc-gbplanner/devel/include/planner_msgs/planner_dynamic_global_bound.h)
Linked: (/home/super/uestc-gbplanner/devel/.private/planner_msgs/include/planner_msgs/pci_initialization.h, /home/super/uestc-gbplanner/devel/include/planner_msgs/pci_initialization.h)
Linked: (/home/super/uestc-gbplanner/devel/.private/planner_msgs/include/planner_msgs/planner_search.h, /home/super/uestc-gbplanner/devel/include/planner_msgs/planner_search.h)
Linked: (/home/super/uestc-gbplanner/devel/.private/planner_msgs/include/planner_msgs/pathFollowerActionAction.h, /home/super/uestc-gbplanner/devel/include/planner_msgs/pathFollowerActionAction.h)
Linked: (/home/super/uestc-gbplanner/devel/.private/planner_msgs/include/planner_msgs/planner_set_exp_modeResponse.h, /home/super/uestc-gbplanner/devel/include/planner_msgs/planner_set_exp_modeResponse.h)
Linked: (/home/super/uestc-gbplanner/devel/.private/planner_msgs/include/planner_msgs/planner_srv.h, /home/super/uestc-gbplanner/devel/include/planner_msgs/planner_srv.h)
Linked: (/home/super/uestc-gbplanner/devel/.private/planner_msgs/include/planner_msgs/pci_geofenceRequest.h, /home/super/uestc-gbplanner/devel/include/planner_msgs/pci_geofenceRequest.h)
Linked: (/home/super/uestc-gbplanner/devel/.private/planner_msgs/include/planner_msgs/RobotStatus.h, /home/super/uestc-gbplanner/devel/include/planner_msgs/RobotStatus.h)
Linked: (/home/super/uestc-gbplanner/devel/.private/planner_msgs/include/planner_msgs/planner_request_pathRequest.h, /home/super/uestc-gbplanner/devel/include/planner_msgs/planner_request_pathRequest.h)
Linked: (/home/super/uestc-gbplanner/devel/.private/planner_msgs/include/planner_msgs/planner_homingRequest.h, /home/super/uestc-gbplanner/devel/include/planner_msgs/planner_homingRequest.h)
Linked: (/home/super/uestc-gbplanner/devel/.private/planner_msgs/include/planner_msgs/planner_set_search_modeResponse.h, /home/super/uestc-gbplanner/devel/include/planner_msgs/planner_set_search_modeResponse.h)
Linked: (/home/super/uestc-gbplanner/devel/.private/planner_msgs/include/planner_msgs/planner_set_search_mode.h, /home/super/uestc-gbplanner/devel/include/planner_msgs/planner_set_search_mode.h)
Linked: (/home/super/uestc-gbplanner/devel/.private/planner_msgs/include/planner_msgs/planner_set_velRequest.h, /home/super/uestc-gbplanner/devel/include/planner_msgs/planner_set_velRequest.h)
Linked: (/home/super/uestc-gbplanner/devel/.private/planner_msgs/include/planner_msgs/planner_globalRequest.h, /home/super/uestc-gbplanner/devel/include/planner_msgs/planner_globalRequest.h)
Linked: (/home/super/uestc-gbplanner/devel/.private/planner_msgs/include/planner_msgs/planner_set_search_modeRequest.h, /home/super/uestc-gbplanner/devel/include/planner_msgs/planner_set_search_modeRequest.h)
Linked: (/home/super/uestc-gbplanner/devel/.private/planner_msgs/include/planner_msgs/ExecutionPathMode.h, /home/super/uestc-gbplanner/devel/include/planner_msgs/ExecutionPathMode.h)
Linked: (/home/super/uestc-gbplanner/devel/.private/planner_msgs/include/planner_msgs/pci_stopRequest.h, /home/super/uestc-gbplanner/devel/include/planner_msgs/pci_stopRequest.h)
Linked: (/home/super/uestc-gbplanner/devel/.private/planner_msgs/include/planner_msgs/planner_go_to_waypoint.h, /home/super/uestc-gbplanner/devel/include/planner_msgs/planner_go_to_waypoint.h)
Linked: (/home/super/uestc-gbplanner/devel/.private/planner_msgs/include/planner_msgs/pci_stopResponse.h, /home/super/uestc-gbplanner/devel/include/planner_msgs/pci_stopResponse.h)
Linked: (/home/super/uestc-gbplanner/devel/.private/planner_msgs/include/planner_msgs/pci_set_homing_posRequest.h, /home/super/uestc-gbplanner/devel/include/planner_msgs/pci_set_homing_posRequest.h)
Linked: (/home/super/uestc-gbplanner/devel/.private/planner_msgs/include/planner_msgs/pci_set_homing_posResponse.h, /home/super/uestc-gbplanner/devel/include/planner_msgs/pci_set_homing_posResponse.h)
Linked: (/home/super/uestc-gbplanner/devel/.private/planner_msgs/include/planner_msgs/CoveragePlannerLogger.h, /home/super/uestc-gbplanner/devel/include/planner_msgs/CoveragePlannerLogger.h)
Linked: (/home/super/uestc-gbplanner/devel/.private/planner_msgs/include/planner_msgs/planner_request_path.h, /home/super/uestc-gbplanner/devel/include/planner_msgs/planner_request_path.h)
Linked: (/home/super/uestc-gbplanner/devel/.private/planner_msgs/include/planner_msgs/planner_string_triggerRequest.h, /home/super/uestc-gbplanner/devel/include/planner_msgs/planner_string_triggerRequest.h)
Linked: (/home/super/uestc-gbplanner/devel/.private/planner_msgs/include/planner_msgs/pci_homing_triggerResponse.h, /home/super/uestc-gbplanner/devel/include/planner_msgs/pci_homing_triggerResponse.h)
Linked: (/home/super/uestc-gbplanner/devel/.private/planner_msgs/include/planner_msgs/planner_dynamic_global_boundRequest.h, /home/super/uestc-gbplanner/devel/include/planner_msgs/planner_dynamic_global_boundRequest.h)
Linked: (/home/super/uestc-gbplanner/devel/.private/planner_msgs/include/planner_msgs/planner_dynamic_global_boundResponse.h, /home/super/uestc-gbplanner/devel/include/planner_msgs/planner_dynamic_global_boundResponse.h)
Linked: (/home/super/uestc-gbplanner/devel/.private/planner_msgs/include/planner_msgs/pci_globalRequest.h, /home/super/uestc-gbplanner/devel/include/planner_msgs/pci_globalRequest.h)
Linked: (/home/super/uestc-gbplanner/devel/.private/planner_msgs/include/planner_msgs/planner_homing.h, /home/super/uestc-gbplanner/devel/include/planner_msgs/planner_homing.h)
Linked: (/home/super/uestc-gbplanner/devel/.private/planner_msgs/include/planner_msgs/planner_set_planning_modeRequest.h, /home/super/uestc-gbplanner/devel/include/planner_msgs/planner_set_planning_modeRequest.h)
Linked: (/home/super/uestc-gbplanner/devel/.private/planner_msgs/include/planner_msgs/pci_searchResponse.h, /home/super/uestc-gbplanner/devel/include/planner_msgs/pci_searchResponse.h)
Linked: (/home/super/uestc-gbplanner/devel/.private/planner_msgs/include/planner_msgs/Graph.h, /home/super/uestc-gbplanner/devel/include/planner_msgs/Graph.h)
Linked: (/home/super/uestc-gbplanner/devel/.private/planner_msgs/include/planner_msgs/planner_geofence.h, /home/super/uestc-gbplanner/devel/include/planner_msgs/planner_geofence.h)
Linked: (/home/super/uestc-gbplanner/devel/.private/planner_msgs/include/planner_msgs/planner_set_homing_pos.h, /home/super/uestc-gbplanner/devel/include/planner_msgs/planner_set_homing_pos.h)
Linked: (/home/super/uestc-gbplanner/devel/.private/planner_msgs/include/planner_msgs/PlannerStatus.h, /home/super/uestc-gbplanner/devel/include/planner_msgs/PlannerStatus.h)
Linked: (/home/super/uestc-gbplanner/devel/.private/planner_msgs/include/planner_msgs/planner_request_pathResponse.h, /home/super/uestc-gbplanner/devel/include/planner_msgs/planner_request_pathResponse.h)
Linked: (/home/super/uestc-gbplanner/devel/.private/planner_msgs/include/planner_msgs/BoundMode.h, /home/super/uestc-gbplanner/devel/include/planner_msgs/BoundMode.h)
Linked: (/home/super/uestc-gbplanner/devel/.private/planner_msgs/include/planner_msgs/planner_srvResponse.h, /home/super/uestc-gbplanner/devel/include/planner_msgs/planner_srvResponse.h)
Linked: (/home/super/uestc-gbplanner/devel/.private/planner_msgs/include/planner_msgs/pci_homing_triggerRequest.h, /home/super/uestc-gbplanner/devel/include/planner_msgs/pci_homing_triggerRequest.h)
Linked: (/home/super/uestc-gbplanner/devel/.private/planner_msgs/include/planner_msgs/pci_set_homing_pos.h, /home/super/uestc-gbplanner/devel/include/planner_msgs/pci_set_homing_pos.h)
Linked: (/home/super/uestc-gbplanner/devel/.private/planner_msgs/include/planner_msgs/planner_searchRequest.h, /home/super/uestc-gbplanner/devel/include/planner_msgs/planner_searchRequest.h)
Linked: (/home/super/uestc-gbplanner/devel/.private/planner_msgs/include/planner_msgs/pci_triggerResponse.h, /home/super/uestc-gbplanner/devel/include/planner_msgs/pci_triggerResponse.h)
Linked: (/home/super/uestc-gbplanner/devel/.private/planner_msgs/include/planner_msgs/planner_srvRequest.h, /home/super/uestc-gbplanner/devel/include/planner_msgs/planner_srvRequest.h)
Linked: (/home/super/uestc-gbplanner/devel/.private/planner_msgs/include/planner_msgs/pathFollowerActionActionResult.h, /home/super/uestc-gbplanner/devel/include/planner_msgs/pathFollowerActionActionResult.h)
Linked: (/home/super/uestc-gbplanner/devel/.private/planner_msgs/include/planner_msgs/Vertex.h, /home/super/uestc-gbplanner/devel/include/planner_msgs/Vertex.h)
Linked: (/home/super/uestc-gbplanner/devel/.private/planner_msgs/include/planner_msgs/planner_set_global_bound.h, /home/super/uestc-gbplanner/devel/include/planner_msgs/planner_set_global_bound.h)
Linked: (/home/super/uestc-gbplanner/devel/.private/planner_msgs/include/planner_msgs/pci_global.h, /home/super/uestc-gbplanner/devel/include/planner_msgs/pci_global.h)
Linked: (/home/super/uestc-gbplanner/devel/.private/planner_msgs/include/planner_msgs/planner_geofenceResponse.h, /home/super/uestc-gbplanner/devel/include/planner_msgs/planner_geofenceResponse.h)
Linked: (/home/super/uestc-gbplanner/devel/.private/planner_msgs/include/planner_msgs/planner_searchResponse.h, /home/super/uestc-gbplanner/devel/include/planner_msgs/planner_searchResponse.h)
Linked: (/home/super/uestc-gbplanner/devel/.private/planner_msgs/include/planner_msgs/PlanningMode.h, /home/super/uestc-gbplanner/devel/include/planner_msgs/PlanningMode.h)
Linked: (/home/super/uestc-gbplanner/devel/.private/planner_msgs/include/planner_msgs/TriggerMode.h, /home/super/uestc-gbplanner/devel/include/planner_msgs/TriggerMode.h)
Linked: (/home/super/uestc-gbplanner/devel/.private/planner_msgs/include/planner_msgs/planner_set_global_boundRequest.h, /home/super/uestc-gbplanner/devel/include/planner_msgs/planner_set_global_boundRequest.h)
Linked: (/home/super/uestc-gbplanner/devel/.private/planner_msgs/include/planner_msgs/pci_globalResponse.h, /home/super/uestc-gbplanner/devel/include/planner_msgs/pci_globalResponse.h)
Linked: (/home/super/uestc-gbplanner/devel/.private/planner_msgs/include/planner_msgs/pci_to_waypointRequest.h, /home/super/uestc-gbplanner/devel/include/planner_msgs/pci_to_waypointRequest.h)
Linked: (/home/super/uestc-gbplanner/devel/.private/planner_msgs/include/planner_msgs/pathFollowerActionActionFeedback.h, /home/super/uestc-gbplanner/devel/include/planner_msgs/pathFollowerActionActionFeedback.h)
Linked: (/home/super/uestc-gbplanner/devel/.private/planner_msgs/lib/pkgconfig/planner_msgs.pc, /home/super/uestc-gbplanner/devel/lib/pkgconfig/planner_msgs.pc)
Linked: (/home/super/uestc-gbplanner/devel/.private/planner_msgs/lib/python3/dist-packages/planner_msgs/__init__.py, /home/super/uestc-gbplanner/devel/lib/python3/dist-packages/planner_msgs/__init__.py)
Linked: (/home/super/uestc-gbplanner/devel/.private/planner_msgs/lib/python3/dist-packages/planner_msgs/srv/_planner_search.py, /home/super/uestc-gbplanner/devel/lib/python3/dist-packages/planner_msgs/srv/_planner_search.py)
Linked: (/home/super/uestc-gbplanner/devel/.private/planner_msgs/lib/python3/dist-packages/planner_msgs/srv/_planner_string_trigger.py, /home/super/uestc-gbplanner/devel/lib/python3/dist-packages/planner_msgs/srv/_planner_string_trigger.py)
Linked: (/home/super/uestc-gbplanner/devel/.private/planner_msgs/lib/python3/dist-packages/planner_msgs/srv/_planner_set_planning_mode.py, /home/super/uestc-gbplanner/devel/lib/python3/dist-packages/planner_msgs/srv/_planner_set_planning_mode.py)
Linked: (/home/super/uestc-gbplanner/devel/.private/planner_msgs/lib/python3/dist-packages/planner_msgs/srv/__init__.py, /home/super/uestc-gbplanner/devel/lib/python3/dist-packages/planner_msgs/srv/__init__.py)
Linked: (/home/super/uestc-gbplanner/devel/.private/planner_msgs/lib/python3/dist-packages/planner_msgs/srv/_pci_stop.py, /home/super/uestc-gbplanner/devel/lib/python3/dist-packages/planner_msgs/srv/_pci_stop.py)
Linked: (/home/super/uestc-gbplanner/devel/.private/planner_msgs/lib/python3/dist-packages/planner_msgs/srv/_pci_global.py, /home/super/uestc-gbplanner/devel/lib/python3/dist-packages/planner_msgs/srv/_pci_global.py)
Linked: (/home/super/uestc-gbplanner/devel/.private/planner_msgs/lib/python3/dist-packages/planner_msgs/srv/_planner_go_to_waypoint.py, /home/super/uestc-gbplanner/devel/lib/python3/dist-packages/planner_msgs/srv/_planner_go_to_waypoint.py)
Linked: (/home/super/uestc-gbplanner/devel/.private/planner_msgs/lib/python3/dist-packages/planner_msgs/srv/_planner_homing.py, /home/super/uestc-gbplanner/devel/lib/python3/dist-packages/planner_msgs/srv/_planner_homing.py)
Linked: (/home/super/uestc-gbplanner/devel/.private/planner_msgs/lib/python3/dist-packages/planner_msgs/srv/_planner_dynamic_global_bound.py, /home/super/uestc-gbplanner/devel/lib/python3/dist-packages/planner_msgs/srv/_planner_dynamic_global_bound.py)
Linked: (/home/super/uestc-gbplanner/devel/.private/planner_msgs/lib/python3/dist-packages/planner_msgs/srv/_pci_to_waypoint.py, /home/super/uestc-gbplanner/devel/lib/python3/dist-packages/planner_msgs/srv/_pci_to_waypoint.py)
Linked: (/home/super/uestc-gbplanner/devel/.private/planner_msgs/lib/python3/dist-packages/planner_msgs/srv/_pci_homing_trigger.py, /home/super/uestc-gbplanner/devel/lib/python3/dist-packages/planner_msgs/srv/_pci_homing_trigger.py)
Linked: (/home/super/uestc-gbplanner/devel/.private/planner_msgs/lib/python3/dist-packages/planner_msgs/srv/_pci_search.py, /home/super/uestc-gbplanner/devel/lib/python3/dist-packages/planner_msgs/srv/_pci_search.py)
Linked: (/home/super/uestc-gbplanner/devel/.private/planner_msgs/lib/python3/dist-packages/planner_msgs/srv/_planner_srv.py, /home/super/uestc-gbplanner/devel/lib/python3/dist-packages/planner_msgs/srv/_planner_srv.py)
Linked: (/home/super/uestc-gbplanner/devel/.private/planner_msgs/lib/python3/dist-packages/planner_msgs/srv/_planner_request_path.py, /home/super/uestc-gbplanner/devel/lib/python3/dist-packages/planner_msgs/srv/_planner_request_path.py)
Linked: (/home/super/uestc-gbplanner/devel/.private/planner_msgs/lib/python3/dist-packages/planner_msgs/srv/_planner_geofence.py, /home/super/uestc-gbplanner/devel/lib/python3/dist-packages/planner_msgs/srv/_planner_geofence.py)
Linked: (/home/super/uestc-gbplanner/devel/.private/planner_msgs/lib/python3/dist-packages/planner_msgs/srv/_pci_initialization.py, /home/super/uestc-gbplanner/devel/lib/python3/dist-packages/planner_msgs/srv/_pci_initialization.py)
Linked: (/home/super/uestc-gbplanner/devel/.private/planner_msgs/lib/python3/dist-packages/planner_msgs/srv/_planner_global.py, /home/super/uestc-gbplanner/devel/lib/python3/dist-packages/planner_msgs/srv/_planner_global.py)
Linked: (/home/super/uestc-gbplanner/devel/.private/planner_msgs/lib/python3/dist-packages/planner_msgs/srv/_pci_geofence.py, /home/super/uestc-gbplanner/devel/lib/python3/dist-packages/planner_msgs/srv/_pci_geofence.py)
Linked: (/home/super/uestc-gbplanner/devel/.private/planner_msgs/lib/python3/dist-packages/planner_msgs/srv/_planner_set_vel.py, /home/super/uestc-gbplanner/devel/lib/python3/dist-packages/planner_msgs/srv/_planner_set_vel.py)
Linked: (/home/super/uestc-gbplanner/devel/.private/planner_msgs/lib/python3/dist-packages/planner_msgs/srv/_pci_trigger.py, /home/super/uestc-gbplanner/devel/lib/python3/dist-packages/planner_msgs/srv/_pci_trigger.py)
Linked: (/home/super/uestc-gbplanner/devel/.private/planner_msgs/lib/python3/dist-packages/planner_msgs/srv/_planner_set_global_bound.py, /home/super/uestc-gbplanner/devel/lib/python3/dist-packages/planner_msgs/srv/_planner_set_global_bound.py)
Linked: (/home/super/uestc-gbplanner/devel/.private/planner_msgs/lib/python3/dist-packages/planner_msgs/srv/_pci_set_homing_pos.py, /home/super/uestc-gbplanner/devel/lib/python3/dist-packages/planner_msgs/srv/_pci_set_homing_pos.py)
Linked: (/home/super/uestc-gbplanner/devel/.private/planner_msgs/lib/python3/dist-packages/planner_msgs/srv/_planner_set_homing_pos.py, /home/super/uestc-gbplanner/devel/lib/python3/dist-packages/planner_msgs/srv/_planner_set_homing_pos.py)
Linked: (/home/super/uestc-gbplanner/devel/.private/planner_msgs/lib/python3/dist-packages/planner_msgs/srv/_planner_set_exp_mode.py, /home/super/uestc-gbplanner/devel/lib/python3/dist-packages/planner_msgs/srv/_planner_set_exp_mode.py)
Linked: (/home/super/uestc-gbplanner/devel/.private/planner_msgs/lib/python3/dist-packages/planner_msgs/srv/_planner_set_search_mode.py, /home/super/uestc-gbplanner/devel/lib/python3/dist-packages/planner_msgs/srv/_planner_set_search_mode.py)
Linked: (/home/super/uestc-gbplanner/devel/.private/planner_msgs/lib/python3/dist-packages/planner_msgs/msg/_pathFollowerActionActionFeedback.py, /home/super/uestc-gbplanner/devel/lib/python3/dist-packages/planner_msgs/msg/_pathFollowerActionActionFeedback.py)
Linked: (/home/super/uestc-gbplanner/devel/.private/planner_msgs/lib/python3/dist-packages/planner_msgs/msg/_PlannerStatus.py, /home/super/uestc-gbplanner/devel/lib/python3/dist-packages/planner_msgs/msg/_PlannerStatus.py)
Linked: (/home/super/uestc-gbplanner/devel/.private/planner_msgs/lib/python3/dist-packages/planner_msgs/msg/_pathFollowerActionActionResult.py, /home/super/uestc-gbplanner/devel/lib/python3/dist-packages/planner_msgs/msg/_pathFollowerActionActionResult.py)
Linked: (/home/super/uestc-gbplanner/devel/.private/planner_msgs/lib/python3/dist-packages/planner_msgs/msg/_pathFollowerActionAction.py, /home/super/uestc-gbplanner/devel/lib/python3/dist-packages/planner_msgs/msg/_pathFollowerActionAction.py)
Linked: (/home/super/uestc-gbplanner/devel/.private/planner_msgs/lib/python3/dist-packages/planner_msgs/msg/__init__.py, /home/super/uestc-gbplanner/devel/lib/python3/dist-packages/planner_msgs/msg/__init__.py)
Linked: (/home/super/uestc-gbplanner/devel/.private/planner_msgs/lib/python3/dist-packages/planner_msgs/msg/_PlanningMode.py, /home/super/uestc-gbplanner/devel/lib/python3/dist-packages/planner_msgs/msg/_PlanningMode.py)
Linked: (/home/super/uestc-gbplanner/devel/.private/planner_msgs/lib/python3/dist-packages/planner_msgs/msg/_PlanningBound.py, /home/super/uestc-gbplanner/devel/lib/python3/dist-packages/planner_msgs/msg/_PlanningBound.py)
Linked: (/home/super/uestc-gbplanner/devel/.private/planner_msgs/lib/python3/dist-packages/planner_msgs/msg/_RectangleShape.py, /home/super/uestc-gbplanner/devel/lib/python3/dist-packages/planner_msgs/msg/_RectangleShape.py)
Linked: (/home/super/uestc-gbplanner/devel/.private/planner_msgs/lib/python3/dist-packages/planner_msgs/msg/_pathFollowerActionFeedback.py, /home/super/uestc-gbplanner/devel/lib/python3/dist-packages/planner_msgs/msg/_pathFollowerActionFeedback.py)
Linked: (/home/super/uestc-gbplanner/devel/.private/planner_msgs/lib/python3/dist-packages/planner_msgs/msg/_pathFollowerActionResult.py, /home/super/uestc-gbplanner/devel/lib/python3/dist-packages/planner_msgs/msg/_pathFollowerActionResult.py)
Linked: (/home/super/uestc-gbplanner/devel/.private/planner_msgs/lib/python3/dist-packages/planner_msgs/msg/_ExecutionPathMode.py, /home/super/uestc-gbplanner/devel/lib/python3/dist-packages/planner_msgs/msg/_ExecutionPathMode.py)
Linked: (/home/super/uestc-gbplanner/devel/.private/planner_msgs/lib/python3/dist-packages/planner_msgs/msg/_BehaviourPlannerLogger.py, /home/super/uestc-gbplanner/devel/lib/python3/dist-packages/planner_msgs/msg/_BehaviourPlannerLogger.py)
Linked: (/home/super/uestc-gbplanner/devel/.private/planner_msgs/lib/python3/dist-packages/planner_msgs/msg/_pathFollowerActionGoal.py, /home/super/uestc-gbplanner/devel/lib/python3/dist-packages/planner_msgs/msg/_pathFollowerActionGoal.py)
Linked: (/home/super/uestc-gbplanner/devel/.private/planner_msgs/lib/python3/dist-packages/planner_msgs/msg/_RobotStatus.py, /home/super/uestc-gbplanner/devel/lib/python3/dist-packages/planner_msgs/msg/_RobotStatus.py)
Linked: (/home/super/uestc-gbplanner/devel/.private/planner_msgs/lib/python3/dist-packages/planner_msgs/msg/_Graph.py, /home/super/uestc-gbplanner/devel/lib/python3/dist-packages/planner_msgs/msg/_Graph.py)
Linked: (/home/super/uestc-gbplanner/devel/.private/planner_msgs/lib/python3/dist-packages/planner_msgs/msg/_Vertex.py, /home/super/uestc-gbplanner/devel/lib/python3/dist-packages/planner_msgs/msg/_Vertex.py)
Linked: (/home/super/uestc-gbplanner/devel/.private/planner_msgs/lib/python3/dist-packages/planner_msgs/msg/_BoundMode.py, /home/super/uestc-gbplanner/devel/lib/python3/dist-packages/planner_msgs/msg/_BoundMode.py)
Linked: (/home/super/uestc-gbplanner/devel/.private/planner_msgs/lib/python3/dist-packages/planner_msgs/msg/_pathFollowerActionActionGoal.py, /home/super/uestc-gbplanner/devel/lib/python3/dist-packages/planner_msgs/msg/_pathFollowerActionActionGoal.py)
Linked: (/home/super/uestc-gbplanner/devel/.private/planner_msgs/lib/python3/dist-packages/planner_msgs/msg/_CoveragePlannerLogger.py, /home/super/uestc-gbplanner/devel/lib/python3/dist-packages/planner_msgs/msg/_CoveragePlannerLogger.py)
Linked: (/home/super/uestc-gbplanner/devel/.private/planner_msgs/lib/python3/dist-packages/planner_msgs/msg/_Edge.py, /home/super/uestc-gbplanner/devel/lib/python3/dist-packages/planner_msgs/msg/_Edge.py)
Linked: (/home/super/uestc-gbplanner/devel/.private/planner_msgs/lib/python3/dist-packages/planner_msgs/msg/_TriggerMode.py, /home/super/uestc-gbplanner/devel/lib/python3/dist-packages/planner_msgs/msg/_TriggerMode.py)
