[  0%] Built target geometry_msgs_generate_messages_py
[  0%] Built target actionlib_msgs_generate_messages_py
[  0%] Built target _planner_msgs_generate_messages_check_deps_planner_set_search_mode
[  0%] Built target _planner_msgs_generate_messages_check_deps_planner_homing
[  0%] Built target _planner_msgs_generate_messages_check_deps_pci_search
[  0%] Built target _planner_msgs_generate_messages_check_deps_RectangleShape
[  0%] Built target _planner_msgs_generate_messages_check_deps_planner_set_exp_mode
[  0%] Built target _planner_msgs_generate_messages_check_deps_pathFollowerActionFeedback
[  0%] Built target _planner_msgs_generate_messages_check_deps_pathFollowerActionActionResult
[  0%] Built target _planner_msgs_generate_messages_check_deps_planner_set_vel
[  0%] Built target _planner_msgs_generate_messages_check_deps_PlannerStatus
[  0%] Built target _planner_msgs_generate_messages_check_deps_PlanningMode
[  0%] Built target _planner_msgs_generate_messages_check_deps_planner_request_path
[  0%] Built target _planner_msgs_generate_messages_check_deps_pci_global
[  0%] Built target _planner_msgs_generate_messages_check_deps_pci_set_homing_pos
[  0%] Built target _planner_msgs_generate_messages_check_deps_pathFollowerActionActionGoal
[  0%] Built target _planner_msgs_generate_messages_check_deps_Vertex
[  0%] Built target _planner_msgs_generate_messages_check_deps_Edge
[  0%] Built target _planner_msgs_generate_messages_check_deps_pci_to_waypoint
[  0%] Built target _planner_msgs_generate_messages_check_deps_pci_initialization
[  0%] Built target _planner_msgs_generate_messages_check_deps_CoveragePlannerLogger
[  0%] Built target _planner_msgs_generate_messages_check_deps_Graph
[  0%] Built target _planner_msgs_generate_messages_check_deps_RobotStatus
[  0%] Built target _planner_msgs_generate_messages_check_deps_planner_global
[  0%] Built target _planner_msgs_generate_messages_check_deps_pathFollowerActionAction
[  0%] Built target _planner_msgs_generate_messages_check_deps_ExecutionPathMode
[  0%] Built target _planner_msgs_generate_messages_check_deps_pathFollowerActionActionFeedback
[  0%] Built target _planner_msgs_generate_messages_check_deps_planner_search
[  0%] Built target _planner_msgs_generate_messages_check_deps_pci_trigger
[  0%] Built target _planner_msgs_generate_messages_check_deps_pci_homing_trigger
[  0%] Built target _planner_msgs_generate_messages_check_deps_pathFollowerActionGoal
[  0%] Built target _planner_msgs_generate_messages_check_deps_pathFollowerActionResult
[  0%] Built target _planner_msgs_generate_messages_check_deps_pci_stop
[  0%] Built target _planner_msgs_generate_messages_check_deps_pci_geofence
[  0%] Built target _planner_msgs_generate_messages_check_deps_BehaviourPlannerLogger
[  0%] Built target _planner_msgs_generate_messages_check_deps_BoundMode
[  0%] Built target _planner_msgs_generate_messages_check_deps_planner_srv
[  0%] Built target _planner_msgs_generate_messages_check_deps_TriggerMode
[  0%] Built target _planner_msgs_generate_messages_check_deps_planner_dynamic_global_bound
[  0%] Built target geometry_msgs_generate_messages_eus
[  0%] Built target _planner_msgs_generate_messages_check_deps_planner_string_trigger
[  0%] Built target _planner_msgs_generate_messages_check_deps_planner_set_homing_pos
[  0%] Built target _planner_msgs_generate_messages_check_deps_planner_set_global_bound
[  0%] Built target actionlib_msgs_generate_messages_eus
[  0%] Built target _planner_msgs_generate_messages_check_deps_planner_go_to_waypoint
[  0%] Built target _planner_msgs_generate_messages_check_deps_planner_set_planning_mode
[  0%] Built target geometry_msgs_generate_messages_nodejs
[  0%] Built target actionlib_msgs_generate_messages_nodejs
[  0%] Built target _planner_msgs_generate_messages_check_deps_PlanningBound
[  0%] Built target geometry_msgs_generate_messages_lisp
[  0%] Built target _planner_msgs_generate_messages_check_deps_planner_geofence
[  0%] Built target actionlib_msgs_generate_messages_lisp
[  0%] Built target geometry_msgs_generate_messages_cpp
[  0%] Built target actionlib_msgs_generate_messages_cpp
[ 20%] Built target planner_msgs_generate_messages_py
[ 40%] Built target planner_msgs_generate_messages_eus
[ 60%] Built target planner_msgs_generate_messages_lisp
[ 80%] Built target planner_msgs_generate_messages_nodejs
[100%] Built target planner_msgs_generate_messages_cpp
[100%] Built target planner_msgs_generate_messages
