[35m[1mScanning dependencies of target quadrotor_msgs_generate_messages_py[0m
[35m[1mScanning dependencies of target bond_generate_messages_py[0m
[35m[1mScanning dependencies of target quadrotor_msgs_generate_messages_nodejs[0m
[35m[1mScanning dependencies of target quadrotor_msgs_generate_messages_eus[0m
[35m[1mScanning dependencies of target std_srvs_generate_messages_eus[0m
[35m[1mScanning dependencies of target nodelet_generate_messages_py[0m
[35m[1mScanning dependencies of target geometry_msgs_generate_messages_nodejs[0m
[35m[1mScanning dependencies of target dynamic_reconfigure_generate_messages_lisp[0m
[35m[1mScanning dependencies of target std_srvs_generate_messages_nodejs[0m
[35m[1mScanning dependencies of target bond_generate_messages_nodejs[0m
[35m[1mScanning dependencies of target nodelet_generate_messages_eus[0m
[35m[1mScanning dependencies of target nodelet_generate_messages_nodejs[0m
[35m[1mScanning dependencies of target dynamic_reconfigure_generate_messages_eus[0m
[  0%] Built target std_srvs_generate_messages_eus
[  0%] Built target quadrotor_msgs_generate_messages_eus
[35m[1mScanning dependencies of target dynamic_reconfigure_generate_messages_cpp[0m
[35m[1mScanning dependencies of target rosgraph_msgs_generate_messages_nodejs[0m
[35m[1mScanning dependencies of target pcl_ros_gencfg[0m
[  0%] Built target quadrotor_msgs_generate_messages_py
[35m[1mScanning dependencies of target actionlib_generate_messages_eus[0m
[35m[1mScanning dependencies of target rosgraph_msgs_generate_messages_cpp[0m
[35m[1mScanning dependencies of target rosgraph_msgs_generate_messages_eus[0m
[  0%] Built target nodelet_generate_messages_py
[  0%] Built target quadrotor_msgs_generate_messages_nodejs
[  0%] Built target std_srvs_generate_messages_nodejs
[  0%] Built target dynamic_reconfigure_generate_messages_lisp
[  0%] Built target bond_generate_messages_nodejs
[  0%] Built target geometry_msgs_generate_messages_nodejs
[  0%] Built target nodelet_generate_messages_eus
[  0%] Built target rosgraph_msgs_generate_messages_cpp
[35m[1mScanning dependencies of target trajectory_msgs_generate_messages_py[0m
[  0%] Built target bond_generate_messages_py
[35m[1mScanning dependencies of target roscpp_generate_messages_nodejs[0m
[  0%] Built target rosgraph_msgs_generate_messages_nodejs
[35m[1mScanning dependencies of target pcl_msgs_generate_messages_nodejs[0m
[  0%] Built target dynamic_reconfigure_generate_messages_eus
[  0%] Built target actionlib_generate_messages_eus
[  0%] Built target rosgraph_msgs_generate_messages_eus
[35m[1mScanning dependencies of target pcl_msgs_generate_messages_lisp[0m
[35m[1mScanning dependencies of target pcl_msgs_generate_messages_py[0m
[35m[1mScanning dependencies of target nodelet_topic_tools_gencfg[0m
[35m[1mScanning dependencies of target planner_semantic_msgs_generate_messages_py[0m
[  0%] Built target nodelet_generate_messages_nodejs
[  0%] Built target dynamic_reconfigure_generate_messages_cpp
[  0%] Built target pcl_ros_gencfg
[35m[1mScanning dependencies of target geometry_msgs_generate_messages_cpp[0m
[35m[1mScanning dependencies of target dynamic_reconfigure_generate_messages_nodejs[0m
[35m[1mScanning dependencies of target sensor_msgs_generate_messages_cpp[0m
[35m[1mScanning dependencies of target tf2_msgs_generate_messages_py[0m
[35m[1mScanning dependencies of target nav_msgs_generate_messages_nodejs[0m
[35m[1mScanning dependencies of target dynamic_reconfigure_gencfg[0m
[  0%] Built target roscpp_generate_messages_nodejs
[35m[1mScanning dependencies of target bond_generate_messages_cpp[0m
[  0%] Built target pcl_msgs_generate_messages_lisp
[  0%] Built target planner_semantic_msgs_generate_messages_py
[  0%] Built target trajectory_msgs_generate_messages_py
[  0%] Built target geometry_msgs_generate_messages_cpp
[  0%] Built target pcl_msgs_generate_messages_nodejs
[  0%] Built target pcl_msgs_generate_messages_py
[35m[1mScanning dependencies of target std_msgs_generate_messages_py[0m
[  0%] Built target nodelet_topic_tools_gencfg
[35m[1mScanning dependencies of target sensor_msgs_generate_messages_eus[0m
[35m[1mScanning dependencies of target geometry_msgs_generate_messages_lisp[0m
[  0%] Built target dynamic_reconfigure_generate_messages_nodejs
[35m[1mScanning dependencies of target actionlib_msgs_generate_messages_nodejs[0m
[  0%] Built target sensor_msgs_generate_messages_cpp
[35m[1mScanning dependencies of target pcl_msgs_generate_messages_eus[0m
[35m[1mScanning dependencies of target actionlib_msgs_generate_messages_lisp[0m
[35m[1mScanning dependencies of target bond_generate_messages_lisp[0m
[35m[1mScanning dependencies of target planner_semantic_msgs_generate_messages_lisp[0m
[35m[1mScanning dependencies of target roscpp_generate_messages_py[0m
[35m[1mScanning dependencies of target pcl_msgs_generate_messages_cpp[0m
[  0%] Built target bond_generate_messages_cpp
[  0%] Built target nav_msgs_generate_messages_nodejs
[  0%] Built target sensor_msgs_generate_messages_eus
[  0%] Built target geometry_msgs_generate_messages_lisp
[  0%] Built target dynamic_reconfigure_gencfg
[  0%] Built target tf2_msgs_generate_messages_py
[  0%] Built target pcl_msgs_generate_messages_eus
[  0%] Built target std_msgs_generate_messages_py
[  0%] Built target actionlib_msgs_generate_messages_lisp
[  0%] Built target bond_generate_messages_lisp
[  0%] Built target actionlib_msgs_generate_messages_nodejs
[35m[1mScanning dependencies of target sensor_msgs_generate_messages_py[0m
[35m[1mScanning dependencies of target tf2_msgs_generate_messages_eus[0m
[35m[1mScanning dependencies of target roscpp_generate_messages_cpp[0m
[  0%] Built target planner_semantic_msgs_generate_messages_lisp
[35m[1mScanning dependencies of target geometry_msgs_generate_messages_py[0m
[35m[1mScanning dependencies of target rviz_generate_messages_cpp[0m
[35m[1mScanning dependencies of target planner_semantic_msgs_generate_messages_eus[0m
[35m[1mScanning dependencies of target std_srvs_generate_messages_cpp[0m
[35m[1mScanning dependencies of target visualization_msgs_generate_messages_cpp[0m
[35m[1mScanning dependencies of target sensor_msgs_generate_messages_nodejs[0m
[35m[1mScanning dependencies of target tf_generate_messages_eus[0m
[35m[1mScanning dependencies of target trajectory_msgs_generate_messages_eus[0m
[35m[1mScanning dependencies of target rosgraph_msgs_generate_messages_lisp[0m
[  0%] Built target pcl_msgs_generate_messages_cpp
[  0%] Built target roscpp_generate_messages_py
[35m[1mScanning dependencies of target std_msgs_generate_messages_lisp[0m
[  0%] Built target std_srvs_generate_messages_cpp
[  0%] Built target planner_semantic_msgs_generate_messages_eus
[  0%] Built target tf2_msgs_generate_messages_eus
[35m[1mScanning dependencies of target std_srvs_generate_messages_lisp[0m
[  0%] Built target visualization_msgs_generate_messages_cpp
[  0%] Built target geometry_msgs_generate_messages_py
[35m[1mScanning dependencies of target dynamic_reconfigure_generate_messages_py[0m
[  0%] Built target sensor_msgs_generate_messages_py
[35m[1mScanning dependencies of target std_msgs_generate_messages_eus[0m
[  0%] Built target rviz_generate_messages_cpp
[35m[1mScanning dependencies of target roscpp_generate_messages_lisp[0m
[  0%] Built target sensor_msgs_generate_messages_nodejs
[  0%] Built target roscpp_generate_messages_cpp
[  0%] Built target tf_generate_messages_eus
[  0%] Built target trajectory_msgs_generate_messages_eus
[35m[1mScanning dependencies of target actionlib_msgs_generate_messages_eus[0m
[35m[1mScanning dependencies of target bond_generate_messages_eus[0m
[  0%] Built target std_msgs_generate_messages_lisp
[  0%] Built target dynamic_reconfigure_generate_messages_py
[  0%] Built target rosgraph_msgs_generate_messages_lisp
[  0%] Built target std_srvs_generate_messages_lisp
[35m[1mScanning dependencies of target map_msgs_generate_messages_eus[0m
[35m[1mScanning dependencies of target nodelet_generate_messages_lisp[0m
[  0%] Built target std_msgs_generate_messages_eus
[35m[1mScanning dependencies of target actionlib_generate_messages_lisp[0m
[35m[1mScanning dependencies of target map_msgs_generate_messages_py[0m
[35m[1mScanning dependencies of target std_msgs_generate_messages_cpp[0m
[35m[1mScanning dependencies of target std_msgs_generate_messages_nodejs[0m
[  0%] Built target actionlib_msgs_generate_messages_eus
[  0%] Built target roscpp_generate_messages_lisp
[  0%] Built target bond_generate_messages_eus
[35m[1mScanning dependencies of target geometry_msgs_generate_messages_eus[0m
[  0%] Built target std_msgs_generate_messages_nodejs
[  0%] Built target nodelet_generate_messages_lisp
[  0%] Built target map_msgs_generate_messages_py
[  0%] Built target map_msgs_generate_messages_eus
[  0%] Built target actionlib_generate_messages_lisp
[  0%] Built target std_msgs_generate_messages_cpp
[35m[1mScanning dependencies of target roscpp_generate_messages_eus[0m
[35m[1mScanning dependencies of target visualization_msgs_generate_messages_py[0m
[35m[1mScanning dependencies of target topic_tools_generate_messages_cpp[0m
[35m[1mScanning dependencies of target topic_tools_generate_messages_eus[0m
[  0%] Built target geometry_msgs_generate_messages_eus
[35m[1mScanning dependencies of target topic_tools_generate_messages_nodejs[0m
[35m[1mScanning dependencies of target topic_tools_generate_messages_lisp[0m
[35m[1mScanning dependencies of target tf_generate_messages_nodejs[0m
[35m[1mScanning dependencies of target actionlib_generate_messages_nodejs[0m
[35m[1mScanning dependencies of target voxblox_msgs_generate_messages_lisp[0m
[35m[1mScanning dependencies of target planner_semantic_msgs_generate_messages_nodejs[0m
[35m[1mScanning dependencies of target actionlib_generate_messages_cpp[0m
[35m[1mScanning dependencies of target planner_msgs_generate_messages_eus[0m
[35m[1mScanning dependencies of target tf_generate_messages_lisp[0m
[35m[1mScanning dependencies of target rviz_generate_messages_eus[0m
[35m[1mScanning dependencies of target topic_tools_generate_messages_py[0m
[35m[1mScanning dependencies of target std_srvs_generate_messages_py[0m
[35m[1mScanning dependencies of target actionlib_generate_messages_py[0m
[35m[1mScanning dependencies of target nav_msgs_generate_messages_py[0m
[35m[1mScanning dependencies of target actionlib_msgs_generate_messages_cpp[0m
[  0%] Built target topic_tools_generate_messages_cpp
[  0%] Built target voxblox_msgs_generate_messages_lisp
[  0%] Built target planner_msgs_generate_messages_eus
[  0%] Built target topic_tools_generate_messages_nodejs
[  0%] Built target rviz_generate_messages_eus
[  0%] Built target visualization_msgs_generate_messages_py
[  0%] Built target std_srvs_generate_messages_py
[  0%] Built target roscpp_generate_messages_eus
[  0%] Built target tf_generate_messages_lisp
[  0%] Built target planner_semantic_msgs_generate_messages_nodejs
[  0%] Built target topic_tools_generate_messages_lisp
[  0%] Built target topic_tools_generate_messages_py
[  0%] Built target topic_tools_generate_messages_eus
[  0%] Built target tf_generate_messages_nodejs
[35m[1mScanning dependencies of target actionlib_msgs_generate_messages_py[0m
[  0%] Built target actionlib_generate_messages_nodejs
[  0%] Built target actionlib_generate_messages_cpp
[  0%] Built target actionlib_generate_messages_py
[  0%] Built target nav_msgs_generate_messages_py
[35m[1mScanning dependencies of target tf2_msgs_generate_messages_lisp[0m
[35m[1mScanning dependencies of target nodelet_generate_messages_cpp[0m
[  0%] Built target actionlib_msgs_generate_messages_cpp
[35m[1mScanning dependencies of target visualization_msgs_generate_messages_eus[0m
[35m[1mScanning dependencies of target tf2_msgs_generate_messages_nodejs[0m
[35m[1mScanning dependencies of target sensor_msgs_generate_messages_lisp[0m
[35m[1mScanning dependencies of target visualization_msgs_generate_messages_lisp[0m
[  0%] Built target actionlib_msgs_generate_messages_py
[35m[1mScanning dependencies of target nav_msgs_generate_messages_cpp[0m
[35m[1mScanning dependencies of target tf2_msgs_generate_messages_cpp[0m
[35m[1mScanning dependencies of target nav_msgs_generate_messages_eus[0m
[35m[1mScanning dependencies of target rosgraph_msgs_generate_messages_py[0m
[35m[1mScanning dependencies of target quadrotor_msgs_generate_messages_lisp[0m
[35m[1mScanning dependencies of target visualization_msgs_generate_messages_nodejs[0m
[35m[1mScanning dependencies of target voxblox_msgs_generate_messages_eus[0m
[35m[1mScanning dependencies of target voxblox_msgs_generate_messages_cpp[0m
[35m[1mScanning dependencies of target voxblox_msgs_generate_messages_py[0m
[35m[1mScanning dependencies of target tf_generate_messages_py[0m
[35m[1mScanning dependencies of target rviz_generate_messages_nodejs[0m
[35m[1mScanning dependencies of target nav_msgs_generate_messages_lisp[0m
[35m[1mScanning dependencies of target voxblox_msgs_generate_messages_nodejs[0m
[  0%] Built target tf2_msgs_generate_messages_lisp
[35m[1mScanning dependencies of target rviz_generate_messages_lisp[0m
[  0%] Built target visualization_msgs_generate_messages_eus
[35m[1mScanning dependencies of target tf_generate_messages_cpp[0m
[  0%] Built target quadrotor_msgs_generate_messages_lisp
[  0%] Built target sensor_msgs_generate_messages_lisp
[  0%] Built target nodelet_generate_messages_cpp
[  0%] Built target visualization_msgs_generate_messages_nodejs
[  0%] Built target tf2_msgs_generate_messages_nodejs
[  0%] Built target visualization_msgs_generate_messages_lisp
[  0%] Built target tf2_msgs_generate_messages_cpp
[  0%] Built target rosgraph_msgs_generate_messages_py
[  0%] Built target nav_msgs_generate_messages_eus
[  0%] Built target voxblox_msgs_generate_messages_eus
[  0%] Built target voxblox_msgs_generate_messages_cpp
[  0%] Built target nav_msgs_generate_messages_lisp
[  0%] Built target nav_msgs_generate_messages_cpp
[  0%] Built target voxblox_msgs_generate_messages_nodejs
[  0%] Built target voxblox_msgs_generate_messages_py
[  0%] Built target rviz_generate_messages_lisp
[35m[1mScanning dependencies of target rviz_generate_messages_py[0m
[35m[1mScanning dependencies of target map_msgs_generate_messages_cpp[0m
[  0%] Built target rviz_generate_messages_nodejs
[35m[1mScanning dependencies of target planner_msgs_generate_messages_cpp[0m
[35m[1mScanning dependencies of target planner_semantic_msgs_generate_messages_cpp[0m
[35m[1mScanning dependencies of target trajectory_msgs_generate_messages_lisp[0m
[35m[1mScanning dependencies of target trajectory_msgs_generate_messages_cpp[0m
[  0%] Built target tf_generate_messages_cpp
[35m[1mScanning dependencies of target map_msgs_generate_messages_nodejs[0m
[35m[1mScanning dependencies of target trajectory_msgs_generate_messages_nodejs[0m
[  0%] Built target tf_generate_messages_py
[35m[1mScanning dependencies of target planner_msgs_generate_messages_lisp[0m
[35m[1mScanning dependencies of target quadrotor_msgs_generate_messages_cpp[0m
[35m[1mScanning dependencies of target planner_msgs_generate_messages_py[0m
[35m[1mScanning dependencies of target planner_msgs_generate_messages_nodejs[0m
[  0%] Built target rviz_generate_messages_py
[  0%] Built target trajectory_msgs_generate_messages_lisp
[35m[1mScanning dependencies of target map_msgs_generate_messages_lisp[0m
[  0%] Built target trajectory_msgs_generate_messages_cpp
[  0%] Built target map_msgs_generate_messages_cpp
[  0%] Built target planner_semantic_msgs_generate_messages_cpp
[  0%] Built target planner_msgs_generate_messages_cpp
[  0%] Built target planner_msgs_generate_messages_nodejs
[  0%] Built target planner_msgs_generate_messages_py
[  0%] Built target map_msgs_generate_messages_nodejs
[  0%] Built target planner_msgs_generate_messages_lisp
[  0%] Built target trajectory_msgs_generate_messages_nodejs
[  0%] Built target quadrotor_msgs_generate_messages_cpp
[  0%] Built target map_msgs_generate_messages_lisp
[35m[1mScanning dependencies of target traj_server_node[0m
[35m[1mScanning dependencies of target pointcloud_real_robot_converter_node[0m
[35m[1mScanning dependencies of target odom_to_tf_node[0m
[35m[1mScanning dependencies of target pointcloud_frame_fixer_node[0m
[35m[1mScanning dependencies of target gbplanner[0m
[  7%] [32mBuilding CXX object CMakeFiles/pointcloud_frame_fixer_node.dir/src/pointcloud_frame_fixer_node.cpp.o[0m
[ 14%] [32mBuilding CXX object CMakeFiles/odom_to_tf_node.dir/src/odom_to_tf_node.cpp.o[0m
[ 21%] [32mBuilding CXX object CMakeFiles/traj_server_node.dir/src/traj_server_node.cpp.o[0m
[ 28%] [32mBuilding CXX object CMakeFiles/pointcloud_real_robot_converter_node.dir/src/pointcloud_real_robot_converter_node.cpp.o[0m
[ 35%] [32mBuilding CXX object CMakeFiles/gbplanner.dir/src/gbplanner_rviz.cpp.o[0m
[ 42%] [32mBuilding CXX object CMakeFiles/gbplanner.dir/src/gbplanner.cpp.o[0m
[ 50%] [32mBuilding CXX object CMakeFiles/gbplanner.dir/src/rrg.cpp.o[0m
[ 57%] [32m[1mLinking CXX executable /home/super/uestc-gbplanner/devel/.private/gbplanner/lib/gbplanner/pointcloud_frame_fixer_node[0m
[ 57%] Built target pointcloud_frame_fixer_node
[ 64%] [32m[1mLinking CXX executable /home/super/uestc-gbplanner/devel/.private/gbplanner/lib/gbplanner/pointcloud_real_robot_converter_node[0m
[ 71%] [32m[1mLinking CXX executable /home/super/uestc-gbplanner/devel/.private/gbplanner/lib/gbplanner/odom_to_tf_node[0m
[ 71%] Built target pointcloud_real_robot_converter_node
[ 71%] Built target odom_to_tf_node
[ 78%] [32m[1mLinking CXX executable /home/super/uestc-gbplanner/devel/.private/gbplanner/lib/gbplanner/traj_server_node[0m
[ 78%] Built target traj_server_node
[ 85%] [32m[1mLinking CXX shared library /home/super/uestc-gbplanner/devel/.private/gbplanner/lib/libgbplanner.so[0m
[ 85%] Built target gbplanner
[35m[1mScanning dependencies of target gbplanner_node[0m
[ 92%] [32mBuilding CXX object CMakeFiles/gbplanner_node.dir/src/gbplanner_ros_node.cpp.o[0m
[100%] [32m[1mLinking CXX executable /home/super/uestc-gbplanner/devel/.private/gbplanner/lib/gbplanner/gbplanner_node[0m
[100%] Built target gbplanner_node
