[  0%] Built target quadrotor_msgs_generate_messages_eus
[  0%] Built target quadrotor_msgs_generate_messages_nodejs
[  0%] Built target quadrotor_msgs_generate_messages_py
[  0%] Built target std_srvs_generate_messages_nodejs
[  0%] Built target std_srvs_generate_messages_eus
[  0%] Built target nodelet_generate_messages_eus
[  0%] Built target bond_generate_messages_nodejs
[  0%] Built target dynamic_reconfigure_generate_messages_eus
[  0%] Built target rosgraph_msgs_generate_messages_nodejs
[  0%] Built target bond_generate_messages_py
[  0%] Built target dynamic_reconfigure_generate_messages_cpp
[  0%] Built target rosgraph_msgs_generate_messages_cpp
[  0%] Built target actionlib_generate_messages_eus
[  0%] Built target nodelet_generate_messages_py
[  0%] Built target pcl_ros_gencfg
[  0%] Built target nodelet_generate_messages_nodejs
[  0%] Built target trajectory_msgs_generate_messages_py
[  0%] Built target dynamic_reconfigure_generate_messages_lisp
[  0%] Built target geometry_msgs_generate_messages_nodejs
[  0%] Built target rosgraph_msgs_generate_messages_eus
[  0%] Built target roscpp_generate_messages_nodejs
[  0%] Built target pcl_msgs_generate_messages_py
[  0%] Built target geometry_msgs_generate_messages_cpp
[  0%] Built target pcl_msgs_generate_messages_lisp
[  0%] Built target nodelet_topic_tools_gencfg
[  0%] Built target sensor_msgs_generate_messages_cpp
[  0%] Built target pcl_msgs_generate_messages_nodejs
[  0%] Built target planner_semantic_msgs_generate_messages_py
[  0%] Built target tf2_msgs_generate_messages_py
[  0%] Built target sensor_msgs_generate_messages_eus
[  0%] Built target dynamic_reconfigure_generate_messages_nodejs
[  0%] Built target pcl_msgs_generate_messages_cpp
[  0%] Built target dynamic_reconfigure_gencfg
[  0%] Built target nav_msgs_generate_messages_nodejs
[  0%] Built target bond_generate_messages_cpp
[  0%] Built target geometry_msgs_generate_messages_lisp
[  0%] Built target planner_semantic_msgs_generate_messages_lisp
[  0%] Built target actionlib_msgs_generate_messages_nodejs
[  0%] Built target pcl_msgs_generate_messages_eus
[  0%] Built target actionlib_msgs_generate_messages_lisp
[  0%] Built target roscpp_generate_messages_py
[  0%] Built target bond_generate_messages_lisp
[  0%] Built target rviz_generate_messages_cpp
[  0%] Built target geometry_msgs_generate_messages_py
[  0%] Built target std_msgs_generate_messages_py
[  0%] Built target sensor_msgs_generate_messages_py
[  0%] Built target planner_semantic_msgs_generate_messages_eus
[  0%] Built target std_srvs_generate_messages_cpp
[  0%] Built target visualization_msgs_generate_messages_cpp
[  0%] Built target trajectory_msgs_generate_messages_eus
[  0%] Built target tf_generate_messages_eus
[  0%] Built target dynamic_reconfigure_generate_messages_py
[  0%] Built target tf2_msgs_generate_messages_eus
[  0%] Built target rosgraph_msgs_generate_messages_lisp
[  0%] Built target sensor_msgs_generate_messages_nodejs
[  0%] Built target std_msgs_generate_messages_lisp
[  0%] Built target roscpp_generate_messages_cpp
[  0%] Built target map_msgs_generate_messages_eus
[  0%] Built target actionlib_msgs_generate_messages_eus
[  0%] Built target std_msgs_generate_messages_eus
[  0%] Built target std_srvs_generate_messages_lisp
[  0%] Built target roscpp_generate_messages_lisp
[  0%] Built target geometry_msgs_generate_messages_eus
[  0%] Built target map_msgs_generate_messages_py
[  0%] Built target actionlib_generate_messages_lisp
[  0%] Built target bond_generate_messages_eus
[  0%] Built target std_msgs_generate_messages_nodejs
[  0%] Built target std_msgs_generate_messages_cpp
[  0%] Built target voxblox_msgs_generate_messages_lisp
[  0%] Built target roscpp_generate_messages_eus
[  0%] Built target nodelet_generate_messages_lisp
[  0%] Built target tf_generate_messages_lisp
[  0%] Built target topic_tools_generate_messages_nodejs
[  0%] Built target visualization_msgs_generate_messages_py
[  0%] Built target topic_tools_generate_messages_cpp
[  0%] Built target planner_msgs_generate_messages_eus
[  0%] Built target topic_tools_generate_messages_eus
[  0%] Built target rviz_generate_messages_eus
[  0%] Built target planner_semantic_msgs_generate_messages_nodejs
[  0%] Built target nav_msgs_generate_messages_py
[  0%] Built target topic_tools_generate_messages_lisp
[  0%] Built target actionlib_generate_messages_py
[  0%] Built target actionlib_generate_messages_nodejs
[  0%] Built target std_srvs_generate_messages_py
[  0%] Built target topic_tools_generate_messages_py
[  0%] Built target tf_generate_messages_nodejs
[  0%] Built target actionlib_generate_messages_cpp
[  0%] Built target nav_msgs_generate_messages_eus
[  0%] Built target nodelet_generate_messages_cpp
[  0%] Built target quadrotor_msgs_generate_messages_lisp
[  0%] Built target actionlib_msgs_generate_messages_py
[  0%] Built target visualization_msgs_generate_messages_lisp
[  0%] Built target tf2_msgs_generate_messages_lisp
[  0%] Built target rosgraph_msgs_generate_messages_py
[  0%] Built target nav_msgs_generate_messages_cpp
[  0%] Built target visualization_msgs_generate_messages_nodejs
[  0%] Built target sensor_msgs_generate_messages_lisp
[  0%] Built target tf2_msgs_generate_messages_nodejs
[  0%] Built target tf2_msgs_generate_messages_cpp
[  0%] Built target visualization_msgs_generate_messages_eus
[  0%] Built target voxblox_msgs_generate_messages_nodejs
[  0%] Built target voxblox_msgs_generate_messages_eus
[  0%] Built target nav_msgs_generate_messages_lisp
[  0%] Built target voxblox_msgs_generate_messages_py
[  0%] Built target voxblox_msgs_generate_messages_cpp
[  0%] Built target tf_generate_messages_cpp
[  0%] Built target map_msgs_generate_messages_nodejs
[  0%] Built target planner_msgs_generate_messages_cpp
[  0%] Built target actionlib_msgs_generate_messages_cpp
[  0%] Built target map_msgs_generate_messages_cpp
[  0%] Built target map_msgs_generate_messages_lisp
[  0%] Built target rviz_generate_messages_py
[  0%] Built target rviz_generate_messages_lisp
[  0%] Built target tf_generate_messages_py
[  0%] Built target planner_msgs_generate_messages_py
[  0%] Built target planner_msgs_generate_messages_nodejs
[  0%] Built target planner_semantic_msgs_generate_messages_cpp
[  0%] Built target rviz_generate_messages_nodejs
[  0%] Built target planner_msgs_generate_messages_lisp
[  0%] Built target quadrotor_msgs_generate_messages_cpp
[  0%] Built target trajectory_msgs_generate_messages_lisp
[  0%] Built target trajectory_msgs_generate_messages_cpp
[  0%] Built target trajectory_msgs_generate_messages_nodejs
[35m[1mScanning dependencies of target pointcloud_frame_fixer_node[0m
[35m[1mScanning dependencies of target pointcloud_real_robot_converter_node[0m
[  7%] [32mBuilding CXX object CMakeFiles/pointcloud_frame_fixer_node.dir/src/pointcloud_frame_fixer_node.cpp.o[0m
[ 21%] Built target odom_to_tf_node
[ 35%] Built target traj_server_node
[ 64%] Built target gbplanner
[ 71%] [32mBuilding CXX object CMakeFiles/pointcloud_real_robot_converter_node.dir/src/pointcloud_real_robot_converter_node.cpp.o[0m
[ 85%] Built target gbplanner_node
[ 92%] [32m[1mLinking CXX executable /home/super/uestc-gbplanner/devel/.private/gbplanner/lib/gbplanner/pointcloud_frame_fixer_node[0m
[ 92%] Built target pointcloud_frame_fixer_node
[100%] [32m[1mLinking CXX executable /home/super/uestc-gbplanner/devel/.private/gbplanner/lib/gbplanner/pointcloud_real_robot_converter_node[0m
[100%] Built target pointcloud_real_robot_converter_node
