CMake Error at gflags_src-stamp/download-gflags_src.cmake:159 (message):
  Each download failed!

    error: downloading 'https://github.com/gflags/gflags/archive/v2.2.1.zip' failed
         status_code: 35
         status_string: "SSL connect error"
         log:
         --- LOG BEGIN ---
           Trying 28.0.0.8:443...

  TCP_NODELAY set

  Connected to github.com (28.0.0.8) port 443 (#0)

  ALPN, offering h2

  ALPN, offering http/1.1

  successfully set certificate verify locations:

    CAfile: /etc/ssl/certs/ca-certificates.crt
    CApath: /etc/ssl/certs

  [5 bytes data]

  TLSv1.3 (OUT), TLS handshake, Client hello (1):

  [512 bytes data]

  OpenSSL SSL_connect: SSL_ERROR_SYSCALL in connection to github.com:443

  Closing connection 0

  

         --- LOG END ---
         error: downloading 'https://github.com/gflags/gflags/archive/v2.2.1.zip' failed
         status_code: 35
         status_string: "SSL connect error"
         log:
         --- LOG BEGIN ---
           Trying 28.0.0.8:443...

  TCP_NODELAY set

  Connected to github.com (28.0.0.8) port 443 (#0)

  ALPN, offering h2

  ALPN, offering http/1.1

  successfully set certificate verify locations:

    CAfile: /etc/ssl/certs/ca-certificates.crt
    CApath: /etc/ssl/certs

  [5 bytes data]

  TLSv1.3 (OUT), TLS handshake, Client hello (1):

  [512 bytes data]

  OpenSSL SSL_connect: SSL_ERROR_SYSCALL in connection to github.com:443

  Closing connection 0

  

         --- LOG END ---
         error: downloading 'https://github.com/gflags/gflags/archive/v2.2.1.zip' failed
         status_code: 35
         status_string: "SSL connect error"
         log:
         --- LOG BEGIN ---
           Trying 28.0.0.8:443...

  TCP_NODELAY set

  Connected to github.com (28.0.0.8) port 443 (#0)

  ALPN, offering h2

  ALPN, offering http/1.1

  successfully set certificate verify locations:

    CAfile: /etc/ssl/certs/ca-certificates.crt
    CApath: /etc/ssl/certs

  [5 bytes data]

  TLSv1.3 (OUT), TLS handshake, Client hello (1):

  [512 bytes data]

  OpenSSL SSL_connect: SSL_ERROR_SYSCALL in connection to github.com:443

  Closing connection 0

  

         --- LOG END ---
         error: downloading 'https://github.com/gflags/gflags/archive/v2.2.1.zip' failed
         status_code: 35
         status_string: "SSL connect error"
         log:
         --- LOG BEGIN ---
           Trying 28.0.0.8:443...

  TCP_NODELAY set

  Connected to github.com (28.0.0.8) port 443 (#0)

  ALPN, offering h2

  ALPN, offering http/1.1

  successfully set certificate verify locations:

    CAfile: /etc/ssl/certs/ca-certificates.crt
    CApath: /etc/ssl/certs

  [5 bytes data]

  TLSv1.3 (OUT), TLS handshake, Client hello (1):

  [512 bytes data]

  OpenSSL SSL_connect: SSL_ERROR_SYSCALL in connection to github.com:443

  Closing connection 0

  

         --- LOG END ---
         error: downloading 'https://github.com/gflags/gflags/archive/v2.2.1.zip' failed
         status_code: 35
         status_string: "SSL connect error"
         log:
         --- LOG BEGIN ---
           Trying 28.0.0.8:443...

  TCP_NODELAY set

  Connected to github.com (28.0.0.8) port 443 (#0)

  ALPN, offering h2

  ALPN, offering http/1.1

  successfully set certificate verify locations:

    CAfile: /etc/ssl/certs/ca-certificates.crt
    CApath: /etc/ssl/certs

  [5 bytes data]

  TLSv1.3 (OUT), TLS handshake, Client hello (1):

  [512 bytes data]

  OpenSSL SSL_connect: SSL_ERROR_SYSCALL in connection to github.com:443

  Closing connection 0

  

         --- LOG END ---
         error: downloading 'https://github.com/gflags/gflags/archive/v2.2.1.zip' failed
         status_code: 35
         status_string: "SSL connect error"
         log:
         --- LOG BEGIN ---
           Trying 28.0.0.8:443...

  TCP_NODELAY set

  Connected to github.com (28.0.0.8) port 443 (#0)

  ALPN, offering h2

  ALPN, offering http/1.1

  successfully set certificate verify locations:

    CAfile: /etc/ssl/certs/ca-certificates.crt
    CApath: /etc/ssl/certs

  [5 bytes data]

  TLSv1.3 (OUT), TLS handshake, Client hello (1):

  [512 bytes data]

  OpenSSL SSL_connect: SSL_ERROR_SYSCALL in connection to github.com:443

  Closing connection 0

  

         --- LOG END ---
         
    


make[2]: *** [CMakeFiles/gflags_src.dir/build.make:91：gflags_src-prefix/src/gflags_src-stamp/gflags_src-download] 错误 1
make[1]: *** [CMakeFiles/Makefile2:196：CMakeFiles/gflags_src.dir/all] 错误 2
make: *** [Makefile:141：all] 错误 2
