configure.ac:19: installing './compile'
configure.ac:13: installing './missing'
Makefile.am: installing './depcomp'
parallel-tests: installing './test-driver'
make[3]: warning: -j8 forced in submake: resetting jobserver mode.
In file included from [01m[Ksrc/logging_unittest.cc:58[m[K:
[01m[Ksrc/googletest.h:579:33:[m[K [01;35m[Kwarning: [m[Kdynamic exception specifications are deprecated in C++11 [[01;35m[K-Wdeprecated[m[K]
  579 | void* operator new(size_t size) [01;35m[Kthrow[m[K(std::bad_alloc) {
      |                                 [01;35m[K^~~~~[m[K
[01m[Ksrc/googletest.h:586:35:[m[K [01;35m[Kwarning: [m[Kdynamic exception specifications are deprecated in C++11 [[01;35m[K-Wdeprecated[m[K]
  586 | void* operator new[](size_t size) [01;35m[Kthrow[m[K(std::bad_alloc) {
      |                                   [01;35m[K^~~~~[m[K
In file included from [01m[Ksrc/utilities.h:82[m[K,
                 from [01m[Ksrc/logging_unittest.cc:33[m[K:
[01m[Ksrc/logging_unittest.cc:[m[K In function ‘[01m[Kvoid TestLogging(bool)[m[K’:
[01m[Ksrc/glog/logging.h:943:30:[m[K [01;35m[Kwarning: [m[Ktypedef ‘[01m[KINVALID_REQUESTED_LOG_SEVERITY[m[K’ locally defined but not used [[01;35m[K-Wunused-local-typedefs[m[K]
  943 |                              [01;35m[KINVALID_REQUESTED_LOG_SEVERITY[m[K);           \
      |                              [01;35m[K^~~~~~~~~~~~~~~~~~~~~~~~~~~~~~[m[K
[01m[Ksrc/glog/logging.h:938:73:[m[K [01;36m[Knote: [m[Kin definition of macro ‘[01m[KGOOGLE_GLOG_COMPILE_ASSERT[m[K’
  938 |   typedef google::glog_internal_namespace_::CompileAssert<(bool(expr))> [01;36m[Kmsg[m[K[bool(expr) ? 1 : -1]
      |                                                                         [01;36m[K^~~[m[K
[01m[Ksrc/logging_unittest.cc:255:5:[m[K [01;36m[Knote: [m[Kin expansion of macro ‘[01m[KLOG_EVERY_N[m[K’
  255 |     [01;36m[KLOG_EVERY_N[m[K(ERROR, 4) << "Log every 4, iteration " << COUNTER << endl;
      |     [01;36m[K^~~~~~~~~~~[m[K
[01m[Ksrc/logging_unittest.cc:[m[K In function ‘[01m[Kvoid TestDCHECK()[m[K’:
[01m[Ksrc/logging_unittest.cc:568:3:[m[K [01;35m[Kwarning: [m[K‘[01m[Ktemplate<class> class std::auto_ptr[m[K’ is deprecated [[01;35m[K-Wdeprecated-declarations[m[K]
  568 |   [01;35m[Kauto_ptr[m[K<int64> sptr(new int64);
      |   [01;35m[K^~~~~~~~[m[K
In file included from [01m[K/usr/include/c++/9/bits/locale_conv.h:41[m[K,
                 from [01m[K/usr/include/c++/9/locale:43[m[K,
                 from [01m[K/usr/include/c++/9/iomanip:43[m[K,
                 from [01m[Ksrc/logging_unittest.cc:44[m[K:
[01m[K/usr/include/c++/9/bits/unique_ptr.h:53:28:[m[K [01;36m[Knote: [m[Kdeclared here
   53 |   template<typename> class [01;36m[Kauto_ptr[m[K;
      |                            [01;36m[K^~~~~~~~[m[K
In file included from [01m[Ksrc/demangle_unittest.cc:41[m[K:
[01m[Ksrc/googletest.h:579:33:[m[K [01;35m[Kwarning: [m[Kdynamic exception specifications are deprecated in C++11 [[01;35m[K-Wdeprecated[m[K]
  579 | void* operator new(size_t size) [01;35m[Kthrow[m[K(std::bad_alloc) {
      |                                 [01;35m[K^~~~~[m[K
[01m[Ksrc/googletest.h:586:35:[m[K [01;35m[Kwarning: [m[Kdynamic exception specifications are deprecated in C++11 [[01;35m[K-Wdeprecated[m[K]
  586 | void* operator new[](size_t size) [01;35m[Kthrow[m[K(std::bad_alloc) {
      |                                   [01;35m[K^~~~~[m[K
In file included from [01m[K/usr/include/c++/9/ext/hash_set:60[m[K,
                 from [01m[Ksrc/glog/stl_logging.h:73[m[K,
                 from [01m[Ksrc/stl_logging_unittest.cc:62[m[K:
[01m[K/usr/include/c++/9/backward/backward_warning.h:32:2:[m[K [01;35m[Kwarning: [m[K#warning This file includes at least one deprecated or antiquated header which may be removed without further notice at a future date. Please use a non-deprecated interface with equivalent functionality instead. For a listing of replacement headers and interfaces, consult the file backward_warning.h. To disable this warning use -Wno-deprecated. [[01;35m[K-Wcpp[m[K]
   32 | #[01;35m[Kwarning[m[K \
      |  [01;35m[K^~~~~~~[m[K
In file included from [01m[Ksrc/symbolize_unittest.cc:41[m[K:
[01m[Ksrc/googletest.h:579:33:[m[K [01;35m[Kwarning: [m[Kdynamic exception specifications are deprecated in C++11 [[01;35m[K-Wdeprecated[m[K]
  579 | void* operator new(size_t size) [01;35m[Kthrow[m[K(std::bad_alloc) {
      |                                 [01;35m[K^~~~~[m[K
[01m[Ksrc/googletest.h:586:35:[m[K [01;35m[Kwarning: [m[Kdynamic exception specifications are deprecated in C++11 [[01;35m[K-Wdeprecated[m[K]
  586 | void* operator new[](size_t size) [01;35m[Kthrow[m[K(std::bad_alloc) {
      |                                   [01;35m[K^~~~~[m[K
In file included from [01m[Ksrc/utilities_unittest.cc:32[m[K:
[01m[Ksrc/googletest.h:579:33:[m[K [01;35m[Kwarning: [m[Kdynamic exception specifications are deprecated in C++11 [[01;35m[K-Wdeprecated[m[K]
  579 | void* operator new(size_t size) [01;35m[Kthrow[m[K(std::bad_alloc) {
      |                                 [01;35m[K^~~~~[m[K
[01m[Ksrc/googletest.h:586:35:[m[K [01;35m[Kwarning: [m[Kdynamic exception specifications are deprecated in C++11 [[01;35m[K-Wdeprecated[m[K]
  586 | void* operator new[](size_t size) [01;35m[Kthrow[m[K(std::bad_alloc) {
      |                                   [01;35m[K^~~~~[m[K
In file included from [01m[Ksrc/stl_logging_unittest.cc:63[m[K:
[01m[Ksrc/googletest.h:579:33:[m[K [01;35m[Kwarning: [m[Kdynamic exception specifications are deprecated in C++11 [[01;35m[K-Wdeprecated[m[K]
  579 | void* operator new(size_t size) [01;35m[Kthrow[m[K(std::bad_alloc) {
      |                                 [01;35m[K^~~~~[m[K
[01m[Ksrc/googletest.h:586:35:[m[K [01;35m[Kwarning: [m[Kdynamic exception specifications are deprecated in C++11 [[01;35m[K-Wdeprecated[m[K]
  586 | void* operator new[](size_t size) [01;35m[Kthrow[m[K(std::bad_alloc) {
      |                                   [01;35m[K^~~~~[m[K
make[3]: warning: -j8 forced in submake: resetting jobserver mode.
