Linked: (/home/super/uestc-gbplanner/devel/.private/glog_catkin/share/glog_catkin/cmake/glog_catkinConfig-version.cmake, /home/super/uestc-gbplanner/devel/share/glog_catkin/cmake/glog_catkinConfig-version.cmake)
Linked: (/home/super/uestc-gbplanner/devel/.private/glog_catkin/share/glog_catkin/cmake/glog_catkinConfig.cmake, /home/super/uestc-gbplanner/devel/share/glog_catkin/cmake/glog_catkinConfig.cmake)
Linked: (/home/super/uestc-gbplanner/devel/.private/glog_catkin/share/doc/glog-0.3.5/README, /home/super/uestc-gbplanner/devel/share/doc/glog-0.3.5/README)
Linked: (/home/super/uestc-gbplanner/devel/.private/glog_catkin/share/doc/glog-0.3.5/README.windows, /home/super/uestc-gbplanner/devel/share/doc/glog-0.3.5/README.windows)
Linked: (/home/super/uestc-gbplanner/devel/.private/glog_catkin/share/doc/glog-0.3.5/AUTHORS, /home/super/uestc-gbplanner/devel/share/doc/glog-0.3.5/AUTHORS)
Linked: (/home/super/uestc-gbplanner/devel/.private/glog_catkin/share/doc/glog-0.3.5/ChangeLog, /home/super/uestc-gbplanner/devel/share/doc/glog-0.3.5/ChangeLog)
Linked: (/home/super/uestc-gbplanner/devel/.private/glog_catkin/share/doc/glog-0.3.5/glog.html, /home/super/uestc-gbplanner/devel/share/doc/glog-0.3.5/glog.html)
Linked: (/home/super/uestc-gbplanner/devel/.private/glog_catkin/share/doc/glog-0.3.5/designstyle.css, /home/super/uestc-gbplanner/devel/share/doc/glog-0.3.5/designstyle.css)
Linked: (/home/super/uestc-gbplanner/devel/.private/glog_catkin/share/doc/glog-0.3.5/NEWS, /home/super/uestc-gbplanner/devel/share/doc/glog-0.3.5/NEWS)
Linked: (/home/super/uestc-gbplanner/devel/.private/glog_catkin/share/doc/glog-0.3.5/COPYING, /home/super/uestc-gbplanner/devel/share/doc/glog-0.3.5/COPYING)
Linked: (/home/super/uestc-gbplanner/devel/.private/glog_catkin/share/doc/glog-0.3.5/INSTALL, /home/super/uestc-gbplanner/devel/share/doc/glog-0.3.5/INSTALL)
Linked: (/home/super/uestc-gbplanner/devel/.private/glog_catkin/include/glog/logging.h, /home/super/uestc-gbplanner/devel/include/glog/logging.h)
Linked: (/home/super/uestc-gbplanner/devel/.private/glog_catkin/include/glog/log_severity.h, /home/super/uestc-gbplanner/devel/include/glog/log_severity.h)
Linked: (/home/super/uestc-gbplanner/devel/.private/glog_catkin/include/glog/raw_logging.h, /home/super/uestc-gbplanner/devel/include/glog/raw_logging.h)
Linked: (/home/super/uestc-gbplanner/devel/.private/glog_catkin/include/glog/stl_logging.h, /home/super/uestc-gbplanner/devel/include/glog/stl_logging.h)
Linked: (/home/super/uestc-gbplanner/devel/.private/glog_catkin/include/glog/vlog_is_on.h, /home/super/uestc-gbplanner/devel/include/glog/vlog_is_on.h)
Linked: (/home/super/uestc-gbplanner/devel/.private/glog_catkin/lib/libglog.a, /home/super/uestc-gbplanner/devel/lib/libglog.a)
Linked: (/home/super/uestc-gbplanner/devel/.private/glog_catkin/lib/libglog.so.0, /home/super/uestc-gbplanner/devel/lib/libglog.so.0)
Linked: (/home/super/uestc-gbplanner/devel/.private/glog_catkin/lib/libglog.so.0.0.0, /home/super/uestc-gbplanner/devel/lib/libglog.so.0.0.0)
Linked: (/home/super/uestc-gbplanner/devel/.private/glog_catkin/lib/libglog.so, /home/super/uestc-gbplanner/devel/lib/libglog.so)
Linked: (/home/super/uestc-gbplanner/devel/.private/glog_catkin/lib/libglog.la, /home/super/uestc-gbplanner/devel/lib/libglog.la)
Linked: (/home/super/uestc-gbplanner/devel/.private/glog_catkin/lib/pkgconfig/glog_catkin.pc, /home/super/uestc-gbplanner/devel/lib/pkgconfig/glog_catkin.pc)
Linked: (/home/super/uestc-gbplanner/devel/.private/glog_catkin/lib/pkgconfig/libglog.pc, /home/super/uestc-gbplanner/devel/lib/pkgconfig/libglog.pc)
