Symlinking /home/super/uestc-gbplanner/devel/share/glog_catkin/cmake/glog_catkinConfig-version.cmake
Symlinking /home/super/uestc-gbplanner/devel/share/glog_catkin/cmake/glog_catkinConfig.cmake
Symlinking /home/super/uestc-gbplanner/devel/share/doc/glog-0.3.5/README
Symlinking /home/super/uestc-gbplanner/devel/share/doc/glog-0.3.5/README.windows
Symlinking /home/super/uestc-gbplanner/devel/share/doc/glog-0.3.5/AUTHORS
Symlinking /home/super/uestc-gbplanner/devel/share/doc/glog-0.3.5/ChangeLog
Symlinking /home/super/uestc-gbplanner/devel/share/doc/glog-0.3.5/glog.html
Symlinking /home/super/uestc-gbplanner/devel/share/doc/glog-0.3.5/designstyle.css
Symlinking /home/super/uestc-gbplanner/devel/share/doc/glog-0.3.5/NEWS
Symlinking /home/super/uestc-gbplanner/devel/share/doc/glog-0.3.5/COPYING
Symlinking /home/super/uestc-gbplanner/devel/share/doc/glog-0.3.5/INSTALL
Symlinking /home/super/uestc-gbplanner/devel/include/glog/logging.h
Symlinking /home/super/uestc-gbplanner/devel/include/glog/log_severity.h
Symlinking /home/super/uestc-gbplanner/devel/include/glog/raw_logging.h
Symlinking /home/super/uestc-gbplanner/devel/include/glog/stl_logging.h
Symlinking /home/super/uestc-gbplanner/devel/include/glog/vlog_is_on.h
Symlinking /home/super/uestc-gbplanner/devel/lib/libglog.a
Symlinking /home/super/uestc-gbplanner/devel/lib/libglog.so.0
Symlinking /home/super/uestc-gbplanner/devel/lib/libglog.so.0.0.0
Symlinking /home/super/uestc-gbplanner/devel/lib/libglog.so
Symlinking /home/super/uestc-gbplanner/devel/lib/libglog.la
Symlinking /home/super/uestc-gbplanner/devel/lib/pkgconfig/glog_catkin.pc
Symlinking /home/super/uestc-gbplanner/devel/lib/pkgconfig/libglog.pc
