[  3%] [34m[1mRunning C++ protocol buffer compiler on proto/voxblox/Block.proto[0m
[  6%] [34m[1mRunning C++ protocol buffer compiler on proto/voxblox/Layer.proto[0m
[35m[1mScanning dependencies of target voxblox_proto[0m
[ 12%] [32mBuilding CXX object CMakeFiles/voxblox_proto.dir/Block.pb.cc.o[0m
[ 12%] [32mBuilding CXX object CMakeFiles/voxblox_proto.dir/Layer.pb.cc.o[0m
[ 16%] [32m[1mLinking CXX shared library /home/super/uestc-gbplanner/devel/.private/voxblox/lib/libvoxblox_proto.so[0m
[ 16%] Built target voxblox_proto
[35m[1mScanning dependencies of target voxblox[0m
[ 19%] [32mBuilding CXX object CMakeFiles/voxblox.dir/src/alignment/icp.cc.o[0m
[ 22%] [32mBuilding CXX object CMakeFiles/voxblox.dir/src/core/esdf_map.cc.o[0m
[ 25%] [32mBuilding CXX object CMakeFiles/voxblox.dir/src/core/tsdf_map.cc.o[0m
[ 29%] [32mBuilding CXX object CMakeFiles/voxblox.dir/src/integrator/intensity_integrator.cc.o[0m
[ 32%] [32mBuilding CXX object CMakeFiles/voxblox.dir/src/core/block.cc.o[0m
[ 35%] [32mBuilding CXX object CMakeFiles/voxblox.dir/src/integrator/integrator_utils.cc.o[0m
[ 38%] [32mBuilding CXX object CMakeFiles/voxblox.dir/src/integrator/esdf_occ_integrator.cc.o[0m
[ 41%] [32mBuilding CXX object CMakeFiles/voxblox.dir/src/io/mesh_ply.cc.o[0m
[ 45%] [32mBuilding CXX object CMakeFiles/voxblox.dir/src/integrator/esdf_integrator.cc.o[0m
[ 48%] [32mBuilding CXX object CMakeFiles/voxblox.dir/src/integrator/tsdf_integrator.cc.o[0m
[ 54%] [32mBuilding CXX object CMakeFiles/voxblox.dir/src/simulation/objects.cc.o[0m
[ 54%] [32mBuilding CXX object CMakeFiles/voxblox.dir/src/io/sdf_ply.cc.o[0m
[ 58%] [32mBuilding CXX object CMakeFiles/voxblox.dir/src/utils/camera_model.cc.o[0m
[ 61%] [32mBuilding CXX object CMakeFiles/voxblox.dir/src/mesh/marching_cubes.cc.o[0m
[ 64%] [32mBuilding CXX object CMakeFiles/voxblox.dir/src/utils/layer_utils.cc.o[0m
[ 67%] [32mBuilding CXX object CMakeFiles/voxblox.dir/src/utils/evaluation_utils.cc.o[0m
[ 70%] [32mBuilding CXX object CMakeFiles/voxblox.dir/src/utils/neighbor_tools.cc.o[0m
[ 74%] [32mBuilding CXX object CMakeFiles/voxblox.dir/src/utils/protobuf_utils.cc.o[0m
[ 77%] [32mBuilding CXX object CMakeFiles/voxblox.dir/src/simulation/simulation_world.cc.o[0m
[ 80%] [32mBuilding CXX object CMakeFiles/voxblox.dir/src/utils/timing.cc.o[0m
[ 83%] [32mBuilding CXX object CMakeFiles/voxblox.dir/src/utils/voxel_utils.cc.o[0m
In file included from [01m[K/home/super/uestc-gbplanner/src/mapping/voxblox/voxblox/include/voxblox/utils/camera_model.h:7[m[K,
                 from [01m[K/home/super/uestc-gbplanner/src/mapping/voxblox/voxblox/src/utils/camera_model.cc:1[m[K:
[01m[K/home/super/uestc-gbplanner/src/misc/minkindr/minkindr/include/kindr/minimal/quat-transformation.h:[m[K In copy constructor ‘[01m[Kkindr::minimal::QuatTransformationTemplate<float>::QuatTransformationTemplate(const kindr::minimal::QuatTransformationTemplate<float>&)[m[K’:
[01m[K/home/super/uestc-gbplanner/src/misc/minkindr/minkindr/include/kindr/minimal/quat-transformation.h:47:7:[m[K [01;35m[Kwarning: [m[Kimplicitly-declared ‘[01m[Kkindr::minimal::RotationQuaternionTemplate<float>::RotationQuaternionTemplate(const kindr::minimal::RotationQuaternionTemplate<float>&)[m[K’ is deprecated [[01;35m[K-Wdeprecated-copy[m[K]
   47 | class [01;35m[KQuatTransformationTemplate[m[K {
      |       [01;35m[K^~~~~~~~~~~~~~~~~~~~~~~~~~[m[K
In file included from [01m[K/home/super/uestc-gbplanner/src/misc/minkindr/minkindr/include/kindr/minimal/rotation-quaternion.h:235[m[K,
                 from [01m[K/home/super/uestc-gbplanner/src/misc/minkindr/minkindr/include/kindr/minimal/quat-transformation.h:28[m[K,
                 from [01m[K/home/super/uestc-gbplanner/src/mapping/voxblox/voxblox/include/voxblox/utils/camera_model.h:7[m[K,
                 from [01m[K/home/super/uestc-gbplanner/src/mapping/voxblox/voxblox/src/utils/camera_model.cc:1[m[K:
[01m[K/home/super/uestc-gbplanner/src/misc/minkindr/minkindr/include/kindr/minimal/implementation/rotation-quaternion-inl.h:184:1:[m[K [01;36m[Knote: [m[Kbecause ‘[01m[Kkindr::minimal::RotationQuaternionTemplate<float>[m[K’ has user-provided ‘[01m[Kkindr::minimal::RotationQuaternionTemplate<Scalar>& kindr::minimal::RotationQuaternionTemplate<Scalar>::operator=(const kindr::minimal::RotationQuaternionTemplate<Scalar>&) [with Scalar = float][m[K’
  184 | [01;36m[KRotationQuaternionTemplate<Scalar>[m[K::operator=(
      | [01;36m[K^~~~~~~~~~~~~~~~~~~~~~~~~~~~~~~~~~[m[K
[01m[K/home/super/uestc-gbplanner/src/mapping/voxblox/voxblox/src/utils/camera_model.cc:[m[K In member function ‘[01m[Kvoxblox::Transformation voxblox::CameraModel::getCameraPose() const[m[K’:
[01m[K/home/super/uestc-gbplanner/src/mapping/voxblox/voxblox/src/utils/camera_model.cc:89:60:[m[K [01;36m[Knote: [m[Ksynthesized method ‘[01m[Kkindr::minimal::QuatTransformationTemplate<float>::QuatTransformationTemplate(const kindr::minimal::QuatTransformationTemplate<float>&)[m[K’ first required here
   89 | Transformation CameraModel::getCameraPose() const { return [01;36m[KT_G_C_[m[K; }
      |                                                            [01;36m[K^~~~~~[m[K
In file included from [01m[K/home/super/uestc-gbplanner/src/misc/minkindr/minkindr/include/kindr/minimal/quat-transformation.h:200[m[K,
                 from [01m[K/home/super/uestc-gbplanner/src/mapping/voxblox/voxblox/include/voxblox/utils/camera_model.h:7[m[K,
                 from [01m[K/home/super/uestc-gbplanner/src/mapping/voxblox/voxblox/src/utils/camera_model.cc:1[m[K:
/home/super/uestc-gbplanner/src/misc/minkindr/minkindr/include/kindr/minimal/implementation/quat-transformation-inl.h: In instantiation of ‘[01m[Kkindr::minimal::QuatTransformationTemplate<Scalar>::QuatTransformationTemplate(const kindr::minimal::RotationQuaternionTemplate<Scalar>&, const Position&) [with Scalar = float; kindr::minimal::QuatTransformationTemplate<Scalar>::Position = Eigen::Matrix<float, 3, 1>][m[K’:
[01m[K/home/super/uestc-gbplanner/src/misc/minkindr/minkindr/include/kindr/minimal/implementation/quat-transformation-inl.h:153:10:[m[K   required from ‘[01m[Kkindr::minimal::QuatTransformationTemplate<Scalar> kindr::minimal::QuatTransformationTemplate<Scalar>::operator*(const kindr::minimal::QuatTransformationTemplate<Scalar>&) const [with Scalar = float][m[K’
[01m[K/home/super/uestc-gbplanner/src/mapping/voxblox/voxblox/src/utils/camera_model.cc:91:67:[m[K   required from here
[01m[K/home/super/uestc-gbplanner/src/misc/minkindr/minkindr/include/kindr/minimal/implementation/quat-transformation-inl.h:41:21:[m[K [01;35m[Kwarning: [m[Kimplicitly-declared ‘[01m[Kkindr::minimal::RotationQuaternionTemplate<float>::RotationQuaternionTemplate(const kindr::minimal::RotationQuaternionTemplate<float>&)[m[K’ is deprecated [[01;35m[K-Wdeprecated-copy[m[K]
   41 |     A_t_A_B_(A_t_A_B[01;35m[K)[m[K {
      |                     [01;35m[K^[m[K
In file included from [01m[K/home/super/uestc-gbplanner/src/misc/minkindr/minkindr/include/kindr/minimal/rotation-quaternion.h:235[m[K,
                 from [01m[K/home/super/uestc-gbplanner/src/misc/minkindr/minkindr/include/kindr/minimal/quat-transformation.h:28[m[K,
                 from [01m[K/home/super/uestc-gbplanner/src/mapping/voxblox/voxblox/include/voxblox/utils/camera_model.h:7[m[K,
                 from [01m[K/home/super/uestc-gbplanner/src/mapping/voxblox/voxblox/src/utils/camera_model.cc:1[m[K:
[01m[K/home/super/uestc-gbplanner/src/misc/minkindr/minkindr/include/kindr/minimal/implementation/rotation-quaternion-inl.h:184:1:[m[K [01;36m[Knote: [m[Kbecause ‘[01m[Kkindr::minimal::RotationQuaternionTemplate<float>[m[K’ has user-provided ‘[01m[Kkindr::minimal::RotationQuaternionTemplate<Scalar>& kindr::minimal::RotationQuaternionTemplate<Scalar>::operator=(const kindr::minimal::RotationQuaternionTemplate<Scalar>&) [with Scalar = float][m[K’
  184 | [01;36m[KRotationQuaternionTemplate<Scalar>[m[K::operator=(
      | [01;36m[K^~~~~~~~~~~~~~~~~~~~~~~~~~~~~~~~~~[m[K
In file included from [01m[K/home/super/uestc-gbplanner/src/misc/minkindr/minkindr/include/kindr/minimal/quat-transformation.h:200[m[K,
                 from [01m[K/home/super/uestc-gbplanner/src/mapping/voxblox/voxblox/include/voxblox/core/common.h:16[m[K,
                 from [01m[K/home/super/uestc-gbplanner/src/mapping/voxblox/voxblox/include/voxblox/core/block_hash.h:11[m[K,
                 from [01m[K/home/super/uestc-gbplanner/src/mapping/voxblox/voxblox/include/voxblox/alignment/icp.h:47[m[K,
                 from [01m[K/home/super/uestc-gbplanner/src/mapping/voxblox/voxblox/src/alignment/icp.cc:43[m[K:
/home/super/uestc-gbplanner/src/misc/minkindr/minkindr/include/kindr/minimal/implementation/quat-transformation-inl.h: In instantiation of ‘[01m[Kkindr::minimal::QuatTransformationTemplate<Scalar>::QuatTransformationTemplate(const kindr::minimal::RotationQuaternionTemplate<Scalar>&, const Position&) [with Scalar = float; kindr::minimal::QuatTransformationTemplate<Scalar>::Position = Eigen::Matrix<float, 3, 1>][m[K’:
[01m[K/home/super/uestc-gbplanner/src/mapping/voxblox/voxblox/src/alignment/icp.cc:75:51:[m[K   required from here
[01m[K/home/super/uestc-gbplanner/src/misc/minkindr/minkindr/include/kindr/minimal/implementation/quat-transformation-inl.h:41:21:[m[K [01;35m[Kwarning: [m[Kimplicitly-declared ‘[01m[Kkindr::minimal::RotationQuaternionTemplate<float>::RotationQuaternionTemplate(const kindr::minimal::RotationQuaternionTemplate<float>&)[m[K’ is deprecated [[01;35m[K-Wdeprecated-copy[m[K]
   41 |     A_t_A_B_(A_t_A_B[01;35m[K)[m[K {
      |                     [01;35m[K^[m[K
In file included from [01m[K/home/super/uestc-gbplanner/src/misc/minkindr/minkindr/include/kindr/minimal/rotation-quaternion.h:235[m[K,
                 from [01m[K/home/super/uestc-gbplanner/src/misc/minkindr/minkindr/include/kindr/minimal/quat-transformation.h:28[m[K,
                 from [01m[K/home/super/uestc-gbplanner/src/mapping/voxblox/voxblox/include/voxblox/core/common.h:16[m[K,
                 from [01m[K/home/super/uestc-gbplanner/src/mapping/voxblox/voxblox/include/voxblox/core/block_hash.h:11[m[K,
                 from [01m[K/home/super/uestc-gbplanner/src/mapping/voxblox/voxblox/include/voxblox/alignment/icp.h:47[m[K,
                 from [01m[K/home/super/uestc-gbplanner/src/mapping/voxblox/voxblox/src/alignment/icp.cc:43[m[K:
[01m[K/home/super/uestc-gbplanner/src/misc/minkindr/minkindr/include/kindr/minimal/implementation/rotation-quaternion-inl.h:184:1:[m[K [01;36m[Knote: [m[Kbecause ‘[01m[Kkindr::minimal::RotationQuaternionTemplate<float>[m[K’ has user-provided ‘[01m[Kkindr::minimal::RotationQuaternionTemplate<Scalar>& kindr::minimal::RotationQuaternionTemplate<Scalar>::operator=(const kindr::minimal::RotationQuaternionTemplate<Scalar>&) [with Scalar = float][m[K’
  184 | [01;36m[KRotationQuaternionTemplate<Scalar>[m[K::operator=(
      | [01;36m[K^~~~~~~~~~~~~~~~~~~~~~~~~~~~~~~~~~[m[K
[ 87%] [32m[1mLinking CXX shared library /home/super/uestc-gbplanner/devel/.private/voxblox/lib/libvoxblox.so[0m
[ 87%] Built target voxblox
[35m[1mScanning dependencies of target tsdf_to_esdf[0m
[35m[1mScanning dependencies of target test_load_esdf[0m
[ 90%] [32mBuilding CXX object CMakeFiles/tsdf_to_esdf.dir/test/tsdf_to_esdf.cc.o[0m
[ 93%] [32mBuilding CXX object CMakeFiles/test_load_esdf.dir/test/test_load_esdf.cc.o[0m
[ 96%] [32m[1mLinking CXX executable /home/super/uestc-gbplanner/devel/.private/voxblox/lib/voxblox/tsdf_to_esdf[0m
[ 96%] Built target tsdf_to_esdf
[100%] [32m[1mLinking CXX executable /home/super/uestc-gbplanner/devel/.private/voxblox/lib/voxblox/test_load_esdf[0m
[100%] Built target test_load_esdf
