Not searching for unused variables given on the command line.
[36m--[0m The C compiler identification is GNU 9.4.0
[36m--[0m The CXX compiler identification is GNU 9.4.0
[36m--[0m Check for working C compiler: /usr/bin/cc
[36m--[0m Check for working C compiler: /usr/bin/cc -- works
[36m--[0m Detecting C compiler ABI info
[36m--[0m Detecting C compiler ABI info - done
[36m--[0m Detecting C compile features
[36m--[0m Detecting C compile features - done
[36m--[0m Check for working CXX compiler: /usr/bin/c++
[36m--[0m Check for working CXX compiler: /usr/bin/c++ -- works
[36m--[0m Detecting CXX compiler ABI info
[36m--[0m Detecting CXX compiler ABI info - done
[36m--[0m Detecting CXX compile features
[36m--[0m Detecting CXX compile features - done
[36m--[0m Using CATKIN_DEVEL_PREFIX: /home/super/uestc-gbplanner/devel/.private/voxblox
[36m--[0m Using CMAKE_PREFIX_PATH: /home/super/uestc-gbplanner/devel;/home/super/mapping/fast_lio2_ws/devel;/home/super/driver/ws_livox/devel;/opt/ros/noetic
[36m--[0m This workspace overlays: /home/super/uestc-gbplanner/devel;/home/super/mapping/fast_lio2_ws/devel;/home/super/driver/ws_livox/devel;/opt/ros/noetic
[36m--[0m Found PythonInterp: /usr/bin/python3 (found suitable version "3.8.10", minimum required is "3")
[36m--[0m Using PYTHON_EXECUTABLE: /usr/bin/python3
[36m--[0m Using Debian Python package layout
[36m--[0m Found PY_em: /usr/lib/python3/dist-packages/em.py
[36m--[0m Using empy: /usr/lib/python3/dist-packages/em.py
[36m--[0m Using CATKIN_ENABLE_TESTING: ON
[36m--[0m Call enable_testing()
[36m--[0m Using CATKIN_TEST_RESULTS_DIR: /home/super/uestc-gbplanner/build/voxblox/test_results
[36m--[0m Forcing gtest/gmock from source, though one was otherwise available.
[36m--[0m Found gtest sources under '/usr/src/googletest': gtests will be built
[36m--[0m Found gmock sources under '/usr/src/googletest': gmock will be built
[36m--[0m Found PythonInterp: /usr/bin/python3 (found version "3.8.10")
[36m--[0m Found Threads: TRUE
[36m--[0m Using Python nosetests: /usr/bin/nosetests3
[36m--[0m catkin 0.8.12
[36m--[0m BUILD_SHARED_LIBS is on
[36m--[0m Preferred Protoc Executable: /usr/bin/protoc
[36m--[0m Using protobuf_catkin
[33m[1mCMake Warning[0m at /home/super/uestc-gbplanner/devel/share/protobuf_catkin/cmake/protobuf-generate-cpp.cmake:48 (message):
  PROTOBUF_CATKIN_GENERATE_CPP is deprecated.  Please use
  PROTOBUF_CATKIN_GENERATE_CPP2 instead.  Check the Readme for details.
[36mCall Stack (most recent call first):[0m
  CMakeLists.txt:21 (PROTOBUF_CATKIN_GENERATE_CPP)


[36m--[0m Found protobuf compiler: /usr/bin/protoc
[36m--[0m Marking SHARED_LIBRARY "voxblox_proto" of package "voxblox" for installation
[36m--[0m Marking SHARED_LIBRARY "voxblox" of package "voxblox" for installation
[36m--[0m Marking HEADER FILES in "include" folder of package "voxblox" for installation
[33m[1mCMake Warning[0m at /opt/ros/noetic/share/catkin/cmake/catkin_package.cmake:418 (message):
  catkin_package() include dir '/home/super/uestc-gbplanner/build/voxblox'
  should be placed in the devel space instead of the build space
[36mCall Stack (most recent call first):[0m
  /opt/ros/noetic/share/catkin/cmake/catkin_package.cmake:102 (_catkin_package)
  /home/super/uestc-gbplanner/devel/share/catkin_simple/cmake/catkin_simple-extras.cmake:214 (catkin_package)
  CMakeLists.txt:173 (cs_export)


[36m--[0m Configuring done
[36m--[0m Generating done
[36m--[0m Build files have been written to: /home/super/uestc-gbplanner/build/voxblox
