Linked: (/home/super/uestc-gbplanner/devel/.private/voxblox_msgs/share/roseus/ros/voxblox_msgs/manifest.l, /home/super/uestc-gbplanner/devel/share/roseus/ros/voxblox_msgs/manifest.l)
Linked: (/home/super/uestc-gbplanner/devel/.private/voxblox_msgs/share/roseus/ros/voxblox_msgs/srv/FilePath.l, /home/super/uestc-gbplanner/devel/share/roseus/ros/voxblox_msgs/srv/FilePath.l)
Linked: (/home/super/uestc-gbplanner/devel/.private/voxblox_msgs/share/roseus/ros/voxblox_msgs/msg/Layer.l, /home/super/uestc-gbplanner/devel/share/roseus/ros/voxblox_msgs/msg/Layer.l)
Linked: (/home/super/uestc-gbplanner/devel/.private/voxblox_msgs/share/roseus/ros/voxblox_msgs/msg/VoxelEvaluationDetails.l, /home/super/uestc-gbplanner/devel/share/roseus/ros/voxblox_msgs/msg/VoxelEvaluationDetails.l)
Linked: (/home/super/uestc-gbplanner/devel/.private/voxblox_msgs/share/roseus/ros/voxblox_msgs/msg/MeshBlock.l, /home/super/uestc-gbplanner/devel/share/roseus/ros/voxblox_msgs/msg/MeshBlock.l)
Linked: (/home/super/uestc-gbplanner/devel/.private/voxblox_msgs/share/roseus/ros/voxblox_msgs/msg/Block.l, /home/super/uestc-gbplanner/devel/share/roseus/ros/voxblox_msgs/msg/Block.l)
Linked: (/home/super/uestc-gbplanner/devel/.private/voxblox_msgs/share/roseus/ros/voxblox_msgs/msg/Mesh.l, /home/super/uestc-gbplanner/devel/share/roseus/ros/voxblox_msgs/msg/Mesh.l)
Linked: (/home/super/uestc-gbplanner/devel/.private/voxblox_msgs/share/common-lisp/ros/voxblox_msgs/srv/_package_FilePath.lisp, /home/super/uestc-gbplanner/devel/share/common-lisp/ros/voxblox_msgs/srv/_package_FilePath.lisp)
Linked: (/home/super/uestc-gbplanner/devel/.private/voxblox_msgs/share/common-lisp/ros/voxblox_msgs/srv/FilePath.lisp, /home/super/uestc-gbplanner/devel/share/common-lisp/ros/voxblox_msgs/srv/FilePath.lisp)
Linked: (/home/super/uestc-gbplanner/devel/.private/voxblox_msgs/share/common-lisp/ros/voxblox_msgs/srv/_package.lisp, /home/super/uestc-gbplanner/devel/share/common-lisp/ros/voxblox_msgs/srv/_package.lisp)
Linked: (/home/super/uestc-gbplanner/devel/.private/voxblox_msgs/share/common-lisp/ros/voxblox_msgs/srv/voxblox_msgs-srv.asd, /home/super/uestc-gbplanner/devel/share/common-lisp/ros/voxblox_msgs/srv/voxblox_msgs-srv.asd)
Linked: (/home/super/uestc-gbplanner/devel/.private/voxblox_msgs/share/common-lisp/ros/voxblox_msgs/msg/Mesh.lisp, /home/super/uestc-gbplanner/devel/share/common-lisp/ros/voxblox_msgs/msg/Mesh.lisp)
Linked: (/home/super/uestc-gbplanner/devel/.private/voxblox_msgs/share/common-lisp/ros/voxblox_msgs/msg/_package_Layer.lisp, /home/super/uestc-gbplanner/devel/share/common-lisp/ros/voxblox_msgs/msg/_package_Layer.lisp)
Linked: (/home/super/uestc-gbplanner/devel/.private/voxblox_msgs/share/common-lisp/ros/voxblox_msgs/msg/_package_VoxelEvaluationDetails.lisp, /home/super/uestc-gbplanner/devel/share/common-lisp/ros/voxblox_msgs/msg/_package_VoxelEvaluationDetails.lisp)
Linked: (/home/super/uestc-gbplanner/devel/.private/voxblox_msgs/share/common-lisp/ros/voxblox_msgs/msg/voxblox_msgs-msg.asd, /home/super/uestc-gbplanner/devel/share/common-lisp/ros/voxblox_msgs/msg/voxblox_msgs-msg.asd)
Linked: (/home/super/uestc-gbplanner/devel/.private/voxblox_msgs/share/common-lisp/ros/voxblox_msgs/msg/_package_MeshBlock.lisp, /home/super/uestc-gbplanner/devel/share/common-lisp/ros/voxblox_msgs/msg/_package_MeshBlock.lisp)
Linked: (/home/super/uestc-gbplanner/devel/.private/voxblox_msgs/share/common-lisp/ros/voxblox_msgs/msg/Block.lisp, /home/super/uestc-gbplanner/devel/share/common-lisp/ros/voxblox_msgs/msg/Block.lisp)
Linked: (/home/super/uestc-gbplanner/devel/.private/voxblox_msgs/share/common-lisp/ros/voxblox_msgs/msg/_package.lisp, /home/super/uestc-gbplanner/devel/share/common-lisp/ros/voxblox_msgs/msg/_package.lisp)
Linked: (/home/super/uestc-gbplanner/devel/.private/voxblox_msgs/share/common-lisp/ros/voxblox_msgs/msg/_package_Mesh.lisp, /home/super/uestc-gbplanner/devel/share/common-lisp/ros/voxblox_msgs/msg/_package_Mesh.lisp)
Linked: (/home/super/uestc-gbplanner/devel/.private/voxblox_msgs/share/common-lisp/ros/voxblox_msgs/msg/VoxelEvaluationDetails.lisp, /home/super/uestc-gbplanner/devel/share/common-lisp/ros/voxblox_msgs/msg/VoxelEvaluationDetails.lisp)
Linked: (/home/super/uestc-gbplanner/devel/.private/voxblox_msgs/share/common-lisp/ros/voxblox_msgs/msg/MeshBlock.lisp, /home/super/uestc-gbplanner/devel/share/common-lisp/ros/voxblox_msgs/msg/MeshBlock.lisp)
Linked: (/home/super/uestc-gbplanner/devel/.private/voxblox_msgs/share/common-lisp/ros/voxblox_msgs/msg/Layer.lisp, /home/super/uestc-gbplanner/devel/share/common-lisp/ros/voxblox_msgs/msg/Layer.lisp)
Linked: (/home/super/uestc-gbplanner/devel/.private/voxblox_msgs/share/common-lisp/ros/voxblox_msgs/msg/_package_Block.lisp, /home/super/uestc-gbplanner/devel/share/common-lisp/ros/voxblox_msgs/msg/_package_Block.lisp)
Linked: (/home/super/uestc-gbplanner/devel/.private/voxblox_msgs/share/voxblox_msgs/cmake/voxblox_msgs-msg-paths.cmake, /home/super/uestc-gbplanner/devel/share/voxblox_msgs/cmake/voxblox_msgs-msg-paths.cmake)
Linked: (/home/super/uestc-gbplanner/devel/.private/voxblox_msgs/share/voxblox_msgs/cmake/voxblox_msgsConfig-version.cmake, /home/super/uestc-gbplanner/devel/share/voxblox_msgs/cmake/voxblox_msgsConfig-version.cmake)
Linked: (/home/super/uestc-gbplanner/devel/.private/voxblox_msgs/share/voxblox_msgs/cmake/voxblox_msgsConfig.cmake, /home/super/uestc-gbplanner/devel/share/voxblox_msgs/cmake/voxblox_msgsConfig.cmake)
Linked: (/home/super/uestc-gbplanner/devel/.private/voxblox_msgs/share/voxblox_msgs/cmake/voxblox_msgs-msg-extras.cmake, /home/super/uestc-gbplanner/devel/share/voxblox_msgs/cmake/voxblox_msgs-msg-extras.cmake)
Linked: (/home/super/uestc-gbplanner/devel/.private/voxblox_msgs/share/gennodejs/ros/voxblox_msgs/_index.js, /home/super/uestc-gbplanner/devel/share/gennodejs/ros/voxblox_msgs/_index.js)
Linked: (/home/super/uestc-gbplanner/devel/.private/voxblox_msgs/share/gennodejs/ros/voxblox_msgs/srv/_index.js, /home/super/uestc-gbplanner/devel/share/gennodejs/ros/voxblox_msgs/srv/_index.js)
Linked: (/home/super/uestc-gbplanner/devel/.private/voxblox_msgs/share/gennodejs/ros/voxblox_msgs/srv/FilePath.js, /home/super/uestc-gbplanner/devel/share/gennodejs/ros/voxblox_msgs/srv/FilePath.js)
Linked: (/home/super/uestc-gbplanner/devel/.private/voxblox_msgs/share/gennodejs/ros/voxblox_msgs/msg/Mesh.js, /home/super/uestc-gbplanner/devel/share/gennodejs/ros/voxblox_msgs/msg/Mesh.js)
Linked: (/home/super/uestc-gbplanner/devel/.private/voxblox_msgs/share/gennodejs/ros/voxblox_msgs/msg/Layer.js, /home/super/uestc-gbplanner/devel/share/gennodejs/ros/voxblox_msgs/msg/Layer.js)
Linked: (/home/super/uestc-gbplanner/devel/.private/voxblox_msgs/share/gennodejs/ros/voxblox_msgs/msg/VoxelEvaluationDetails.js, /home/super/uestc-gbplanner/devel/share/gennodejs/ros/voxblox_msgs/msg/VoxelEvaluationDetails.js)
Linked: (/home/super/uestc-gbplanner/devel/.private/voxblox_msgs/share/gennodejs/ros/voxblox_msgs/msg/_index.js, /home/super/uestc-gbplanner/devel/share/gennodejs/ros/voxblox_msgs/msg/_index.js)
Linked: (/home/super/uestc-gbplanner/devel/.private/voxblox_msgs/share/gennodejs/ros/voxblox_msgs/msg/Block.js, /home/super/uestc-gbplanner/devel/share/gennodejs/ros/voxblox_msgs/msg/Block.js)
Linked: (/home/super/uestc-gbplanner/devel/.private/voxblox_msgs/share/gennodejs/ros/voxblox_msgs/msg/MeshBlock.js, /home/super/uestc-gbplanner/devel/share/gennodejs/ros/voxblox_msgs/msg/MeshBlock.js)
Linked: (/home/super/uestc-gbplanner/devel/.private/voxblox_msgs/include/voxblox_msgs/Layer.h, /home/super/uestc-gbplanner/devel/include/voxblox_msgs/Layer.h)
Linked: (/home/super/uestc-gbplanner/devel/.private/voxblox_msgs/include/voxblox_msgs/FilePath.h, /home/super/uestc-gbplanner/devel/include/voxblox_msgs/FilePath.h)
Linked: (/home/super/uestc-gbplanner/devel/.private/voxblox_msgs/include/voxblox_msgs/FilePathRequest.h, /home/super/uestc-gbplanner/devel/include/voxblox_msgs/FilePathRequest.h)
Linked: (/home/super/uestc-gbplanner/devel/.private/voxblox_msgs/include/voxblox_msgs/MeshBlock.h, /home/super/uestc-gbplanner/devel/include/voxblox_msgs/MeshBlock.h)
Linked: (/home/super/uestc-gbplanner/devel/.private/voxblox_msgs/include/voxblox_msgs/FilePathResponse.h, /home/super/uestc-gbplanner/devel/include/voxblox_msgs/FilePathResponse.h)
Linked: (/home/super/uestc-gbplanner/devel/.private/voxblox_msgs/include/voxblox_msgs/VoxelEvaluationDetails.h, /home/super/uestc-gbplanner/devel/include/voxblox_msgs/VoxelEvaluationDetails.h)
Linked: (/home/super/uestc-gbplanner/devel/.private/voxblox_msgs/include/voxblox_msgs/Mesh.h, /home/super/uestc-gbplanner/devel/include/voxblox_msgs/Mesh.h)
Linked: (/home/super/uestc-gbplanner/devel/.private/voxblox_msgs/include/voxblox_msgs/Block.h, /home/super/uestc-gbplanner/devel/include/voxblox_msgs/Block.h)
Linked: (/home/super/uestc-gbplanner/devel/.private/voxblox_msgs/lib/pkgconfig/voxblox_msgs.pc, /home/super/uestc-gbplanner/devel/lib/pkgconfig/voxblox_msgs.pc)
Linked: (/home/super/uestc-gbplanner/devel/.private/voxblox_msgs/lib/python3/dist-packages/voxblox_msgs/__init__.py, /home/super/uestc-gbplanner/devel/lib/python3/dist-packages/voxblox_msgs/__init__.py)
Linked: (/home/super/uestc-gbplanner/devel/.private/voxblox_msgs/lib/python3/dist-packages/voxblox_msgs/srv/_FilePath.py, /home/super/uestc-gbplanner/devel/lib/python3/dist-packages/voxblox_msgs/srv/_FilePath.py)
Linked: (/home/super/uestc-gbplanner/devel/.private/voxblox_msgs/lib/python3/dist-packages/voxblox_msgs/srv/__init__.py, /home/super/uestc-gbplanner/devel/lib/python3/dist-packages/voxblox_msgs/srv/__init__.py)
Linked: (/home/super/uestc-gbplanner/devel/.private/voxblox_msgs/lib/python3/dist-packages/voxblox_msgs/msg/_VoxelEvaluationDetails.py, /home/super/uestc-gbplanner/devel/lib/python3/dist-packages/voxblox_msgs/msg/_VoxelEvaluationDetails.py)
Linked: (/home/super/uestc-gbplanner/devel/.private/voxblox_msgs/lib/python3/dist-packages/voxblox_msgs/msg/_MeshBlock.py, /home/super/uestc-gbplanner/devel/lib/python3/dist-packages/voxblox_msgs/msg/_MeshBlock.py)
Linked: (/home/super/uestc-gbplanner/devel/.private/voxblox_msgs/lib/python3/dist-packages/voxblox_msgs/msg/__init__.py, /home/super/uestc-gbplanner/devel/lib/python3/dist-packages/voxblox_msgs/msg/__init__.py)
Linked: (/home/super/uestc-gbplanner/devel/.private/voxblox_msgs/lib/python3/dist-packages/voxblox_msgs/msg/_Layer.py, /home/super/uestc-gbplanner/devel/lib/python3/dist-packages/voxblox_msgs/msg/_Layer.py)
Linked: (/home/super/uestc-gbplanner/devel/.private/voxblox_msgs/lib/python3/dist-packages/voxblox_msgs/msg/_Block.py, /home/super/uestc-gbplanner/devel/lib/python3/dist-packages/voxblox_msgs/msg/_Block.py)
Linked: (/home/super/uestc-gbplanner/devel/.private/voxblox_msgs/lib/python3/dist-packages/voxblox_msgs/msg/_Mesh.py, /home/super/uestc-gbplanner/devel/lib/python3/dist-packages/voxblox_msgs/msg/_Mesh.py)
