Linked: (/home/super/uestc-gbplanner/devel/.private/quadrotor_msgs/share/roseus/ros/quadrotor_msgs/manifest.l, /home/super/uestc-gbplanner/devel/share/roseus/ros/quadrotor_msgs/manifest.l)
Linked: (/home/super/uestc-gbplanner/devel/.private/quadrotor_msgs/share/roseus/ros/quadrotor_msgs/srv/SetTakeoffLand.l, /home/super/uestc-gbplanner/devel/share/roseus/ros/quadrotor_msgs/srv/SetTakeoffLand.l)
Linked: (/home/super/uestc-gbplanner/devel/.private/quadrotor_msgs/share/roseus/ros/quadrotor_msgs/msg/SwarmOdometry.l, /home/super/uestc-gbplanner/devel/share/roseus/ros/quadrotor_msgs/msg/SwarmOdometry.l)
Linked: (/home/super/uestc-gbplanner/devel/.private/quadrotor_msgs/share/roseus/ros/quadrotor_msgs/msg/OptimalTimeAllocator.l, /home/super/uestc-gbplanner/devel/share/roseus/ros/quadrotor_msgs/msg/OptimalTimeAllocator.l)
Linked: (/home/super/uestc-gbplanner/devel/.private/quadrotor_msgs/share/roseus/ros/quadrotor_msgs/msg/GoalSet.l, /home/super/uestc-gbplanner/devel/share/roseus/ros/quadrotor_msgs/msg/GoalSet.l)
Linked: (/home/super/uestc-gbplanner/devel/.private/quadrotor_msgs/share/roseus/ros/quadrotor_msgs/msg/PPROutputData.l, /home/super/uestc-gbplanner/devel/share/roseus/ros/quadrotor_msgs/msg/PPROutputData.l)
Linked: (/home/super/uestc-gbplanner/devel/.private/quadrotor_msgs/share/roseus/ros/quadrotor_msgs/msg/TakeoffLand.l, /home/super/uestc-gbplanner/devel/share/roseus/ros/quadrotor_msgs/msg/TakeoffLand.l)
Linked: (/home/super/uestc-gbplanner/devel/.private/quadrotor_msgs/share/roseus/ros/quadrotor_msgs/msg/TRPYCommand.l, /home/super/uestc-gbplanner/devel/share/roseus/ros/quadrotor_msgs/msg/TRPYCommand.l)
Linked: (/home/super/uestc-gbplanner/devel/.private/quadrotor_msgs/share/roseus/ros/quadrotor_msgs/msg/SwarmCommand.l, /home/super/uestc-gbplanner/devel/share/roseus/ros/quadrotor_msgs/msg/SwarmCommand.l)
Linked: (/home/super/uestc-gbplanner/devel/.private/quadrotor_msgs/share/roseus/ros/quadrotor_msgs/msg/SwarmInfo.l, /home/super/uestc-gbplanner/devel/share/roseus/ros/quadrotor_msgs/msg/SwarmInfo.l)
Linked: (/home/super/uestc-gbplanner/devel/.private/quadrotor_msgs/share/roseus/ros/quadrotor_msgs/msg/Serial.l, /home/super/uestc-gbplanner/devel/share/roseus/ros/quadrotor_msgs/msg/Serial.l)
Linked: (/home/super/uestc-gbplanner/devel/.private/quadrotor_msgs/share/roseus/ros/quadrotor_msgs/msg/SpatialTemporalTrajectory.l, /home/super/uestc-gbplanner/devel/share/roseus/ros/quadrotor_msgs/msg/SpatialTemporalTrajectory.l)
Linked: (/home/super/uestc-gbplanner/devel/.private/quadrotor_msgs/share/roseus/ros/quadrotor_msgs/msg/Odometry.l, /home/super/uestc-gbplanner/devel/share/roseus/ros/quadrotor_msgs/msg/Odometry.l)
Linked: (/home/super/uestc-gbplanner/devel/.private/quadrotor_msgs/share/roseus/ros/quadrotor_msgs/msg/PositionCommand.l, /home/super/uestc-gbplanner/devel/share/roseus/ros/quadrotor_msgs/msg/PositionCommand.l)
Linked: (/home/super/uestc-gbplanner/devel/.private/quadrotor_msgs/share/roseus/ros/quadrotor_msgs/msg/Gains.l, /home/super/uestc-gbplanner/devel/share/roseus/ros/quadrotor_msgs/msg/Gains.l)
Linked: (/home/super/uestc-gbplanner/devel/.private/quadrotor_msgs/share/roseus/ros/quadrotor_msgs/msg/StatusData.l, /home/super/uestc-gbplanner/devel/share/roseus/ros/quadrotor_msgs/msg/StatusData.l)
Linked: (/home/super/uestc-gbplanner/devel/.private/quadrotor_msgs/share/roseus/ros/quadrotor_msgs/msg/Corrections.l, /home/super/uestc-gbplanner/devel/share/roseus/ros/quadrotor_msgs/msg/Corrections.l)
Linked: (/home/super/uestc-gbplanner/devel/.private/quadrotor_msgs/share/roseus/ros/quadrotor_msgs/msg/AuxCommand.l, /home/super/uestc-gbplanner/devel/share/roseus/ros/quadrotor_msgs/msg/AuxCommand.l)
Linked: (/home/super/uestc-gbplanner/devel/.private/quadrotor_msgs/share/roseus/ros/quadrotor_msgs/msg/ReplanCheck.l, /home/super/uestc-gbplanner/devel/share/roseus/ros/quadrotor_msgs/msg/ReplanCheck.l)
Linked: (/home/super/uestc-gbplanner/devel/.private/quadrotor_msgs/share/roseus/ros/quadrotor_msgs/msg/Px4ctrlDebug.l, /home/super/uestc-gbplanner/devel/share/roseus/ros/quadrotor_msgs/msg/Px4ctrlDebug.l)
Linked: (/home/super/uestc-gbplanner/devel/.private/quadrotor_msgs/share/roseus/ros/quadrotor_msgs/msg/SO3Command.l, /home/super/uestc-gbplanner/devel/share/roseus/ros/quadrotor_msgs/msg/SO3Command.l)
Linked: (/home/super/uestc-gbplanner/devel/.private/quadrotor_msgs/share/roseus/ros/quadrotor_msgs/msg/Bspline.l, /home/super/uestc-gbplanner/devel/share/roseus/ros/quadrotor_msgs/msg/Bspline.l)
Linked: (/home/super/uestc-gbplanner/devel/.private/quadrotor_msgs/share/roseus/ros/quadrotor_msgs/msg/Replan.l, /home/super/uestc-gbplanner/devel/share/roseus/ros/quadrotor_msgs/msg/Replan.l)
Linked: (/home/super/uestc-gbplanner/devel/.private/quadrotor_msgs/share/roseus/ros/quadrotor_msgs/msg/OutputData.l, /home/super/uestc-gbplanner/devel/share/roseus/ros/quadrotor_msgs/msg/OutputData.l)
Linked: (/home/super/uestc-gbplanner/devel/.private/quadrotor_msgs/share/roseus/ros/quadrotor_msgs/msg/PolynomialTrajectory.l, /home/super/uestc-gbplanner/devel/share/roseus/ros/quadrotor_msgs/msg/PolynomialTrajectory.l)
Linked: (/home/super/uestc-gbplanner/devel/.private/quadrotor_msgs/share/roseus/ros/quadrotor_msgs/msg/TrajectoryMatrix.l, /home/super/uestc-gbplanner/devel/share/roseus/ros/quadrotor_msgs/msg/TrajectoryMatrix.l)
Linked: (/home/super/uestc-gbplanner/devel/.private/quadrotor_msgs/share/common-lisp/ros/quadrotor_msgs/srv/SetTakeoffLand.lisp, /home/super/uestc-gbplanner/devel/share/common-lisp/ros/quadrotor_msgs/srv/SetTakeoffLand.lisp)
Linked: (/home/super/uestc-gbplanner/devel/.private/quadrotor_msgs/share/common-lisp/ros/quadrotor_msgs/srv/_package_SetTakeoffLand.lisp, /home/super/uestc-gbplanner/devel/share/common-lisp/ros/quadrotor_msgs/srv/_package_SetTakeoffLand.lisp)
Linked: (/home/super/uestc-gbplanner/devel/.private/quadrotor_msgs/share/common-lisp/ros/quadrotor_msgs/srv/quadrotor_msgs-srv.asd, /home/super/uestc-gbplanner/devel/share/common-lisp/ros/quadrotor_msgs/srv/quadrotor_msgs-srv.asd)
Linked: (/home/super/uestc-gbplanner/devel/.private/quadrotor_msgs/share/common-lisp/ros/quadrotor_msgs/srv/_package.lisp, /home/super/uestc-gbplanner/devel/share/common-lisp/ros/quadrotor_msgs/srv/_package.lisp)
Linked: (/home/super/uestc-gbplanner/devel/.private/quadrotor_msgs/share/common-lisp/ros/quadrotor_msgs/msg/SwarmOdometry.lisp, /home/super/uestc-gbplanner/devel/share/common-lisp/ros/quadrotor_msgs/msg/SwarmOdometry.lisp)
Linked: (/home/super/uestc-gbplanner/devel/.private/quadrotor_msgs/share/common-lisp/ros/quadrotor_msgs/msg/_package_PPROutputData.lisp, /home/super/uestc-gbplanner/devel/share/common-lisp/ros/quadrotor_msgs/msg/_package_PPROutputData.lisp)
Linked: (/home/super/uestc-gbplanner/devel/.private/quadrotor_msgs/share/common-lisp/ros/quadrotor_msgs/msg/Serial.lisp, /home/super/uestc-gbplanner/devel/share/common-lisp/ros/quadrotor_msgs/msg/Serial.lisp)
Linked: (/home/super/uestc-gbplanner/devel/.private/quadrotor_msgs/share/common-lisp/ros/quadrotor_msgs/msg/_package_SpatialTemporalTrajectory.lisp, /home/super/uestc-gbplanner/devel/share/common-lisp/ros/quadrotor_msgs/msg/_package_SpatialTemporalTrajectory.lisp)
Linked: (/home/super/uestc-gbplanner/devel/.private/quadrotor_msgs/share/common-lisp/ros/quadrotor_msgs/msg/_package_Serial.lisp, /home/super/uestc-gbplanner/devel/share/common-lisp/ros/quadrotor_msgs/msg/_package_Serial.lisp)
Linked: (/home/super/uestc-gbplanner/devel/.private/quadrotor_msgs/share/common-lisp/ros/quadrotor_msgs/msg/ReplanCheck.lisp, /home/super/uestc-gbplanner/devel/share/common-lisp/ros/quadrotor_msgs/msg/ReplanCheck.lisp)
Linked: (/home/super/uestc-gbplanner/devel/.private/quadrotor_msgs/share/common-lisp/ros/quadrotor_msgs/msg/SO3Command.lisp, /home/super/uestc-gbplanner/devel/share/common-lisp/ros/quadrotor_msgs/msg/SO3Command.lisp)
Linked: (/home/super/uestc-gbplanner/devel/.private/quadrotor_msgs/share/common-lisp/ros/quadrotor_msgs/msg/_package_Bspline.lisp, /home/super/uestc-gbplanner/devel/share/common-lisp/ros/quadrotor_msgs/msg/_package_Bspline.lisp)
Linked: (/home/super/uestc-gbplanner/devel/.private/quadrotor_msgs/share/common-lisp/ros/quadrotor_msgs/msg/SpatialTemporalTrajectory.lisp, /home/super/uestc-gbplanner/devel/share/common-lisp/ros/quadrotor_msgs/msg/SpatialTemporalTrajectory.lisp)
Linked: (/home/super/uestc-gbplanner/devel/.private/quadrotor_msgs/share/common-lisp/ros/quadrotor_msgs/msg/PolynomialTrajectory.lisp, /home/super/uestc-gbplanner/devel/share/common-lisp/ros/quadrotor_msgs/msg/PolynomialTrajectory.lisp)
Linked: (/home/super/uestc-gbplanner/devel/.private/quadrotor_msgs/share/common-lisp/ros/quadrotor_msgs/msg/quadrotor_msgs-msg.asd, /home/super/uestc-gbplanner/devel/share/common-lisp/ros/quadrotor_msgs/msg/quadrotor_msgs-msg.asd)
Linked: (/home/super/uestc-gbplanner/devel/.private/quadrotor_msgs/share/common-lisp/ros/quadrotor_msgs/msg/_package_StatusData.lisp, /home/super/uestc-gbplanner/devel/share/common-lisp/ros/quadrotor_msgs/msg/_package_StatusData.lisp)
Linked: (/home/super/uestc-gbplanner/devel/.private/quadrotor_msgs/share/common-lisp/ros/quadrotor_msgs/msg/_package_PositionCommand.lisp, /home/super/uestc-gbplanner/devel/share/common-lisp/ros/quadrotor_msgs/msg/_package_PositionCommand.lisp)
Linked: (/home/super/uestc-gbplanner/devel/.private/quadrotor_msgs/share/common-lisp/ros/quadrotor_msgs/msg/OutputData.lisp, /home/super/uestc-gbplanner/devel/share/common-lisp/ros/quadrotor_msgs/msg/OutputData.lisp)
Linked: (/home/super/uestc-gbplanner/devel/.private/quadrotor_msgs/share/common-lisp/ros/quadrotor_msgs/msg/TrajectoryMatrix.lisp, /home/super/uestc-gbplanner/devel/share/common-lisp/ros/quadrotor_msgs/msg/TrajectoryMatrix.lisp)
Linked: (/home/super/uestc-gbplanner/devel/.private/quadrotor_msgs/share/common-lisp/ros/quadrotor_msgs/msg/SwarmInfo.lisp, /home/super/uestc-gbplanner/devel/share/common-lisp/ros/quadrotor_msgs/msg/SwarmInfo.lisp)
Linked: (/home/super/uestc-gbplanner/devel/.private/quadrotor_msgs/share/common-lisp/ros/quadrotor_msgs/msg/_package_Gains.lisp, /home/super/uestc-gbplanner/devel/share/common-lisp/ros/quadrotor_msgs/msg/_package_Gains.lisp)
Linked: (/home/super/uestc-gbplanner/devel/.private/quadrotor_msgs/share/common-lisp/ros/quadrotor_msgs/msg/_package_TRPYCommand.lisp, /home/super/uestc-gbplanner/devel/share/common-lisp/ros/quadrotor_msgs/msg/_package_TRPYCommand.lisp)
Linked: (/home/super/uestc-gbplanner/devel/.private/quadrotor_msgs/share/common-lisp/ros/quadrotor_msgs/msg/AuxCommand.lisp, /home/super/uestc-gbplanner/devel/share/common-lisp/ros/quadrotor_msgs/msg/AuxCommand.lisp)
Linked: (/home/super/uestc-gbplanner/devel/.private/quadrotor_msgs/share/common-lisp/ros/quadrotor_msgs/msg/_package_GoalSet.lisp, /home/super/uestc-gbplanner/devel/share/common-lisp/ros/quadrotor_msgs/msg/_package_GoalSet.lisp)
Linked: (/home/super/uestc-gbplanner/devel/.private/quadrotor_msgs/share/common-lisp/ros/quadrotor_msgs/msg/PositionCommand.lisp, /home/super/uestc-gbplanner/devel/share/common-lisp/ros/quadrotor_msgs/msg/PositionCommand.lisp)
Linked: (/home/super/uestc-gbplanner/devel/.private/quadrotor_msgs/share/common-lisp/ros/quadrotor_msgs/msg/_package_SwarmCommand.lisp, /home/super/uestc-gbplanner/devel/share/common-lisp/ros/quadrotor_msgs/msg/_package_SwarmCommand.lisp)
Linked: (/home/super/uestc-gbplanner/devel/.private/quadrotor_msgs/share/common-lisp/ros/quadrotor_msgs/msg/_package_TrajectoryMatrix.lisp, /home/super/uestc-gbplanner/devel/share/common-lisp/ros/quadrotor_msgs/msg/_package_TrajectoryMatrix.lisp)
Linked: (/home/super/uestc-gbplanner/devel/.private/quadrotor_msgs/share/common-lisp/ros/quadrotor_msgs/msg/GoalSet.lisp, /home/super/uestc-gbplanner/devel/share/common-lisp/ros/quadrotor_msgs/msg/GoalSet.lisp)
Linked: (/home/super/uestc-gbplanner/devel/.private/quadrotor_msgs/share/common-lisp/ros/quadrotor_msgs/msg/SwarmCommand.lisp, /home/super/uestc-gbplanner/devel/share/common-lisp/ros/quadrotor_msgs/msg/SwarmCommand.lisp)
Linked: (/home/super/uestc-gbplanner/devel/.private/quadrotor_msgs/share/common-lisp/ros/quadrotor_msgs/msg/_package_Replan.lisp, /home/super/uestc-gbplanner/devel/share/common-lisp/ros/quadrotor_msgs/msg/_package_Replan.lisp)
Linked: (/home/super/uestc-gbplanner/devel/.private/quadrotor_msgs/share/common-lisp/ros/quadrotor_msgs/msg/_package_SwarmOdometry.lisp, /home/super/uestc-gbplanner/devel/share/common-lisp/ros/quadrotor_msgs/msg/_package_SwarmOdometry.lisp)
Linked: (/home/super/uestc-gbplanner/devel/.private/quadrotor_msgs/share/common-lisp/ros/quadrotor_msgs/msg/Bspline.lisp, /home/super/uestc-gbplanner/devel/share/common-lisp/ros/quadrotor_msgs/msg/Bspline.lisp)
Linked: (/home/super/uestc-gbplanner/devel/.private/quadrotor_msgs/share/common-lisp/ros/quadrotor_msgs/msg/_package_OptimalTimeAllocator.lisp, /home/super/uestc-gbplanner/devel/share/common-lisp/ros/quadrotor_msgs/msg/_package_OptimalTimeAllocator.lisp)
Linked: (/home/super/uestc-gbplanner/devel/.private/quadrotor_msgs/share/common-lisp/ros/quadrotor_msgs/msg/TRPYCommand.lisp, /home/super/uestc-gbplanner/devel/share/common-lisp/ros/quadrotor_msgs/msg/TRPYCommand.lisp)
Linked: (/home/super/uestc-gbplanner/devel/.private/quadrotor_msgs/share/common-lisp/ros/quadrotor_msgs/msg/OptimalTimeAllocator.lisp, /home/super/uestc-gbplanner/devel/share/common-lisp/ros/quadrotor_msgs/msg/OptimalTimeAllocator.lisp)
Linked: (/home/super/uestc-gbplanner/devel/.private/quadrotor_msgs/share/common-lisp/ros/quadrotor_msgs/msg/Replan.lisp, /home/super/uestc-gbplanner/devel/share/common-lisp/ros/quadrotor_msgs/msg/Replan.lisp)
Linked: (/home/super/uestc-gbplanner/devel/.private/quadrotor_msgs/share/common-lisp/ros/quadrotor_msgs/msg/Gains.lisp, /home/super/uestc-gbplanner/devel/share/common-lisp/ros/quadrotor_msgs/msg/Gains.lisp)
Linked: (/home/super/uestc-gbplanner/devel/.private/quadrotor_msgs/share/common-lisp/ros/quadrotor_msgs/msg/Corrections.lisp, /home/super/uestc-gbplanner/devel/share/common-lisp/ros/quadrotor_msgs/msg/Corrections.lisp)
Linked: (/home/super/uestc-gbplanner/devel/.private/quadrotor_msgs/share/common-lisp/ros/quadrotor_msgs/msg/_package_TakeoffLand.lisp, /home/super/uestc-gbplanner/devel/share/common-lisp/ros/quadrotor_msgs/msg/_package_TakeoffLand.lisp)
Linked: (/home/super/uestc-gbplanner/devel/.private/quadrotor_msgs/share/common-lisp/ros/quadrotor_msgs/msg/Px4ctrlDebug.lisp, /home/super/uestc-gbplanner/devel/share/common-lisp/ros/quadrotor_msgs/msg/Px4ctrlDebug.lisp)
Linked: (/home/super/uestc-gbplanner/devel/.private/quadrotor_msgs/share/common-lisp/ros/quadrotor_msgs/msg/_package.lisp, /home/super/uestc-gbplanner/devel/share/common-lisp/ros/quadrotor_msgs/msg/_package.lisp)
Linked: (/home/super/uestc-gbplanner/devel/.private/quadrotor_msgs/share/common-lisp/ros/quadrotor_msgs/msg/StatusData.lisp, /home/super/uestc-gbplanner/devel/share/common-lisp/ros/quadrotor_msgs/msg/StatusData.lisp)
Linked: (/home/super/uestc-gbplanner/devel/.private/quadrotor_msgs/share/common-lisp/ros/quadrotor_msgs/msg/_package_AuxCommand.lisp, /home/super/uestc-gbplanner/devel/share/common-lisp/ros/quadrotor_msgs/msg/_package_AuxCommand.lisp)
Linked: (/home/super/uestc-gbplanner/devel/.private/quadrotor_msgs/share/common-lisp/ros/quadrotor_msgs/msg/TakeoffLand.lisp, /home/super/uestc-gbplanner/devel/share/common-lisp/ros/quadrotor_msgs/msg/TakeoffLand.lisp)
Linked: (/home/super/uestc-gbplanner/devel/.private/quadrotor_msgs/share/common-lisp/ros/quadrotor_msgs/msg/_package_ReplanCheck.lisp, /home/super/uestc-gbplanner/devel/share/common-lisp/ros/quadrotor_msgs/msg/_package_ReplanCheck.lisp)
Linked: (/home/super/uestc-gbplanner/devel/.private/quadrotor_msgs/share/common-lisp/ros/quadrotor_msgs/msg/Odometry.lisp, /home/super/uestc-gbplanner/devel/share/common-lisp/ros/quadrotor_msgs/msg/Odometry.lisp)
Linked: (/home/super/uestc-gbplanner/devel/.private/quadrotor_msgs/share/common-lisp/ros/quadrotor_msgs/msg/PPROutputData.lisp, /home/super/uestc-gbplanner/devel/share/common-lisp/ros/quadrotor_msgs/msg/PPROutputData.lisp)
Linked: (/home/super/uestc-gbplanner/devel/.private/quadrotor_msgs/share/common-lisp/ros/quadrotor_msgs/msg/_package_SwarmInfo.lisp, /home/super/uestc-gbplanner/devel/share/common-lisp/ros/quadrotor_msgs/msg/_package_SwarmInfo.lisp)
Linked: (/home/super/uestc-gbplanner/devel/.private/quadrotor_msgs/share/common-lisp/ros/quadrotor_msgs/msg/_package_Odometry.lisp, /home/super/uestc-gbplanner/devel/share/common-lisp/ros/quadrotor_msgs/msg/_package_Odometry.lisp)
Linked: (/home/super/uestc-gbplanner/devel/.private/quadrotor_msgs/share/common-lisp/ros/quadrotor_msgs/msg/_package_Px4ctrlDebug.lisp, /home/super/uestc-gbplanner/devel/share/common-lisp/ros/quadrotor_msgs/msg/_package_Px4ctrlDebug.lisp)
Linked: (/home/super/uestc-gbplanner/devel/.private/quadrotor_msgs/share/common-lisp/ros/quadrotor_msgs/msg/_package_Corrections.lisp, /home/super/uestc-gbplanner/devel/share/common-lisp/ros/quadrotor_msgs/msg/_package_Corrections.lisp)
Linked: (/home/super/uestc-gbplanner/devel/.private/quadrotor_msgs/share/common-lisp/ros/quadrotor_msgs/msg/_package_OutputData.lisp, /home/super/uestc-gbplanner/devel/share/common-lisp/ros/quadrotor_msgs/msg/_package_OutputData.lisp)
Linked: (/home/super/uestc-gbplanner/devel/.private/quadrotor_msgs/share/common-lisp/ros/quadrotor_msgs/msg/_package_SO3Command.lisp, /home/super/uestc-gbplanner/devel/share/common-lisp/ros/quadrotor_msgs/msg/_package_SO3Command.lisp)
Linked: (/home/super/uestc-gbplanner/devel/.private/quadrotor_msgs/share/common-lisp/ros/quadrotor_msgs/msg/_package_PolynomialTrajectory.lisp, /home/super/uestc-gbplanner/devel/share/common-lisp/ros/quadrotor_msgs/msg/_package_PolynomialTrajectory.lisp)
Linked: (/home/super/uestc-gbplanner/devel/.private/quadrotor_msgs/share/quadrotor_msgs/cmake/quadrotor_msgs-msg-paths.cmake, /home/super/uestc-gbplanner/devel/share/quadrotor_msgs/cmake/quadrotor_msgs-msg-paths.cmake)
Linked: (/home/super/uestc-gbplanner/devel/.private/quadrotor_msgs/share/quadrotor_msgs/cmake/quadrotor_msgs-msg-extras.cmake, /home/super/uestc-gbplanner/devel/share/quadrotor_msgs/cmake/quadrotor_msgs-msg-extras.cmake)
Linked: (/home/super/uestc-gbplanner/devel/.private/quadrotor_msgs/share/quadrotor_msgs/cmake/quadrotor_msgsConfig-version.cmake, /home/super/uestc-gbplanner/devel/share/quadrotor_msgs/cmake/quadrotor_msgsConfig-version.cmake)
Linked: (/home/super/uestc-gbplanner/devel/.private/quadrotor_msgs/share/quadrotor_msgs/cmake/quadrotor_msgsConfig.cmake, /home/super/uestc-gbplanner/devel/share/quadrotor_msgs/cmake/quadrotor_msgsConfig.cmake)
Linked: (/home/super/uestc-gbplanner/devel/.private/quadrotor_msgs/share/gennodejs/ros/quadrotor_msgs/_index.js, /home/super/uestc-gbplanner/devel/share/gennodejs/ros/quadrotor_msgs/_index.js)
Linked: (/home/super/uestc-gbplanner/devel/.private/quadrotor_msgs/share/gennodejs/ros/quadrotor_msgs/srv/SetTakeoffLand.js, /home/super/uestc-gbplanner/devel/share/gennodejs/ros/quadrotor_msgs/srv/SetTakeoffLand.js)
Linked: (/home/super/uestc-gbplanner/devel/.private/quadrotor_msgs/share/gennodejs/ros/quadrotor_msgs/srv/_index.js, /home/super/uestc-gbplanner/devel/share/gennodejs/ros/quadrotor_msgs/srv/_index.js)
Linked: (/home/super/uestc-gbplanner/devel/.private/quadrotor_msgs/share/gennodejs/ros/quadrotor_msgs/msg/PolynomialTrajectory.js, /home/super/uestc-gbplanner/devel/share/gennodejs/ros/quadrotor_msgs/msg/PolynomialTrajectory.js)
Linked: (/home/super/uestc-gbplanner/devel/.private/quadrotor_msgs/share/gennodejs/ros/quadrotor_msgs/msg/SpatialTemporalTrajectory.js, /home/super/uestc-gbplanner/devel/share/gennodejs/ros/quadrotor_msgs/msg/SpatialTemporalTrajectory.js)
Linked: (/home/super/uestc-gbplanner/devel/.private/quadrotor_msgs/share/gennodejs/ros/quadrotor_msgs/msg/PositionCommand.js, /home/super/uestc-gbplanner/devel/share/gennodejs/ros/quadrotor_msgs/msg/PositionCommand.js)
Linked: (/home/super/uestc-gbplanner/devel/.private/quadrotor_msgs/share/gennodejs/ros/quadrotor_msgs/msg/SwarmCommand.js, /home/super/uestc-gbplanner/devel/share/gennodejs/ros/quadrotor_msgs/msg/SwarmCommand.js)
Linked: (/home/super/uestc-gbplanner/devel/.private/quadrotor_msgs/share/gennodejs/ros/quadrotor_msgs/msg/Replan.js, /home/super/uestc-gbplanner/devel/share/gennodejs/ros/quadrotor_msgs/msg/Replan.js)
Linked: (/home/super/uestc-gbplanner/devel/.private/quadrotor_msgs/share/gennodejs/ros/quadrotor_msgs/msg/OutputData.js, /home/super/uestc-gbplanner/devel/share/gennodejs/ros/quadrotor_msgs/msg/OutputData.js)
Linked: (/home/super/uestc-gbplanner/devel/.private/quadrotor_msgs/share/gennodejs/ros/quadrotor_msgs/msg/TrajectoryMatrix.js, /home/super/uestc-gbplanner/devel/share/gennodejs/ros/quadrotor_msgs/msg/TrajectoryMatrix.js)
Linked: (/home/super/uestc-gbplanner/devel/.private/quadrotor_msgs/share/gennodejs/ros/quadrotor_msgs/msg/ReplanCheck.js, /home/super/uestc-gbplanner/devel/share/gennodejs/ros/quadrotor_msgs/msg/ReplanCheck.js)
Linked: (/home/super/uestc-gbplanner/devel/.private/quadrotor_msgs/share/gennodejs/ros/quadrotor_msgs/msg/Corrections.js, /home/super/uestc-gbplanner/devel/share/gennodejs/ros/quadrotor_msgs/msg/Corrections.js)
Linked: (/home/super/uestc-gbplanner/devel/.private/quadrotor_msgs/share/gennodejs/ros/quadrotor_msgs/msg/AuxCommand.js, /home/super/uestc-gbplanner/devel/share/gennodejs/ros/quadrotor_msgs/msg/AuxCommand.js)
Linked: (/home/super/uestc-gbplanner/devel/.private/quadrotor_msgs/share/gennodejs/ros/quadrotor_msgs/msg/SO3Command.js, /home/super/uestc-gbplanner/devel/share/gennodejs/ros/quadrotor_msgs/msg/SO3Command.js)
Linked: (/home/super/uestc-gbplanner/devel/.private/quadrotor_msgs/share/gennodejs/ros/quadrotor_msgs/msg/Serial.js, /home/super/uestc-gbplanner/devel/share/gennodejs/ros/quadrotor_msgs/msg/Serial.js)
Linked: (/home/super/uestc-gbplanner/devel/.private/quadrotor_msgs/share/gennodejs/ros/quadrotor_msgs/msg/OptimalTimeAllocator.js, /home/super/uestc-gbplanner/devel/share/gennodejs/ros/quadrotor_msgs/msg/OptimalTimeAllocator.js)
Linked: (/home/super/uestc-gbplanner/devel/.private/quadrotor_msgs/share/gennodejs/ros/quadrotor_msgs/msg/_index.js, /home/super/uestc-gbplanner/devel/share/gennodejs/ros/quadrotor_msgs/msg/_index.js)
Linked: (/home/super/uestc-gbplanner/devel/.private/quadrotor_msgs/share/gennodejs/ros/quadrotor_msgs/msg/SwarmInfo.js, /home/super/uestc-gbplanner/devel/share/gennodejs/ros/quadrotor_msgs/msg/SwarmInfo.js)
Linked: (/home/super/uestc-gbplanner/devel/.private/quadrotor_msgs/share/gennodejs/ros/quadrotor_msgs/msg/Bspline.js, /home/super/uestc-gbplanner/devel/share/gennodejs/ros/quadrotor_msgs/msg/Bspline.js)
Linked: (/home/super/uestc-gbplanner/devel/.private/quadrotor_msgs/share/gennodejs/ros/quadrotor_msgs/msg/PPROutputData.js, /home/super/uestc-gbplanner/devel/share/gennodejs/ros/quadrotor_msgs/msg/PPROutputData.js)
Linked: (/home/super/uestc-gbplanner/devel/.private/quadrotor_msgs/share/gennodejs/ros/quadrotor_msgs/msg/GoalSet.js, /home/super/uestc-gbplanner/devel/share/gennodejs/ros/quadrotor_msgs/msg/GoalSet.js)
Linked: (/home/super/uestc-gbplanner/devel/.private/quadrotor_msgs/share/gennodejs/ros/quadrotor_msgs/msg/Px4ctrlDebug.js, /home/super/uestc-gbplanner/devel/share/gennodejs/ros/quadrotor_msgs/msg/Px4ctrlDebug.js)
Linked: (/home/super/uestc-gbplanner/devel/.private/quadrotor_msgs/share/gennodejs/ros/quadrotor_msgs/msg/Gains.js, /home/super/uestc-gbplanner/devel/share/gennodejs/ros/quadrotor_msgs/msg/Gains.js)
Linked: (/home/super/uestc-gbplanner/devel/.private/quadrotor_msgs/share/gennodejs/ros/quadrotor_msgs/msg/TakeoffLand.js, /home/super/uestc-gbplanner/devel/share/gennodejs/ros/quadrotor_msgs/msg/TakeoffLand.js)
Linked: (/home/super/uestc-gbplanner/devel/.private/quadrotor_msgs/share/gennodejs/ros/quadrotor_msgs/msg/SwarmOdometry.js, /home/super/uestc-gbplanner/devel/share/gennodejs/ros/quadrotor_msgs/msg/SwarmOdometry.js)
Linked: (/home/super/uestc-gbplanner/devel/.private/quadrotor_msgs/share/gennodejs/ros/quadrotor_msgs/msg/TRPYCommand.js, /home/super/uestc-gbplanner/devel/share/gennodejs/ros/quadrotor_msgs/msg/TRPYCommand.js)
Linked: (/home/super/uestc-gbplanner/devel/.private/quadrotor_msgs/share/gennodejs/ros/quadrotor_msgs/msg/Odometry.js, /home/super/uestc-gbplanner/devel/share/gennodejs/ros/quadrotor_msgs/msg/Odometry.js)
Linked: (/home/super/uestc-gbplanner/devel/.private/quadrotor_msgs/share/gennodejs/ros/quadrotor_msgs/msg/StatusData.js, /home/super/uestc-gbplanner/devel/share/gennodejs/ros/quadrotor_msgs/msg/StatusData.js)
Linked: (/home/super/uestc-gbplanner/devel/.private/quadrotor_msgs/include/quadrotor_msgs/GoalSet.h, /home/super/uestc-gbplanner/devel/include/quadrotor_msgs/GoalSet.h)
Linked: (/home/super/uestc-gbplanner/devel/.private/quadrotor_msgs/include/quadrotor_msgs/TrajectoryMatrix.h, /home/super/uestc-gbplanner/devel/include/quadrotor_msgs/TrajectoryMatrix.h)
Linked: (/home/super/uestc-gbplanner/devel/.private/quadrotor_msgs/include/quadrotor_msgs/SetTakeoffLandRequest.h, /home/super/uestc-gbplanner/devel/include/quadrotor_msgs/SetTakeoffLandRequest.h)
Linked: (/home/super/uestc-gbplanner/devel/.private/quadrotor_msgs/include/quadrotor_msgs/SpatialTemporalTrajectory.h, /home/super/uestc-gbplanner/devel/include/quadrotor_msgs/SpatialTemporalTrajectory.h)
Linked: (/home/super/uestc-gbplanner/devel/.private/quadrotor_msgs/include/quadrotor_msgs/PositionCommand.h, /home/super/uestc-gbplanner/devel/include/quadrotor_msgs/PositionCommand.h)
Linked: (/home/super/uestc-gbplanner/devel/.private/quadrotor_msgs/include/quadrotor_msgs/SwarmOdometry.h, /home/super/uestc-gbplanner/devel/include/quadrotor_msgs/SwarmOdometry.h)
Linked: (/home/super/uestc-gbplanner/devel/.private/quadrotor_msgs/include/quadrotor_msgs/ReplanCheck.h, /home/super/uestc-gbplanner/devel/include/quadrotor_msgs/ReplanCheck.h)
Linked: (/home/super/uestc-gbplanner/devel/.private/quadrotor_msgs/include/quadrotor_msgs/PPROutputData.h, /home/super/uestc-gbplanner/devel/include/quadrotor_msgs/PPROutputData.h)
Linked: (/home/super/uestc-gbplanner/devel/.private/quadrotor_msgs/include/quadrotor_msgs/AuxCommand.h, /home/super/uestc-gbplanner/devel/include/quadrotor_msgs/AuxCommand.h)
Linked: (/home/super/uestc-gbplanner/devel/.private/quadrotor_msgs/include/quadrotor_msgs/Corrections.h, /home/super/uestc-gbplanner/devel/include/quadrotor_msgs/Corrections.h)
Linked: (/home/super/uestc-gbplanner/devel/.private/quadrotor_msgs/include/quadrotor_msgs/TRPYCommand.h, /home/super/uestc-gbplanner/devel/include/quadrotor_msgs/TRPYCommand.h)
Linked: (/home/super/uestc-gbplanner/devel/.private/quadrotor_msgs/include/quadrotor_msgs/OptimalTimeAllocator.h, /home/super/uestc-gbplanner/devel/include/quadrotor_msgs/OptimalTimeAllocator.h)
Linked: (/home/super/uestc-gbplanner/devel/.private/quadrotor_msgs/include/quadrotor_msgs/PolynomialTrajectory.h, /home/super/uestc-gbplanner/devel/include/quadrotor_msgs/PolynomialTrajectory.h)
Linked: (/home/super/uestc-gbplanner/devel/.private/quadrotor_msgs/include/quadrotor_msgs/SO3Command.h, /home/super/uestc-gbplanner/devel/include/quadrotor_msgs/SO3Command.h)
Linked: (/home/super/uestc-gbplanner/devel/.private/quadrotor_msgs/include/quadrotor_msgs/SetTakeoffLandResponse.h, /home/super/uestc-gbplanner/devel/include/quadrotor_msgs/SetTakeoffLandResponse.h)
Linked: (/home/super/uestc-gbplanner/devel/.private/quadrotor_msgs/include/quadrotor_msgs/SetTakeoffLand.h, /home/super/uestc-gbplanner/devel/include/quadrotor_msgs/SetTakeoffLand.h)
Linked: (/home/super/uestc-gbplanner/devel/.private/quadrotor_msgs/include/quadrotor_msgs/Gains.h, /home/super/uestc-gbplanner/devel/include/quadrotor_msgs/Gains.h)
Linked: (/home/super/uestc-gbplanner/devel/.private/quadrotor_msgs/include/quadrotor_msgs/Bspline.h, /home/super/uestc-gbplanner/devel/include/quadrotor_msgs/Bspline.h)
Linked: (/home/super/uestc-gbplanner/devel/.private/quadrotor_msgs/include/quadrotor_msgs/SwarmInfo.h, /home/super/uestc-gbplanner/devel/include/quadrotor_msgs/SwarmInfo.h)
Linked: (/home/super/uestc-gbplanner/devel/.private/quadrotor_msgs/include/quadrotor_msgs/TakeoffLand.h, /home/super/uestc-gbplanner/devel/include/quadrotor_msgs/TakeoffLand.h)
Linked: (/home/super/uestc-gbplanner/devel/.private/quadrotor_msgs/include/quadrotor_msgs/Serial.h, /home/super/uestc-gbplanner/devel/include/quadrotor_msgs/Serial.h)
Linked: (/home/super/uestc-gbplanner/devel/.private/quadrotor_msgs/include/quadrotor_msgs/OutputData.h, /home/super/uestc-gbplanner/devel/include/quadrotor_msgs/OutputData.h)
Linked: (/home/super/uestc-gbplanner/devel/.private/quadrotor_msgs/include/quadrotor_msgs/SwarmCommand.h, /home/super/uestc-gbplanner/devel/include/quadrotor_msgs/SwarmCommand.h)
Linked: (/home/super/uestc-gbplanner/devel/.private/quadrotor_msgs/include/quadrotor_msgs/Replan.h, /home/super/uestc-gbplanner/devel/include/quadrotor_msgs/Replan.h)
Linked: (/home/super/uestc-gbplanner/devel/.private/quadrotor_msgs/include/quadrotor_msgs/Odometry.h, /home/super/uestc-gbplanner/devel/include/quadrotor_msgs/Odometry.h)
Linked: (/home/super/uestc-gbplanner/devel/.private/quadrotor_msgs/include/quadrotor_msgs/Px4ctrlDebug.h, /home/super/uestc-gbplanner/devel/include/quadrotor_msgs/Px4ctrlDebug.h)
Linked: (/home/super/uestc-gbplanner/devel/.private/quadrotor_msgs/include/quadrotor_msgs/StatusData.h, /home/super/uestc-gbplanner/devel/include/quadrotor_msgs/StatusData.h)
Linked: (/home/super/uestc-gbplanner/devel/.private/quadrotor_msgs/lib/libdecode_msgs.so, /home/super/uestc-gbplanner/devel/lib/libdecode_msgs.so)
Linked: (/home/super/uestc-gbplanner/devel/.private/quadrotor_msgs/lib/libencode_msgs.so, /home/super/uestc-gbplanner/devel/lib/libencode_msgs.so)
Linked: (/home/super/uestc-gbplanner/devel/.private/quadrotor_msgs/lib/pkgconfig/quadrotor_msgs.pc, /home/super/uestc-gbplanner/devel/lib/pkgconfig/quadrotor_msgs.pc)
Linked: (/home/super/uestc-gbplanner/devel/.private/quadrotor_msgs/lib/python3/dist-packages/quadrotor_msgs/__init__.py, /home/super/uestc-gbplanner/devel/lib/python3/dist-packages/quadrotor_msgs/__init__.py)
Linked: (/home/super/uestc-gbplanner/devel/.private/quadrotor_msgs/lib/python3/dist-packages/quadrotor_msgs/srv/__init__.py, /home/super/uestc-gbplanner/devel/lib/python3/dist-packages/quadrotor_msgs/srv/__init__.py)
Linked: (/home/super/uestc-gbplanner/devel/.private/quadrotor_msgs/lib/python3/dist-packages/quadrotor_msgs/srv/_SetTakeoffLand.py, /home/super/uestc-gbplanner/devel/lib/python3/dist-packages/quadrotor_msgs/srv/_SetTakeoffLand.py)
Linked: (/home/super/uestc-gbplanner/devel/.private/quadrotor_msgs/lib/python3/dist-packages/quadrotor_msgs/msg/_TRPYCommand.py, /home/super/uestc-gbplanner/devel/lib/python3/dist-packages/quadrotor_msgs/msg/_TRPYCommand.py)
Linked: (/home/super/uestc-gbplanner/devel/.private/quadrotor_msgs/lib/python3/dist-packages/quadrotor_msgs/msg/_SwarmInfo.py, /home/super/uestc-gbplanner/devel/lib/python3/dist-packages/quadrotor_msgs/msg/_SwarmInfo.py)
Linked: (/home/super/uestc-gbplanner/devel/.private/quadrotor_msgs/lib/python3/dist-packages/quadrotor_msgs/msg/_Bspline.py, /home/super/uestc-gbplanner/devel/lib/python3/dist-packages/quadrotor_msgs/msg/_Bspline.py)
Linked: (/home/super/uestc-gbplanner/devel/.private/quadrotor_msgs/lib/python3/dist-packages/quadrotor_msgs/msg/_PolynomialTrajectory.py, /home/super/uestc-gbplanner/devel/lib/python3/dist-packages/quadrotor_msgs/msg/_PolynomialTrajectory.py)
Linked: (/home/super/uestc-gbplanner/devel/.private/quadrotor_msgs/lib/python3/dist-packages/quadrotor_msgs/msg/_OutputData.py, /home/super/uestc-gbplanner/devel/lib/python3/dist-packages/quadrotor_msgs/msg/_OutputData.py)
Linked: (/home/super/uestc-gbplanner/devel/.private/quadrotor_msgs/lib/python3/dist-packages/quadrotor_msgs/msg/_ReplanCheck.py, /home/super/uestc-gbplanner/devel/lib/python3/dist-packages/quadrotor_msgs/msg/_ReplanCheck.py)
Linked: (/home/super/uestc-gbplanner/devel/.private/quadrotor_msgs/lib/python3/dist-packages/quadrotor_msgs/msg/_SpatialTemporalTrajectory.py, /home/super/uestc-gbplanner/devel/lib/python3/dist-packages/quadrotor_msgs/msg/_SpatialTemporalTrajectory.py)
Linked: (/home/super/uestc-gbplanner/devel/.private/quadrotor_msgs/lib/python3/dist-packages/quadrotor_msgs/msg/__init__.py, /home/super/uestc-gbplanner/devel/lib/python3/dist-packages/quadrotor_msgs/msg/__init__.py)
Linked: (/home/super/uestc-gbplanner/devel/.private/quadrotor_msgs/lib/python3/dist-packages/quadrotor_msgs/msg/_Replan.py, /home/super/uestc-gbplanner/devel/lib/python3/dist-packages/quadrotor_msgs/msg/_Replan.py)
Linked: (/home/super/uestc-gbplanner/devel/.private/quadrotor_msgs/lib/python3/dist-packages/quadrotor_msgs/msg/_PPROutputData.py, /home/super/uestc-gbplanner/devel/lib/python3/dist-packages/quadrotor_msgs/msg/_PPROutputData.py)
Linked: (/home/super/uestc-gbplanner/devel/.private/quadrotor_msgs/lib/python3/dist-packages/quadrotor_msgs/msg/_SwarmCommand.py, /home/super/uestc-gbplanner/devel/lib/python3/dist-packages/quadrotor_msgs/msg/_SwarmCommand.py)
Linked: (/home/super/uestc-gbplanner/devel/.private/quadrotor_msgs/lib/python3/dist-packages/quadrotor_msgs/msg/_SwarmOdometry.py, /home/super/uestc-gbplanner/devel/lib/python3/dist-packages/quadrotor_msgs/msg/_SwarmOdometry.py)
Linked: (/home/super/uestc-gbplanner/devel/.private/quadrotor_msgs/lib/python3/dist-packages/quadrotor_msgs/msg/_PositionCommand.py, /home/super/uestc-gbplanner/devel/lib/python3/dist-packages/quadrotor_msgs/msg/_PositionCommand.py)
Linked: (/home/super/uestc-gbplanner/devel/.private/quadrotor_msgs/lib/python3/dist-packages/quadrotor_msgs/msg/_TrajectoryMatrix.py, /home/super/uestc-gbplanner/devel/lib/python3/dist-packages/quadrotor_msgs/msg/_TrajectoryMatrix.py)
Linked: (/home/super/uestc-gbplanner/devel/.private/quadrotor_msgs/lib/python3/dist-packages/quadrotor_msgs/msg/_StatusData.py, /home/super/uestc-gbplanner/devel/lib/python3/dist-packages/quadrotor_msgs/msg/_StatusData.py)
Linked: (/home/super/uestc-gbplanner/devel/.private/quadrotor_msgs/lib/python3/dist-packages/quadrotor_msgs/msg/_SO3Command.py, /home/super/uestc-gbplanner/devel/lib/python3/dist-packages/quadrotor_msgs/msg/_SO3Command.py)
Linked: (/home/super/uestc-gbplanner/devel/.private/quadrotor_msgs/lib/python3/dist-packages/quadrotor_msgs/msg/_Serial.py, /home/super/uestc-gbplanner/devel/lib/python3/dist-packages/quadrotor_msgs/msg/_Serial.py)
Linked: (/home/super/uestc-gbplanner/devel/.private/quadrotor_msgs/lib/python3/dist-packages/quadrotor_msgs/msg/_TakeoffLand.py, /home/super/uestc-gbplanner/devel/lib/python3/dist-packages/quadrotor_msgs/msg/_TakeoffLand.py)
Linked: (/home/super/uestc-gbplanner/devel/.private/quadrotor_msgs/lib/python3/dist-packages/quadrotor_msgs/msg/_Corrections.py, /home/super/uestc-gbplanner/devel/lib/python3/dist-packages/quadrotor_msgs/msg/_Corrections.py)
Linked: (/home/super/uestc-gbplanner/devel/.private/quadrotor_msgs/lib/python3/dist-packages/quadrotor_msgs/msg/_Odometry.py, /home/super/uestc-gbplanner/devel/lib/python3/dist-packages/quadrotor_msgs/msg/_Odometry.py)
Linked: (/home/super/uestc-gbplanner/devel/.private/quadrotor_msgs/lib/python3/dist-packages/quadrotor_msgs/msg/_OptimalTimeAllocator.py, /home/super/uestc-gbplanner/devel/lib/python3/dist-packages/quadrotor_msgs/msg/_OptimalTimeAllocator.py)
Linked: (/home/super/uestc-gbplanner/devel/.private/quadrotor_msgs/lib/python3/dist-packages/quadrotor_msgs/msg/_AuxCommand.py, /home/super/uestc-gbplanner/devel/lib/python3/dist-packages/quadrotor_msgs/msg/_AuxCommand.py)
Linked: (/home/super/uestc-gbplanner/devel/.private/quadrotor_msgs/lib/python3/dist-packages/quadrotor_msgs/msg/_Gains.py, /home/super/uestc-gbplanner/devel/lib/python3/dist-packages/quadrotor_msgs/msg/_Gains.py)
Linked: (/home/super/uestc-gbplanner/devel/.private/quadrotor_msgs/lib/python3/dist-packages/quadrotor_msgs/msg/_GoalSet.py, /home/super/uestc-gbplanner/devel/lib/python3/dist-packages/quadrotor_msgs/msg/_GoalSet.py)
Linked: (/home/super/uestc-gbplanner/devel/.private/quadrotor_msgs/lib/python3/dist-packages/quadrotor_msgs/msg/_Px4ctrlDebug.py, /home/super/uestc-gbplanner/devel/lib/python3/dist-packages/quadrotor_msgs/msg/_Px4ctrlDebug.py)
