[35m[1mScanning dependencies of target map_msgs_generate_messages_lisp[0m
[35m[1mScanning dependencies of target nav_msgs_generate_messages_lisp[0m
[35m[1mScanning dependencies of target map_msgs_generate_messages_nodejs[0m
[35m[1mScanning dependencies of target voxblox_msgs_generate_messages_nodejs[0m
[35m[1mScanning dependencies of target pcl_msgs_generate_messages_eus[0m
[35m[1mScanning dependencies of target voxblox_msgs_generate_messages_eus[0m
[35m[1mScanning dependencies of target voxblox_msgs_generate_messages_py[0m
[35m[1mScanning dependencies of target topic_tools_generate_messages_nodejs[0m
[35m[1mScanning dependencies of target map_msgs_generate_messages_cpp[0m
[35m[1mScanning dependencies of target nav_msgs_generate_messages_eus[0m
[35m[1mScanning dependencies of target rviz_generate_messages_lisp[0m
[35m[1mScanning dependencies of target bond_generate_messages_nodejs[0m
[35m[1mScanning dependencies of target voxblox_msgs_generate_messages_cpp[0m
[35m[1mScanning dependencies of target std_srvs_generate_messages_lisp[0m
[35m[1mScanning dependencies of target rviz_generate_messages_nodejs[0m
[35m[1mScanning dependencies of target rviz_generate_messages_py[0m
[35m[1mScanning dependencies of target bond_generate_messages_lisp[0m
[35m[1mScanning dependencies of target bond_generate_messages_py[0m
[35m[1mScanning dependencies of target topic_tools_generate_messages_lisp[0m
[35m[1mScanning dependencies of target bond_generate_messages_eus[0m
[35m[1mScanning dependencies of target std_srvs_generate_messages_eus[0m
[  0%] Built target voxblox_msgs_generate_messages_nodejs
[  0%] Built target map_msgs_generate_messages_nodejs
[  0%] Built target rviz_generate_messages_lisp
[  0%] Built target nav_msgs_generate_messages_eus
[  0%] Built target map_msgs_generate_messages_cpp
[  0%] Built target voxblox_msgs_generate_messages_py
[  0%] Built target nav_msgs_generate_messages_lisp
[35m[1mScanning dependencies of target topic_tools_generate_messages_eus[0m
[  0%] Built target map_msgs_generate_messages_lisp
[  0%] Built target voxblox_msgs_generate_messages_eus
[  0%] Built target topic_tools_generate_messages_nodejs
[  0%] Built target bond_generate_messages_nodejs
[  0%] Built target rviz_generate_messages_nodejs
[  0%] Built target std_srvs_generate_messages_lisp
[  0%] Built target pcl_msgs_generate_messages_eus
[  0%] Built target bond_generate_messages_lisp
[  0%] Built target bond_generate_messages_eus
[  0%] Built target rviz_generate_messages_py
[  0%] Built target topic_tools_generate_messages_eus
[35m[1mScanning dependencies of target nodelet_generate_messages_eus[0m
[35m[1mScanning dependencies of target nodelet_generate_messages_py[0m
[  0%] Built target std_srvs_generate_messages_eus
[35m[1mScanning dependencies of target pcl_msgs_generate_messages_py[0m
[35m[1mScanning dependencies of target pcl_ros_gencfg[0m
[  0%] Built target bond_generate_messages_py
[  0%] Built target voxblox_msgs_generate_messages_cpp
[  0%] Built target topic_tools_generate_messages_lisp
[35m[1mScanning dependencies of target std_srvs_generate_messages_nodejs[0m
[35m[1mScanning dependencies of target nodelet_generate_messages_nodejs[0m
[35m[1mScanning dependencies of target nodelet_generate_messages_cpp[0m
[35m[1mScanning dependencies of target dynamic_reconfigure_generate_messages_cpp[0m
[35m[1mScanning dependencies of target std_msgs_generate_messages_nodejs[0m
[35m[1mScanning dependencies of target pcl_msgs_generate_messages_nodejs[0m
[  0%] Built target nodelet_generate_messages_eus
[35m[1mScanning dependencies of target nodelet_generate_messages_lisp[0m
[35m[1mScanning dependencies of target dynamic_reconfigure_gencfg[0m
[35m[1mScanning dependencies of target pcl_msgs_generate_messages_lisp[0m
[35m[1mScanning dependencies of target roscpp_generate_messages_nodejs[0m
[35m[1mScanning dependencies of target tf2_msgs_generate_messages_cpp[0m
[35m[1mScanning dependencies of target geometry_msgs_generate_messages_lisp[0m
[35m[1mScanning dependencies of target geometry_msgs_generate_messages_eus[0m
[  0%] Built target nodelet_generate_messages_py
[35m[1mScanning dependencies of target std_msgs_generate_messages_cpp[0m
[35m[1mScanning dependencies of target dynamic_reconfigure_generate_messages_lisp[0m
[  0%] Built target pcl_ros_gencfg
[35m[1mScanning dependencies of target voxblox_msgs_generate_messages_lisp[0m
[  0%] Built target nodelet_generate_messages_lisp
[  0%] Built target pcl_msgs_generate_messages_nodejs
[  0%] Built target dynamic_reconfigure_generate_messages_cpp
[  0%] Built target std_msgs_generate_messages_nodejs
[35m[1mScanning dependencies of target map_msgs_generate_messages_eus[0m
[35m[1mScanning dependencies of target tf_generate_messages_cpp[0m
[  0%] Built target dynamic_reconfigure_gencfg
[  0%] Built target nodelet_generate_messages_cpp
[  0%] Built target nodelet_generate_messages_nodejs
[  0%] Built target pcl_msgs_generate_messages_py
[  0%] Built target std_srvs_generate_messages_nodejs
[35m[1mScanning dependencies of target map_msgs_generate_messages_py[0m
[  0%] Built target pcl_msgs_generate_messages_lisp
[  0%] Built target tf2_msgs_generate_messages_cpp
[  0%] Built target geometry_msgs_generate_messages_lisp
[  0%] Built target dynamic_reconfigure_generate_messages_lisp
[  0%] Built target roscpp_generate_messages_nodejs
[  0%] Built target geometry_msgs_generate_messages_eus
[  0%] Built target map_msgs_generate_messages_eus
[  0%] Built target tf_generate_messages_cpp
[  0%] Built target std_msgs_generate_messages_cpp
[  0%] Built target voxblox_msgs_generate_messages_lisp
[35m[1mScanning dependencies of target rviz_generate_messages_cpp[0m
[35m[1mScanning dependencies of target topic_tools_generate_messages_py[0m
[35m[1mScanning dependencies of target geometry_msgs_generate_messages_py[0m
[35m[1mScanning dependencies of target roscpp_generate_messages_lisp[0m
[35m[1mScanning dependencies of target std_srvs_generate_messages_cpp[0m
[35m[1mScanning dependencies of target std_msgs_generate_messages_lisp[0m
[35m[1mScanning dependencies of target roscpp_generate_messages_cpp[0m
[35m[1mScanning dependencies of target rosgraph_msgs_generate_messages_lisp[0m
[35m[1mScanning dependencies of target sensor_msgs_generate_messages_nodejs[0m
[  0%] Built target map_msgs_generate_messages_py
[35m[1mScanning dependencies of target rosgraph_msgs_generate_messages_py[0m
[35m[1mScanning dependencies of target actionlib_msgs_generate_messages_eus[0m
[35m[1mScanning dependencies of target dynamic_reconfigure_generate_messages_py[0m
[35m[1mScanning dependencies of target dynamic_reconfigure_generate_messages_eus[0m
[35m[1mScanning dependencies of target actionlib_generate_messages_lisp[0m
[35m[1mScanning dependencies of target rosgraph_msgs_generate_messages_eus[0m
[35m[1mScanning dependencies of target std_srvs_generate_messages_py[0m
[35m[1mScanning dependencies of target visualization_msgs_generate_messages_lisp[0m
[  0%] Built target topic_tools_generate_messages_py
[  0%] Built target roscpp_generate_messages_lisp
[35m[1mScanning dependencies of target tf_generate_messages_eus[0m
[  0%] Built target roscpp_generate_messages_cpp
[35m[1mScanning dependencies of target geometry_msgs_generate_messages_cpp[0m
[  0%] Built target std_srvs_generate_messages_cpp
[  0%] Built target geometry_msgs_generate_messages_py
[35m[1mScanning dependencies of target bond_generate_messages_cpp[0m
[35m[1mScanning dependencies of target geometry_msgs_generate_messages_nodejs[0m
[35m[1mScanning dependencies of target dynamic_reconfigure_generate_messages_nodejs[0m
[  0%] Built target rviz_generate_messages_cpp
[  0%] Built target actionlib_generate_messages_lisp
[  0%] Built target sensor_msgs_generate_messages_nodejs
[  0%] Built target dynamic_reconfigure_generate_messages_py
[  0%] Built target rosgraph_msgs_generate_messages_lisp
[  0%] Built target rosgraph_msgs_generate_messages_py
[  0%] Built target visualization_msgs_generate_messages_lisp
[  0%] Built target std_msgs_generate_messages_lisp
[35m[1mScanning dependencies of target tf2_msgs_generate_messages_py[0m
[  0%] Built target std_srvs_generate_messages_py
[  0%] Built target actionlib_msgs_generate_messages_eus
[  0%] Built target dynamic_reconfigure_generate_messages_eus
[  0%] Built target rosgraph_msgs_generate_messages_eus
[  0%] Built target dynamic_reconfigure_generate_messages_nodejs
[35m[1mScanning dependencies of target nav_msgs_generate_messages_cpp[0m
[  0%] Built target tf_generate_messages_eus
[  0%] Built target bond_generate_messages_cpp
[35m[1mScanning dependencies of target sensor_msgs_generate_messages_py[0m
[  0%] Built target geometry_msgs_generate_messages_cpp
[35m[1mScanning dependencies of target roscpp_generate_messages_eus[0m
[35m[1mScanning dependencies of target std_msgs_generate_messages_py[0m
[  0%] Built target tf2_msgs_generate_messages_py
[35m[1mScanning dependencies of target visualization_msgs_generate_messages_eus[0m
[35m[1mScanning dependencies of target pcl_msgs_generate_messages_cpp[0m
[35m[1mScanning dependencies of target tf2_msgs_generate_messages_eus[0m
[  0%] Built target geometry_msgs_generate_messages_nodejs
[35m[1mScanning dependencies of target rosgraph_msgs_generate_messages_cpp[0m
[35m[1mScanning dependencies of target sensor_msgs_generate_messages_cpp[0m
[35m[1mScanning dependencies of target nav_msgs_generate_messages_nodejs[0m
[35m[1mScanning dependencies of target actionlib_msgs_generate_messages_cpp[0m
[  0%] Built target nav_msgs_generate_messages_cpp
[35m[1mScanning dependencies of target sensor_msgs_generate_messages_lisp[0m
[35m[1mScanning dependencies of target actionlib_generate_messages_eus[0m
[35m[1mScanning dependencies of target nodelet_topic_tools_gencfg[0m
[35m[1mScanning dependencies of target visualization_msgs_generate_messages_cpp[0m
[35m[1mScanning dependencies of target actionlib_generate_messages_cpp[0m
[35m[1mScanning dependencies of target roscpp_generate_messages_py[0m
[35m[1mScanning dependencies of target rosgraph_msgs_generate_messages_nodejs[0m
[  0%] Built target sensor_msgs_generate_messages_py
[35m[1mScanning dependencies of target sensor_msgs_generate_messages_eus[0m
[35m[1mScanning dependencies of target actionlib_msgs_generate_messages_py[0m
[35m[1mScanning dependencies of target actionlib_generate_messages_nodejs[0m
[  0%] Built target std_msgs_generate_messages_py
[  0%] Built target tf2_msgs_generate_messages_eus
[  0%] Built target roscpp_generate_messages_eus
[  0%] Built target nav_msgs_generate_messages_nodejs
[  0%] Built target actionlib_generate_messages_eus
[  0%] Built target actionlib_msgs_generate_messages_cpp
[  0%] Built target rosgraph_msgs_generate_messages_cpp
[  0%] Built target visualization_msgs_generate_messages_eus
[  0%] Built target actionlib_generate_messages_cpp
[  0%] Built target visualization_msgs_generate_messages_cpp
[  0%] Built target nodelet_topic_tools_gencfg
[  0%] Built target actionlib_generate_messages_nodejs
[35m[1mScanning dependencies of target actionlib_generate_messages_py[0m
[  0%] Built target roscpp_generate_messages_py
[  0%] Built target rosgraph_msgs_generate_messages_nodejs
[  0%] Built target actionlib_msgs_generate_messages_py
[  0%] Built target sensor_msgs_generate_messages_eus
[35m[1mScanning dependencies of target tf_generate_messages_py[0m
[35m[1mScanning dependencies of target std_msgs_generate_messages_eus[0m
[  0%] Built target pcl_msgs_generate_messages_cpp
[  0%] Built target sensor_msgs_generate_messages_cpp
[  0%] Built target sensor_msgs_generate_messages_lisp
[35m[1mScanning dependencies of target actionlib_msgs_generate_messages_lisp[0m
[35m[1mScanning dependencies of target tf2_msgs_generate_messages_lisp[0m
[35m[1mScanning dependencies of target actionlib_msgs_generate_messages_nodejs[0m
[35m[1mScanning dependencies of target tf2_msgs_generate_messages_nodejs[0m
[35m[1mScanning dependencies of target visualization_msgs_generate_messages_nodejs[0m
[35m[1mScanning dependencies of target topic_tools_generate_messages_cpp[0m
[35m[1mScanning dependencies of target nav_msgs_generate_messages_py[0m
[35m[1mScanning dependencies of target tf_generate_messages_lisp[0m
[  0%] Built target actionlib_generate_messages_py
[  0%] Built target std_msgs_generate_messages_eus
[35m[1mScanning dependencies of target visualization_msgs_generate_messages_py[0m
[  0%] Built target tf_generate_messages_py
[35m[1mScanning dependencies of target rviz_generate_messages_eus[0m
[35m[1mScanning dependencies of target tf_generate_messages_nodejs[0m
[  0%] Built target actionlib_msgs_generate_messages_lisp
[  0%] Built target tf2_msgs_generate_messages_lisp
[  0%] Built target visualization_msgs_generate_messages_nodejs
[  0%] Built target tf2_msgs_generate_messages_nodejs
[  0%] Built target actionlib_msgs_generate_messages_nodejs
[  0%] Built target topic_tools_generate_messages_cpp
[  0%] Built target tf_generate_messages_lisp
[  0%] Built target nav_msgs_generate_messages_py
[  0%] Built target visualization_msgs_generate_messages_py
[  0%] Built target tf_generate_messages_nodejs
[  0%] Built target rviz_generate_messages_eus
[35m[1mScanning dependencies of target voxblox_ros[0m
[ 10%] [32mBuilding CXX object CMakeFiles/voxblox_ros.dir/src/interactive_slider.cc.o[0m
[ 10%] [32mBuilding CXX object CMakeFiles/voxblox_ros.dir/src/esdf_server.cc.o[0m
[ 15%] [32mBuilding CXX object CMakeFiles/voxblox_ros.dir/src/intensity_server.cc.o[0m
[ 21%] [32mBuilding CXX object CMakeFiles/voxblox_ros.dir/src/simulation_server.cc.o[0m
[ 26%] [32mBuilding CXX object CMakeFiles/voxblox_ros.dir/src/transformer.cc.o[0m
[ 31%] [32mBuilding CXX object CMakeFiles/voxblox_ros.dir/src/tsdf_server.cc.o[0m
In file included from [01m[K/home/super/uestc-gbplanner/src/misc/minkindr/minkindr/include/kindr/minimal/quat-transformation.h:200[m[K,
                 from [01m[K/home/super/uestc-gbplanner/src/mapping/voxblox/voxblox/include/voxblox/core/common.h:16[m[K,
                 from [01m[K/home/super/uestc-gbplanner/src/mapping/voxblox/voxblox_ros/include/voxblox_ros/transformer.h:8[m[K,
                 from [01m[K/home/super/uestc-gbplanner/src/mapping/voxblox/voxblox_ros/src/transformer.cc:1[m[K:
/home/super/uestc-gbplanner/src/misc/minkindr/minkindr/include/kindr/minimal/implementation/quat-transformation-inl.h: In instantiation of ‘[01m[Kkindr::minimal::QuatTransformationTemplate<Scalar>::QuatTransformationTemplate(const kindr::minimal::RotationQuaternionTemplate<Scalar>&, const Position&) [with Scalar = float; kindr::minimal::QuatTransformationTemplate<Scalar>::Position = Eigen::Matrix<float, 3, 1>][m[K’:
[01m[K/home/super/uestc-gbplanner/src/misc/minkindr_ros/minkindr_conversions/include/minkindr_conversions/kindr_xml.h:51:28:[m[K   required from ‘[01m[Kvoid kindr::minimal::xmlRpcToKindr(XmlRpc::XmlRpcValue&, kindr::minimal::QuatTransformationTemplate<Scalar>*) [with Scalar = float][m[K’
[01m[K/home/super/uestc-gbplanner/src/mapping/voxblox/voxblox_ros/src/transformer.cc:44:55:[m[K   required from here
[01m[K/home/super/uestc-gbplanner/src/misc/minkindr/minkindr/include/kindr/minimal/implementation/quat-transformation-inl.h:41:21:[m[K [01;35m[Kwarning: [m[Kimplicitly-declared ‘[01m[Kkindr::minimal::RotationQuaternionTemplate<float>::RotationQuaternionTemplate(const kindr::minimal::RotationQuaternionTemplate<float>&)[m[K’ is deprecated [[01;35m[K-Wdeprecated-copy[m[K]
   41 |     A_t_A_B_(A_t_A_B[01;35m[K)[m[K {
      |                     [01;35m[K^[m[K
In file included from [01m[K/home/super/uestc-gbplanner/src/misc/minkindr/minkindr/include/kindr/minimal/rotation-quaternion.h:235[m[K,
                 from [01m[K/home/super/uestc-gbplanner/src/misc/minkindr/minkindr/include/kindr/minimal/quat-transformation.h:28[m[K,
                 from [01m[K/home/super/uestc-gbplanner/src/mapping/voxblox/voxblox/include/voxblox/core/common.h:16[m[K,
                 from [01m[K/home/super/uestc-gbplanner/src/mapping/voxblox/voxblox_ros/include/voxblox_ros/transformer.h:8[m[K,
                 from [01m[K/home/super/uestc-gbplanner/src/mapping/voxblox/voxblox_ros/src/transformer.cc:1[m[K:
[01m[K/home/super/uestc-gbplanner/src/misc/minkindr/minkindr/include/kindr/minimal/implementation/rotation-quaternion-inl.h:184:1:[m[K [01;36m[Knote: [m[Kbecause ‘[01m[Kkindr::minimal::RotationQuaternionTemplate<float>[m[K’ has user-provided ‘[01m[Kkindr::minimal::RotationQuaternionTemplate<Scalar>& kindr::minimal::RotationQuaternionTemplate<Scalar>::operator=(const kindr::minimal::RotationQuaternionTemplate<Scalar>&) [with Scalar = float][m[K’
  184 | [01;36m[KRotationQuaternionTemplate<Scalar>[m[K::operator=(
      | [01;36m[K^~~~~~~~~~~~~~~~~~~~~~~~~~~~~~~~~~[m[K
In file included from [01m[K/home/super/uestc-gbplanner/src/misc/minkindr/minkindr/include/kindr/minimal/quat-transformation.h:200[m[K,
                 from [01m[K/home/super/uestc-gbplanner/src/mapping/voxblox/voxblox/include/voxblox/core/common.h:16[m[K,
                 from [01m[K/home/super/uestc-gbplanner/src/mapping/voxblox/voxblox/include/voxblox/core/esdf_map.h:9[m[K,
                 from [01m[K/home/super/uestc-gbplanner/src/mapping/voxblox/voxblox_ros/include/voxblox_ros/simulation_server.h:8[m[K,
                 from [01m[K/home/super/uestc-gbplanner/src/mapping/voxblox/voxblox_ros/src/simulation_server.cc:1[m[K:
/home/super/uestc-gbplanner/src/misc/minkindr/minkindr/include/kindr/minimal/implementation/quat-transformation-inl.h: In instantiation of ‘[01m[Kkindr::minimal::QuatTransformationTemplate<Scalar>::QuatTransformationTemplate(const kindr::minimal::RotationQuaternionTemplate<Scalar>&, const Position&) [with Scalar = float; kindr::minimal::QuatTransformationTemplate<Scalar>::Position = Eigen::Matrix<float, 3, 1>][m[K’:
[01m[K/home/super/uestc-gbplanner/src/misc/minkindr/minkindr/include/kindr/minimal/implementation/quat-transformation-inl.h:211:10:[m[K   required from ‘[01m[Kkindr::minimal::QuatTransformationTemplate<Scalar> kindr::minimal::QuatTransformationTemplate<Scalar>::inverse() const [with Scalar = float][m[K’
[01m[K/home/super/uestc-gbplanner/src/mapping/voxblox/voxblox_ros/src/simulation_server.cc:230:39:[m[K   required from here
[01m[K/home/super/uestc-gbplanner/src/misc/minkindr/minkindr/include/kindr/minimal/implementation/quat-transformation-inl.h:41:21:[m[K [01;35m[Kwarning: [m[Kimplicitly-declared ‘[01m[Kkindr::minimal::RotationQuaternionTemplate<float>::RotationQuaternionTemplate(const kindr::minimal::RotationQuaternionTemplate<float>&)[m[K’ is deprecated [[01;35m[K-Wdeprecated-copy[m[K]
   41 |     A_t_A_B_(A_t_A_B[01;35m[K)[m[K {
      |                     [01;35m[K^[m[K
In file included from [01m[K/home/super/uestc-gbplanner/src/misc/minkindr/minkindr/include/kindr/minimal/rotation-quaternion.h:235[m[K,
                 from [01m[K/home/super/uestc-gbplanner/src/misc/minkindr/minkindr/include/kindr/minimal/quat-transformation.h:28[m[K,
                 from [01m[K/home/super/uestc-gbplanner/src/mapping/voxblox/voxblox/include/voxblox/core/common.h:16[m[K,
                 from [01m[K/home/super/uestc-gbplanner/src/mapping/voxblox/voxblox/include/voxblox/core/esdf_map.h:9[m[K,
                 from [01m[K/home/super/uestc-gbplanner/src/mapping/voxblox/voxblox_ros/include/voxblox_ros/simulation_server.h:8[m[K,
                 from [01m[K/home/super/uestc-gbplanner/src/mapping/voxblox/voxblox_ros/src/simulation_server.cc:1[m[K:
[01m[K/home/super/uestc-gbplanner/src/misc/minkindr/minkindr/include/kindr/minimal/implementation/rotation-quaternion-inl.h:184:1:[m[K [01;36m[Knote: [m[Kbecause ‘[01m[Kkindr::minimal::RotationQuaternionTemplate<float>[m[K’ has user-provided ‘[01m[Kkindr::minimal::RotationQuaternionTemplate<Scalar>& kindr::minimal::RotationQuaternionTemplate<Scalar>::operator=(const kindr::minimal::RotationQuaternionTemplate<Scalar>&) [with Scalar = float][m[K’
  184 | [01;36m[KRotationQuaternionTemplate<Scalar>[m[K::operator=(
      | [01;36m[K^~~~~~~~~~~~~~~~~~~~~~~~~~~~~~~~~~[m[K
In file included from [01m[K/home/super/uestc-gbplanner/src/mapping/voxblox/voxblox/include/voxblox/core/common.h:16[m[K,
                 from [01m[K/home/super/uestc-gbplanner/src/mapping/voxblox/voxblox/include/voxblox/core/block_hash.h:11[m[K,
                 from [01m[K/home/super/uestc-gbplanner/src/mapping/voxblox/voxblox/include/voxblox/alignment/icp.h:47[m[K,
                 from [01m[K/home/super/uestc-gbplanner/src/mapping/voxblox/voxblox_ros/include/voxblox_ros/tsdf_server.h:18[m[K,
                 from [01m[K/home/super/uestc-gbplanner/src/mapping/voxblox/voxblox_ros/src/tsdf_server.cc:1[m[K:
[01m[K/home/super/uestc-gbplanner/src/misc/minkindr/minkindr/include/kindr/minimal/quat-transformation.h:[m[K In copy constructor ‘[01m[Kkindr::minimal::QuatTransformationTemplate<float>::QuatTransformationTemplate(const kindr::minimal::QuatTransformationTemplate<float>&)[m[K’:
[01m[K/home/super/uestc-gbplanner/src/misc/minkindr/minkindr/include/kindr/minimal/quat-transformation.h:47:7:[m[K [01;35m[Kwarning: [m[Kimplicitly-declared ‘[01m[Kkindr::minimal::RotationQuaternionTemplate<float>::RotationQuaternionTemplate(const kindr::minimal::RotationQuaternionTemplate<float>&)[m[K’ is deprecated [[01;35m[K-Wdeprecated-copy[m[K]
   47 | class [01;35m[KQuatTransformationTemplate[m[K {
      |       [01;35m[K^~~~~~~~~~~~~~~~~~~~~~~~~~[m[K
In file included from [01m[K/home/super/uestc-gbplanner/src/misc/minkindr/minkindr/include/kindr/minimal/rotation-quaternion.h:235[m[K,
                 from [01m[K/home/super/uestc-gbplanner/src/misc/minkindr/minkindr/include/kindr/minimal/quat-transformation.h:28[m[K,
                 from [01m[K/home/super/uestc-gbplanner/src/mapping/voxblox/voxblox/include/voxblox/core/common.h:16[m[K,
                 from [01m[K/home/super/uestc-gbplanner/src/mapping/voxblox/voxblox/include/voxblox/core/block_hash.h:11[m[K,
                 from [01m[K/home/super/uestc-gbplanner/src/mapping/voxblox/voxblox/include/voxblox/alignment/icp.h:47[m[K,
                 from [01m[K/home/super/uestc-gbplanner/src/mapping/voxblox/voxblox_ros/include/voxblox_ros/tsdf_server.h:18[m[K,
                 from [01m[K/home/super/uestc-gbplanner/src/mapping/voxblox/voxblox_ros/src/tsdf_server.cc:1[m[K:
[01m[K/home/super/uestc-gbplanner/src/misc/minkindr/minkindr/include/kindr/minimal/implementation/rotation-quaternion-inl.h:184:1:[m[K [01;36m[Knote: [m[Kbecause ‘[01m[Kkindr::minimal::RotationQuaternionTemplate<float>[m[K’ has user-provided ‘[01m[Kkindr::minimal::RotationQuaternionTemplate<Scalar>& kindr::minimal::RotationQuaternionTemplate<Scalar>::operator=(const kindr::minimal::RotationQuaternionTemplate<Scalar>&) [with Scalar = float][m[K’
  184 | [01;36m[KRotationQuaternionTemplate<Scalar>[m[K::operator=(
      | [01;36m[K^~~~~~~~~~~~~~~~~~~~~~~~~~~~~~~~~~[m[K
[01m[K/home/super/uestc-gbplanner/src/mapping/voxblox/voxblox_ros/src/tsdf_server.cc:[m[K In member function ‘[01m[Kvirtual void voxblox::TsdfServer::processPointCloudMessageAndInsert(const Ptr&, const Transformation&, bool)[m[K’:
[01m[K/home/super/uestc-gbplanner/src/mapping/voxblox/voxblox_ros/src/tsdf_server.cc:258:34:[m[K [01;36m[Knote: [m[Ksynthesized method ‘[01m[Kkindr::minimal::QuatTransformationTemplate<float>::QuatTransformationTemplate(const kindr::minimal::QuatTransformationTemplate<float>&)[m[K’ first required here
  258 |   Transformation T_G_C_refined = [01;36m[KT_G_C[m[K;
      |                                  [01;36m[K^~~~~[m[K
In file included from [01m[K/home/super/uestc-gbplanner/src/misc/minkindr/minkindr/include/kindr/minimal/quat-transformation.h:200[m[K,
                 from [01m[K/home/super/uestc-gbplanner/src/mapping/voxblox/voxblox/include/voxblox/core/common.h:16[m[K,
                 from [01m[K/home/super/uestc-gbplanner/src/mapping/voxblox/voxblox/include/voxblox/core/block_hash.h:11[m[K,
                 from [01m[K/home/super/uestc-gbplanner/src/mapping/voxblox/voxblox/include/voxblox/alignment/icp.h:47[m[K,
                 from [01m[K/home/super/uestc-gbplanner/src/mapping/voxblox/voxblox_ros/include/voxblox_ros/tsdf_server.h:18[m[K,
                 from [01m[K/home/super/uestc-gbplanner/src/mapping/voxblox/voxblox_ros/src/tsdf_server.cc:1[m[K:
/home/super/uestc-gbplanner/src/misc/minkindr/minkindr/include/kindr/minimal/implementation/quat-transformation-inl.h: In instantiation of ‘[01m[Kkindr::minimal::QuatTransformationTemplate<Scalar>::QuatTransformationTemplate(const kindr::minimal::RotationQuaternionTemplate<Scalar>&, const Position&) [with Scalar = float; kindr::minimal::QuatTransformationTemplate<Scalar>::Position = Eigen::Matrix<float, 3, 1>][m[K’:
[01m[K/home/super/uestc-gbplanner/src/misc/minkindr/minkindr/include/kindr/minimal/implementation/quat-transformation-inl.h:153:10:[m[K   required from ‘[01m[Kkindr::minimal::QuatTransformationTemplate<Scalar> kindr::minimal::QuatTransformationTemplate<Scalar>::operator*(const kindr::minimal::QuatTransformationTemplate<Scalar>&) const [with Scalar = float][m[K’
[01m[K/home/super/uestc-gbplanner/src/mapping/voxblox/voxblox_ros/src/tsdf_server.cc:267:49:[m[K   required from here
[01m[K/home/super/uestc-gbplanner/src/misc/minkindr/minkindr/include/kindr/minimal/implementation/quat-transformation-inl.h:41:21:[m[K [01;35m[Kwarning: [m[Kimplicitly-declared ‘[01m[Kkindr::minimal::RotationQuaternionTemplate<float>::RotationQuaternionTemplate(const kindr::minimal::RotationQuaternionTemplate<float>&)[m[K’ is deprecated [[01;35m[K-Wdeprecated-copy[m[K]
   41 |     A_t_A_B_(A_t_A_B[01;35m[K)[m[K {
      |                     [01;35m[K^[m[K
In file included from [01m[K/home/super/uestc-gbplanner/src/misc/minkindr/minkindr/include/kindr/minimal/rotation-quaternion.h:235[m[K,
                 from [01m[K/home/super/uestc-gbplanner/src/misc/minkindr/minkindr/include/kindr/minimal/quat-transformation.h:28[m[K,
                 from [01m[K/home/super/uestc-gbplanner/src/mapping/voxblox/voxblox/include/voxblox/core/common.h:16[m[K,
                 from [01m[K/home/super/uestc-gbplanner/src/mapping/voxblox/voxblox/include/voxblox/core/block_hash.h:11[m[K,
                 from [01m[K/home/super/uestc-gbplanner/src/mapping/voxblox/voxblox/include/voxblox/alignment/icp.h:47[m[K,
                 from [01m[K/home/super/uestc-gbplanner/src/mapping/voxblox/voxblox_ros/include/voxblox_ros/tsdf_server.h:18[m[K,
                 from [01m[K/home/super/uestc-gbplanner/src/mapping/voxblox/voxblox_ros/src/tsdf_server.cc:1[m[K:
[01m[K/home/super/uestc-gbplanner/src/misc/minkindr/minkindr/include/kindr/minimal/implementation/rotation-quaternion-inl.h:184:1:[m[K [01;36m[Knote: [m[Kbecause ‘[01m[Kkindr::minimal::RotationQuaternionTemplate<float>[m[K’ has user-provided ‘[01m[Kkindr::minimal::RotationQuaternionTemplate<Scalar>& kindr::minimal::RotationQuaternionTemplate<Scalar>::operator=(const kindr::minimal::RotationQuaternionTemplate<Scalar>&) [with Scalar = float][m[K’
  184 | [01;36m[KRotationQuaternionTemplate<Scalar>[m[K::operator=(
      | [01;36m[K^~~~~~~~~~~~~~~~~~~~~~~~~~~~~~~~~~[m[K
In file included from [01m[K/home/super/uestc-gbplanner/src/misc/minkindr/minkindr/include/kindr/minimal/quat-transformation.h:200[m[K,
                 from [01m[K/home/super/uestc-gbplanner/src/mapping/voxblox/voxblox/include/voxblox/core/common.h:16[m[K,
                 from [01m[K/home/super/uestc-gbplanner/src/mapping/voxblox/voxblox/include/voxblox/core/block_hash.h:11[m[K,
                 from [01m[K/home/super/uestc-gbplanner/src/mapping/voxblox/voxblox/include/voxblox/alignment/icp.h:47[m[K,
                 from [01m[K/home/super/uestc-gbplanner/src/mapping/voxblox/voxblox_ros/include/voxblox_ros/tsdf_server.h:18[m[K,
                 from [01m[K/home/super/uestc-gbplanner/src/mapping/voxblox/voxblox_ros/src/tsdf_server.cc:1[m[K:
/home/super/uestc-gbplanner/src/misc/minkindr/minkindr/include/kindr/minimal/implementation/quat-transformation-inl.h: In instantiation of ‘[01m[Kkindr::minimal::QuatTransformationTemplate<Scalar>::QuatTransformationTemplate(const kindr::minimal::RotationQuaternionTemplate<Scalar>&, const Position&) [with Scalar = double; kindr::minimal::QuatTransformationTemplate<Scalar>::Position = Eigen::Matrix<double, 3, 1>][m[K’:
[01m[K/home/super/uestc-gbplanner/src/misc/minkindr/minkindr/include/kindr/minimal/implementation/quat-transformation-inl.h:290:10:[m[K   required from ‘[01m[Kkindr::minimal::QuatTransformationTemplate<ScalarAfterCast> kindr::minimal::QuatTransformationTemplate<Scalar>::cast() const [with ScalarAfterCast = double; Scalar = float][m[K’
[01m[K/home/super/uestc-gbplanner/src/mapping/voxblox/voxblox_ros/src/tsdf_server.cc:287:66:[m[K   required from here
[01m[K/home/super/uestc-gbplanner/src/misc/minkindr/minkindr/include/kindr/minimal/implementation/quat-transformation-inl.h:41:21:[m[K [01;35m[Kwarning: [m[Kimplicitly-declared ‘[01m[Kkindr::minimal::RotationQuaternionTemplate<double>::RotationQuaternionTemplate(const kindr::minimal::RotationQuaternionTemplate<double>&)[m[K’ is deprecated [[01;35m[K-Wdeprecated-copy[m[K]
   41 |     A_t_A_B_(A_t_A_B[01;35m[K)[m[K {
      |                     [01;35m[K^[m[K
In file included from [01m[K/home/super/uestc-gbplanner/src/misc/minkindr/minkindr/include/kindr/minimal/rotation-quaternion.h:235[m[K,
                 from [01m[K/home/super/uestc-gbplanner/src/misc/minkindr/minkindr/include/kindr/minimal/quat-transformation.h:28[m[K,
                 from [01m[K/home/super/uestc-gbplanner/src/mapping/voxblox/voxblox/include/voxblox/core/common.h:16[m[K,
                 from [01m[K/home/super/uestc-gbplanner/src/mapping/voxblox/voxblox/include/voxblox/core/block_hash.h:11[m[K,
                 from [01m[K/home/super/uestc-gbplanner/src/mapping/voxblox/voxblox/include/voxblox/alignment/icp.h:47[m[K,
                 from [01m[K/home/super/uestc-gbplanner/src/mapping/voxblox/voxblox_ros/include/voxblox_ros/tsdf_server.h:18[m[K,
                 from [01m[K/home/super/uestc-gbplanner/src/mapping/voxblox/voxblox_ros/src/tsdf_server.cc:1[m[K:
[01m[K/home/super/uestc-gbplanner/src/misc/minkindr/minkindr/include/kindr/minimal/implementation/rotation-quaternion-inl.h:184:1:[m[K [01;36m[Knote: [m[Kbecause ‘[01m[Kkindr::minimal::RotationQuaternionTemplate<double>[m[K’ has user-provided ‘[01m[Kkindr::minimal::RotationQuaternionTemplate<Scalar>& kindr::minimal::RotationQuaternionTemplate<Scalar>::operator=(const kindr::minimal::RotationQuaternionTemplate<Scalar>&) [with Scalar = double][m[K’
  184 | [01;36m[KRotationQuaternionTemplate<Scalar>[m[K::operator=(
      | [01;36m[K^~~~~~~~~~~~~~~~~~~~~~~~~~~~~~~~~~[m[K
[ 36%] [32m[1mLinking CXX shared library /home/super/uestc-gbplanner/devel/.private/voxblox_ros/lib/libvoxblox_ros.so[0m
[ 36%] Built target voxblox_ros
[35m[1mScanning dependencies of target tsdf_server[0m
[35m[1mScanning dependencies of target simulation_eval[0m
[35m[1mScanning dependencies of target intensity_server[0m
[35m[1mScanning dependencies of target esdf_server[0m
[35m[1mScanning dependencies of target voxblox_eval[0m
[35m[1mScanning dependencies of target visualize_tsdf[0m
[ 42%] [32mBuilding CXX object CMakeFiles/tsdf_server.dir/src/tsdf_server_node.cc.o[0m
[ 47%] [32mBuilding CXX object CMakeFiles/simulation_eval.dir/src/simulation_eval.cc.o[0m
[ 52%] [32mBuilding CXX object CMakeFiles/esdf_server.dir/src/esdf_server_node.cc.o[0m
[ 57%] [32mBuilding CXX object CMakeFiles/visualize_tsdf.dir/src/visualize_tsdf.cc.o[0m
[ 63%] [32mBuilding CXX object CMakeFiles/intensity_server.dir/src/intensity_server_node.cc.o[0m
[ 68%] [32mBuilding CXX object CMakeFiles/voxblox_eval.dir/src/voxblox_eval.cc.o[0m
In file included from [01m[K/home/super/uestc-gbplanner/src/misc/minkindr/minkindr/include/kindr/minimal/quat-transformation.h:200[m[K,
                 from [01m[K/home/super/uestc-gbplanner/src/misc/minkindr_ros/minkindr_conversions/include/minkindr_conversions/kindr_msg.h:10[m[K,
                 from [01m[K/home/super/uestc-gbplanner/src/mapping/voxblox/voxblox_ros/src/voxblox_eval.cc:1[m[K:
/home/super/uestc-gbplanner/src/misc/minkindr/minkindr/include/kindr/minimal/implementation/quat-transformation-inl.h: In instantiation of ‘[01m[Kkindr::minimal::QuatTransformationTemplate<Scalar>::QuatTransformationTemplate(const kindr::minimal::RotationQuaternionTemplate<Scalar>&, const Position&) [with Scalar = float; kindr::minimal::QuatTransformationTemplate<Scalar>::Position = Eigen::Matrix<float, 3, 1>][m[K’:
[01m[K/home/super/uestc-gbplanner/src/misc/minkindr_ros/minkindr_conversions/include/minkindr_conversions/kindr_xml.h:51:28:[m[K   required from ‘[01m[Kvoid kindr::minimal::xmlRpcToKindr(XmlRpc::XmlRpcValue&, kindr::minimal::QuatTransformationTemplate<Scalar>*) [with Scalar = float][m[K’
[01m[K/home/super/uestc-gbplanner/src/mapping/voxblox/voxblox_ros/src/voxblox_eval.cc:93:53:[m[K   required from here
[01m[K/home/super/uestc-gbplanner/src/misc/minkindr/minkindr/include/kindr/minimal/implementation/quat-transformation-inl.h:41:21:[m[K [01;35m[Kwarning: [m[Kimplicitly-declared ‘[01m[Kkindr::minimal::RotationQuaternionTemplate<float>::RotationQuaternionTemplate(const kindr::minimal::RotationQuaternionTemplate<float>&)[m[K’ is deprecated [[01;35m[K-Wdeprecated-copy[m[K]
   41 |     A_t_A_B_(A_t_A_B[01;35m[K)[m[K {
      |                     [01;35m[K^[m[K
In file included from [01m[K/home/super/uestc-gbplanner/src/misc/minkindr/minkindr/include/kindr/minimal/rotation-quaternion.h:235[m[K,
                 from [01m[K/home/super/uestc-gbplanner/src/misc/minkindr/minkindr/include/kindr/minimal/quat-transformation.h:28[m[K,
                 from [01m[K/home/super/uestc-gbplanner/src/misc/minkindr_ros/minkindr_conversions/include/minkindr_conversions/kindr_msg.h:10[m[K,
                 from [01m[K/home/super/uestc-gbplanner/src/mapping/voxblox/voxblox_ros/src/voxblox_eval.cc:1[m[K:
[01m[K/home/super/uestc-gbplanner/src/misc/minkindr/minkindr/include/kindr/minimal/implementation/rotation-quaternion-inl.h:184:1:[m[K [01;36m[Knote: [m[Kbecause ‘[01m[Kkindr::minimal::RotationQuaternionTemplate<float>[m[K’ has user-provided ‘[01m[Kkindr::minimal::RotationQuaternionTemplate<Scalar>& kindr::minimal::RotationQuaternionTemplate<Scalar>::operator=(const kindr::minimal::RotationQuaternionTemplate<Scalar>&) [with Scalar = float][m[K’
  184 | [01;36m[KRotationQuaternionTemplate<Scalar>[m[K::operator=(
      | [01;36m[K^~~~~~~~~~~~~~~~~~~~~~~~~~~~~~~~~~[m[K
[ 73%] [32m[1mLinking CXX executable /home/super/uestc-gbplanner/devel/.private/voxblox_ros/lib/voxblox_ros/tsdf_server[0m
[ 78%] [32m[1mLinking CXX executable /home/super/uestc-gbplanner/devel/.private/voxblox_ros/lib/voxblox_ros/esdf_server[0m
[ 84%] [32m[1mLinking CXX executable /home/super/uestc-gbplanner/devel/.private/voxblox_ros/lib/voxblox_ros/intensity_server[0m
[ 84%] Built target tsdf_server
[ 84%] Built target esdf_server
[ 84%] Built target intensity_server
[ 89%] [32m[1mLinking CXX executable /home/super/uestc-gbplanner/devel/.private/voxblox_ros/lib/voxblox_ros/voxblox_eval[0m
[ 89%] Built target voxblox_eval
[ 94%] [32m[1mLinking CXX executable /home/super/uestc-gbplanner/devel/.private/voxblox_ros/lib/voxblox_ros/simulation_eval[0m
[ 94%] Built target simulation_eval
[100%] [32m[1mLinking CXX executable /home/super/uestc-gbplanner/devel/.private/voxblox_ros/lib/voxblox_ros/visualize_tsdf[0m
[100%] Built target visualize_tsdf
